--> out-0
'SELECT duration: duration
1
2
""
3
3
2
3
3
2
1
3
2
2
3
1
2
1
1
1
2
2
2
3
2
1
3
2
2
2
3
3
3
2
2
3
2
1
1
3
2
1
2
2
2
2
2
2
2
2
2
2
3
3
3
3
3
3

'SELECT duration as dur: dur
1
2
""
3
3
2
3
3
2
1
3
2
2
3
1
2
1
1
1
2
2
2
3
2
1
3
2
2
2
3
3
3
2
2
3
2
1
1
3
2
1
2
2
2
2
2
2
2
2
2
2
3
3
3
3
3
3

'SELECT duration,class ORDER by class: duration,class
2,bad
1,bad
1,bad
2,bad
3,bad
3,bad
3,bad
2,bad
2,bad
3,bad
2,bad
1,bad
1,bad
3,bad
1,bad
2,bad
2,bad
2,bad
2,bad
2,bad
1,good
2,good
"",good
3,good
3,good
2,good
3,good
3,good
2,good
1,good
3,good
2,good
3,good
1,good
2,good
1,good
2,good
2,good
3,good
2,good
1,good
2,good
2,good
2,good
3,good
2,good
2,good
2,good
2,good
2,good
2,good
3,good
3,good
3,good
3,good
3,good
3,good

'SELECT duration,wage-increase-first-year,wage-increase-second-year,wage-increase-third-year,cost-of-living-adjustment WHERE (duration >= 2): duration,wage-increase-first-year,wage-increase-second-year,wage-increase-third-year,cost-of-living-adjustment
2,4.5,5.8,"",""
3,3.7,4,5,tc
3,4.5,4.5,5,""
2,2,2.5,"",""
3,4,5,5,tc
3,6.9,4.8,2.3,""
2,3,7,"",""
3,3.5,4,4.6,none
2,6.4,6.4,"",""
2,3.5,4,"",none
3,3.5,4,5.1,tcf
2,4.5,4,"",none
2,4,5,"",tcf
2,4.3,4.4,"",""
2,2.5,3,"",""
3,3.5,4,4.6,tcf
2,4.5,4,"",""
3,2,2,2,none
2,4.5,4.5,"",tcf
2,3,3,"",none
2,5,4,"",none
3,2,2.5,"",""
3,4.5,4.5,5,none
3,3,2,2.5,tc
2,2.5,2.5,"",""
2,4,5,"",none
3,2,2.5,2.1,tc
2,2,2,"",none
3,2,2.5,2,""
2,4.5,4,"",none
2,2,3,"",none
2,2.5,2.5,"",tc
2,2.5,3,"",tcf
2,4,4,"",none
2,4.5,4,"",""
2,4.5,4,"",none
2,4.6,4.6,"",tcf
2,5,4.5,"",none
2,5.7,4.5,"",none
2,7,5.3,"",""
3,2,3,"",tcf
3,3.5,4,4.5,tcf
3,4,3.5,"",none
3,5,4.4,"",none
3,5,5,5,""
3,6,6,4,""

'SELECT duration as dur,working-hours,bereavement-assistance,wage-increase-first-year as wfy,wage-increase-second-year,wage-increase-third-year,cost-of-living-adjustment WHERE ((duration >= 2) or (working-hours < 40) or (working-hours < 38)) and not (bereavement-assistance regexp "^yes$") ORDER by class: dur,working-hours,bereavement-assistance,wfy,wage-increase-second-year,wage-increase-third-year,cost-of-living-adjustment
1,40,"",2.1,"","",tc
3,35,yes,2,2.5,"",""
2,38,"",2.5,2.5,"",""
1,40,no,2,"","",tc
1,38,"",2.8,"","",none
1,"",no,4,"","",none
2,39,yes,2.5,2.5,"",tc
2,40,"",4,4,"",none
2,40,"",4.5,4,"",""
1,40,yes,5,"","",""
2,35,"",4.5,5.8,"",""
"",38,yes,"","","",""
3,"",yes,3.7,4,5,tc
3,40,yes,4.5,4.5,5,""
3,"",yes,4,5,5,tc
3,36,yes,3.5,4,4.6,none
3,37,yes,3.5,4,5.1,tcf
1,36,"",3,"","",none
2,38,"",4.3,4.4,"",""
3,40,"",4.5,4.5,5,none
2,40,yes,4.5,4,"",none
2,38,"",4.6,4.6,"",tcf
2,38,"",5,4.5,"",none
2,"","",7,5.3,"",""
3,40,"",4,3.5,"",none
3,38,"",5,4.4,"",none

'UPDATE SET duration = 3.5: duration,wage-increase-first-year,wage-increase-second-year,wage-increase-third-year,cost-of-living-adjustment,working-hours,pension,standby-pay,shift-differential,education-allowance,statutory-holidays,vacation,longterm-disability-assistance,contribution-to-dental-plan,bereavement-assistance,contribution-to-health-plan,class
3.5,5,"","","",40,"","",2,"",11,average,"","",yes,"",good
3.5,4.5,5.8,"","",35,ret_allw,"","",yes,11,below_average,"",full,"",full,good
3.5,"","","","",38,empl_contr,"",5,"",11,generous,yes,half,yes,half,good
3.5,3.7,4,5,tc,"","","","",yes,"","","","",yes,"",good
3.5,4.5,4.5,5,"",40,"","","","",12,average,"",half,yes,half,good
3.5,2,2.5,"","",35,"","",6,yes,12,average,"","","","",good
3.5,4,5,5,tc,"",empl_contr,"","","",12,generous,yes,none,yes,half,good
3.5,6.9,4.8,2.3,"",40,"","",3,"",12,below_average,"","","","",good
3.5,3,7,"","",38,"",12,25,yes,11,below_average,yes,half,yes,"",good
3.5,5.7,"","",none,40,empl_contr,"",4,"",11,generous,yes,full,"","",good
3.5,3.5,4,4.6,none,36,"","",3,"",13,generous,"","",yes,full,good
3.5,6.4,6.4,"","",38,"","",4,"",15,"","",full,"","",good
3.5,3.5,4,"",none,40,"","",2,no,10,below_average,no,half,"",half,bad
3.5,3.5,4,5.1,tcf,37,"","",4,"",13,generous,"",full,yes,full,good
3.5,3,"","",none,36,"","",10,no,11,generous,"","","","",good
3.5,4.5,4,"",none,37,empl_contr,"","","",11,average,"",full,yes,"",good
3.5,2.8,"","","",35,"","",2,"",12,below_average,"","","","",good
3.5,2.1,"","",tc,40,ret_allw,2,3,no,9,below_average,yes,half,"",none,bad
3.5,2,"","",none,38,none,"","",yes,11,average,no,none,no,none,bad
3.5,4,5,"",tcf,35,"",13,5,"",15,generous,"","","","",good
3.5,4.3,4.4,"","",38,"","",4,"",12,generous,"",full,"",full,good
3.5,2.5,3,"","",40,none,"","","",11,below_average,"","","","",bad
3.5,3.5,4,4.6,tcf,27,"","","","","","","","","","",good
3.5,4.5,4,"","",40,"","",4,"",10,generous,"",half,"",full,good
3.5,6,"","","",38,"",8,3,"",9,generous,"","","","",good
3.5,2,2,2,none,40,none,"","","",10,below_average,"",half,yes,full,bad
3.5,4.5,4.5,"",tcf,"","","","",yes,10,below_average,yes,none,"",half,good
3.5,3,3,"",none,33,"","","",yes,12,generous,"","",yes,full,good
3.5,5,4,"",none,37,"","",5,no,11,below_average,yes,full,yes,full,good
3.5,2,2.5,"","",35,none,"","","",10,average,"","",yes,full,bad
3.5,4.5,4.5,5,none,40,"","","",no,11,average,"",half,"","",good
3.5,3,2,2.5,tc,40,none,"",5,no,10,below_average,yes,half,yes,full,bad
3.5,2.5,2.5,"","",38,empl_contr,"","","",10,average,"","","","",bad
3.5,4,5,"",none,40,none,"",3,no,10,below_average,no,none,"",none,bad
3.5,2,2.5,2.1,tc,40,none,2,1,no,10,below_average,no,half,yes,full,bad
3.5,2,2,"",none,40,none,"","",no,11,average,yes,none,yes,full,bad
3.5,2,"","",tc,40,ret_allw,4,0,no,11,generous,no,none,no,none,bad
3.5,2.8,"","",none,38,empl_contr,2,3,no,9,below_average,yes,half,"",none,bad
3.5,2,2.5,2,"",37,empl_contr,"","","",10,average,"","",yes,none,bad
3.5,4.5,4,"",none,40,"","",4,"",12,average,yes,full,yes,half,good
3.5,4,"","",none,"",none,"","",yes,11,average,no,none,no,none,bad
3.5,2,3,"",none,38,empl_contr,"","",yes,12,generous,yes,none,yes,full,bad
3.5,2.5,2.5,"",tc,39,empl_contr,"","","",12,average,"","",yes,"",bad
3.5,2.5,3,"",tcf,40,none,"","","",11,below_average,"","",yes,"",bad
3.5,4,4,"",none,40,none,"",3,"",10,below_average,no,none,"",none,bad
3.5,4.5,4,"","",40,"","",2,no,10,below_average,no,half,"",half,bad
3.5,4.5,4,"",none,40,"","",5,"",11,average,"",full,yes,full,good
3.5,4.6,4.6,"",tcf,38,"","","","","","",yes,half,"",half,good
3.5,5,4.5,"",none,38,"",14,5,"",11,below_average,yes,"","",full,good
3.5,5.7,4.5,"",none,40,ret_allw,"","","",11,average,yes,full,yes,full,good
3.5,7,5.3,"","","","","","","",11,"",yes,full,"","",good
3.5,2,3,"",tcf,"",empl_contr,"","",yes,"","",yes,half,yes,"",good
3.5,3.5,4,4.5,tcf,35,"","","","",13,generous,"","",yes,full,good
3.5,4,3.5,"",none,40,empl_contr,"",6,"",11,average,yes,full,"",full,good
3.5,5,4.4,"",none,38,empl_contr,10,6,"",11,generous,yes,"","",full,good
3.5,5,5,5,"",40,"","","","",12,average,"",half,yes,half,good
3.5,6,6,4,"",35,"","",14,"",9,generous,yes,full,yes,full,good

'UPDATE SET duration = 3.5 WHERE (duration >= 2): duration,wage-increase-first-year,wage-increase-second-year,wage-increase-third-year,cost-of-living-adjustment,working-hours,pension,standby-pay,shift-differential,education-allowance,statutory-holidays,vacation,longterm-disability-assistance,contribution-to-dental-plan,bereavement-assistance,contribution-to-health-plan,class
1,5,"","","",40,"","",2,"",11,average,"","",yes,"",good
3.5,4.5,5.8,"","",35,ret_allw,"","",yes,11,below_average,"",full,"",full,good
"","","","","",38,empl_contr,"",5,"",11,generous,yes,half,yes,half,good
3.5,3.7,4,5,tc,"","","","",yes,"","","","",yes,"",good
3.5,4.5,4.5,5,"",40,"","","","",12,average,"",half,yes,half,good
3.5,2,2.5,"","",35,"","",6,yes,12,average,"","","","",good
3.5,4,5,5,tc,"",empl_contr,"","","",12,generous,yes,none,yes,half,good
3.5,6.9,4.8,2.3,"",40,"","",3,"",12,below_average,"","","","",good
3.5,3,7,"","",38,"",12,25,yes,11,below_average,yes,half,yes,"",good
1,5.7,"","",none,40,empl_contr,"",4,"",11,generous,yes,full,"","",good
3.5,3.5,4,4.6,none,36,"","",3,"",13,generous,"","",yes,full,good
3.5,6.4,6.4,"","",38,"","",4,"",15,"","",full,"","",good
3.5,3.5,4,"",none,40,"","",2,no,10,below_average,no,half,"",half,bad
3.5,3.5,4,5.1,tcf,37,"","",4,"",13,generous,"",full,yes,full,good
1,3,"","",none,36,"","",10,no,11,generous,"","","","",good
3.5,4.5,4,"",none,37,empl_contr,"","","",11,average,"",full,yes,"",good
1,2.8,"","","",35,"","",2,"",12,below_average,"","","","",good
1,2.1,"","",tc,40,ret_allw,2,3,no,9,below_average,yes,half,"",none,bad
1,2,"","",none,38,none,"","",yes,11,average,no,none,no,none,bad
3.5,4,5,"",tcf,35,"",13,5,"",15,generous,"","","","",good
3.5,4.3,4.4,"","",38,"","",4,"",12,generous,"",full,"",full,good
3.5,2.5,3,"","",40,none,"","","",11,below_average,"","","","",bad
3.5,3.5,4,4.6,tcf,27,"","","","","","","","","","",good
3.5,4.5,4,"","",40,"","",4,"",10,generous,"",half,"",full,good
1,6,"","","",38,"",8,3,"",9,generous,"","","","",good
3.5,2,2,2,none,40,none,"","","",10,below_average,"",half,yes,full,bad
3.5,4.5,4.5,"",tcf,"","","","",yes,10,below_average,yes,none,"",half,good
3.5,3,3,"",none,33,"","","",yes,12,generous,"","",yes,full,good
3.5,5,4,"",none,37,"","",5,no,11,below_average,yes,full,yes,full,good
3.5,2,2.5,"","",35,none,"","","",10,average,"","",yes,full,bad
3.5,4.5,4.5,5,none,40,"","","",no,11,average,"",half,"","",good
3.5,3,2,2.5,tc,40,none,"",5,no,10,below_average,yes,half,yes,full,bad
3.5,2.5,2.5,"","",38,empl_contr,"","","",10,average,"","","","",bad
3.5,4,5,"",none,40,none,"",3,no,10,below_average,no,none,"",none,bad
3.5,2,2.5,2.1,tc,40,none,2,1,no,10,below_average,no,half,yes,full,bad
3.5,2,2,"",none,40,none,"","",no,11,average,yes,none,yes,full,bad
1,2,"","",tc,40,ret_allw,4,0,no,11,generous,no,none,no,none,bad
1,2.8,"","",none,38,empl_contr,2,3,no,9,below_average,yes,half,"",none,bad
3.5,2,2.5,2,"",37,empl_contr,"","","",10,average,"","",yes,none,bad
3.5,4.5,4,"",none,40,"","",4,"",12,average,yes,full,yes,half,good
1,4,"","",none,"",none,"","",yes,11,average,no,none,no,none,bad
3.5,2,3,"",none,38,empl_contr,"","",yes,12,generous,yes,none,yes,full,bad
3.5,2.5,2.5,"",tc,39,empl_contr,"","","",12,average,"","",yes,"",bad
3.5,2.5,3,"",tcf,40,none,"","","",11,below_average,"","",yes,"",bad
3.5,4,4,"",none,40,none,"",3,"",10,below_average,no,none,"",none,bad
3.5,4.5,4,"","",40,"","",2,no,10,below_average,no,half,"",half,bad
3.5,4.5,4,"",none,40,"","",5,"",11,average,"",full,yes,full,good
3.5,4.6,4.6,"",tcf,38,"","","","","","",yes,half,"",half,good
3.5,5,4.5,"",none,38,"",14,5,"",11,below_average,yes,"","",full,good
3.5,5.7,4.5,"",none,40,ret_allw,"","","",11,average,yes,full,yes,full,good
3.5,7,5.3,"","","","","","","",11,"",yes,full,"","",good
3.5,2,3,"",tcf,"",empl_contr,"","",yes,"","",yes,half,yes,"",good
3.5,3.5,4,4.5,tcf,35,"","","","",13,generous,"","",yes,full,good
3.5,4,3.5,"",none,40,empl_contr,"",6,"",11,average,yes,full,"",full,good
3.5,5,4.4,"",none,38,empl_contr,10,6,"",11,generous,yes,"","",full,good
3.5,5,5,5,"",40,"","","","",12,average,"",half,yes,half,good
3.5,6,6,4,"",35,"","",14,"",9,generous,yes,full,yes,full,good

'UPDATE SET duration = 3.5 WHERE ((duration >= 2) or (working-hours < 40) or (working-hours < 38)) and not (bereavement-assistance regexp "^yes$"): duration,wage-increase-first-year,wage-increase-second-year,wage-increase-third-year,cost-of-living-adjustment,working-hours,pension,standby-pay,shift-differential,education-allowance,statutory-holidays,vacation,longterm-disability-assistance,contribution-to-dental-plan,bereavement-assistance,contribution-to-health-plan,class
1,5,"","","",40,"","",2,"",11,average,"","",yes,"",good
3.5,4.5,5.8,"","",35,ret_allw,"","",yes,11,below_average,"",full,"",full,good
"","","","","",38,empl_contr,"",5,"",11,generous,yes,half,yes,half,good
3,3.7,4,5,tc,"","","","",yes,"","","","",yes,"",good
3,4.5,4.5,5,"",40,"","","","",12,average,"",half,yes,half,good
3.5,2,2.5,"","",35,"","",6,yes,12,average,"","","","",good
3,4,5,5,tc,"",empl_contr,"","","",12,generous,yes,none,yes,half,good
3.5,6.9,4.8,2.3,"",40,"","",3,"",12,below_average,"","","","",good
2,3,7,"","",38,"",12,25,yes,11,below_average,yes,half,yes,"",good
1,5.7,"","",none,40,empl_contr,"",4,"",11,generous,yes,full,"","",good
3,3.5,4,4.6,none,36,"","",3,"",13,generous,"","",yes,full,good
3.5,6.4,6.4,"","",38,"","",4,"",15,"","",full,"","",good
3.5,3.5,4,"",none,40,"","",2,no,10,below_average,no,half,"",half,bad
3,3.5,4,5.1,tcf,37,"","",4,"",13,generous,"",full,yes,full,good
3.5,3,"","",none,36,"","",10,no,11,generous,"","","","",good
2,4.5,4,"",none,37,empl_contr,"","","",11,average,"",full,yes,"",good
3.5,2.8,"","","",35,"","",2,"",12,below_average,"","","","",good
1,2.1,"","",tc,40,ret_allw,2,3,no,9,below_average,yes,half,"",none,bad
3.5,2,"","",none,38,none,"","",yes,11,average,no,none,no,none,bad
3.5,4,5,"",tcf,35,"",13,5,"",15,generous,"","","","",good
3.5,4.3,4.4,"","",38,"","",4,"",12,generous,"",full,"",full,good
3.5,2.5,3,"","",40,none,"","","",11,below_average,"","","","",bad
3.5,3.5,4,4.6,tcf,27,"","","","","","","","","","",good
3.5,4.5,4,"","",40,"","",4,"",10,generous,"",half,"",full,good
3.5,6,"","","",38,"",8,3,"",9,generous,"","","","",good
3,2,2,2,none,40,none,"","","",10,below_average,"",half,yes,full,bad
3.5,4.5,4.5,"",tcf,"","","","",yes,10,below_average,yes,none,"",half,good
2,3,3,"",none,33,"","","",yes,12,generous,"","",yes,full,good
2,5,4,"",none,37,"","",5,no,11,below_average,yes,full,yes,full,good
3,2,2.5,"","",35,none,"","","",10,average,"","",yes,full,bad
3.5,4.5,4.5,5,none,40,"","","",no,11,average,"",half,"","",good
3,3,2,2.5,tc,40,none,"",5,no,10,below_average,yes,half,yes,full,bad
3.5,2.5,2.5,"","",38,empl_contr,"","","",10,average,"","","","",bad
3.5,4,5,"",none,40,none,"",3,no,10,below_average,no,none,"",none,bad
3,2,2.5,2.1,tc,40,none,2,1,no,10,below_average,no,half,yes,full,bad
2,2,2,"",none,40,none,"","",no,11,average,yes,none,yes,full,bad
1,2,"","",tc,40,ret_allw,4,0,no,11,generous,no,none,no,none,bad
3.5,2.8,"","",none,38,empl_contr,2,3,no,9,below_average,yes,half,"",none,bad
3,2,2.5,2,"",37,empl_contr,"","","",10,average,"","",yes,none,bad
2,4.5,4,"",none,40,"","",4,"",12,average,yes,full,yes,half,good
1,4,"","",none,"",none,"","",yes,11,average,no,none,no,none,bad
2,2,3,"",none,38,empl_contr,"","",yes,12,generous,yes,none,yes,full,bad
2,2.5,2.5,"",tc,39,empl_contr,"","","",12,average,"","",yes,"",bad
2,2.5,3,"",tcf,40,none,"","","",11,below_average,"","",yes,"",bad
3.5,4,4,"",none,40,none,"",3,"",10,below_average,no,none,"",none,bad
3.5,4.5,4,"","",40,"","",2,no,10,below_average,no,half,"",half,bad
2,4.5,4,"",none,40,"","",5,"",11,average,"",full,yes,full,good
3.5,4.6,4.6,"",tcf,38,"","","","","","",yes,half,"",half,good
3.5,5,4.5,"",none,38,"",14,5,"",11,below_average,yes,"","",full,good
2,5.7,4.5,"",none,40,ret_allw,"","","",11,average,yes,full,yes,full,good
3.5,7,5.3,"","","","","","","",11,"",yes,full,"","",good
3,2,3,"",tcf,"",empl_contr,"","",yes,"","",yes,half,yes,"",good
3,3.5,4,4.5,tcf,35,"","","","",13,generous,"","",yes,full,good
3.5,4,3.5,"",none,40,empl_contr,"",6,"",11,average,yes,full,"",full,good
3.5,5,4.4,"",none,38,empl_contr,10,6,"",11,generous,yes,"","",full,good
3,5,5,5,"",40,"","","","",12,average,"",half,yes,half,good
3,6,6,4,"",35,"","",14,"",9,generous,yes,full,yes,full,good

'DELETE WHERE (duration >= 2): duration,wage-increase-first-year,wage-increase-second-year,wage-increase-third-year,cost-of-living-adjustment,working-hours,pension,standby-pay,shift-differential,education-allowance,statutory-holidays,vacation,longterm-disability-assistance,contribution-to-dental-plan,bereavement-assistance,contribution-to-health-plan,class
1,5,"","","",40,"","",2,"",11,average,"","",yes,"",good
"","","","","",38,empl_contr,"",5,"",11,generous,yes,half,yes,half,good
1,5.7,"","",none,40,empl_contr,"",4,"",11,generous,yes,full,"","",good
1,3,"","",none,36,"","",10,no,11,generous,"","","","",good
1,2.8,"","","",35,"","",2,"",12,below_average,"","","","",good
1,2.1,"","",tc,40,ret_allw,2,3,no,9,below_average,yes,half,"",none,bad
1,2,"","",none,38,none,"","",yes,11,average,no,none,no,none,bad
1,6,"","","",38,"",8,3,"",9,generous,"","","","",good
1,2,"","",tc,40,ret_allw,4,0,no,11,generous,no,none,no,none,bad
1,2.8,"","",none,38,empl_contr,2,3,no,9,below_average,yes,half,"",none,bad
1,4,"","",none,"",none,"","",yes,11,average,no,none,no,none,bad

'DELETE WHERE ((duration >= 2) or (working-hours < 40) or (working-hours < 38)) and not (bereavement-assistance regexp "^yes$"): duration,wage-increase-first-year,wage-increase-second-year,wage-increase-third-year,cost-of-living-adjustment,working-hours,pension,standby-pay,shift-differential,education-allowance,statutory-holidays,vacation,longterm-disability-assistance,contribution-to-dental-plan,bereavement-assistance,contribution-to-health-plan,class
1,5,"","","",40,"","",2,"",11,average,"","",yes,"",good
"","","","","",38,empl_contr,"",5,"",11,generous,yes,half,yes,half,good
3,3.7,4,5,tc,"","","","",yes,"","","","",yes,"",good
3,4.5,4.5,5,"",40,"","","","",12,average,"",half,yes,half,good
3,4,5,5,tc,"",empl_contr,"","","",12,generous,yes,none,yes,half,good
2,3,7,"","",38,"",12,25,yes,11,below_average,yes,half,yes,"",good
1,5.7,"","",none,40,empl_contr,"",4,"",11,generous,yes,full,"","",good
3,3.5,4,4.6,none,36,"","",3,"",13,generous,"","",yes,full,good
3,3.5,4,5.1,tcf,37,"","",4,"",13,generous,"",full,yes,full,good
2,4.5,4,"",none,37,empl_contr,"","","",11,average,"",full,yes,"",good
1,2.1,"","",tc,40,ret_allw,2,3,no,9,below_average,yes,half,"",none,bad
3,2,2,2,none,40,none,"","","",10,below_average,"",half,yes,full,bad
2,3,3,"",none,33,"","","",yes,12,generous,"","",yes,full,good
2,5,4,"",none,37,"","",5,no,11,below_average,yes,full,yes,full,good
3,2,2.5,"","",35,none,"","","",10,average,"","",yes,full,bad
3,3,2,2.5,tc,40,none,"",5,no,10,below_average,yes,half,yes,full,bad
3,2,2.5,2.1,tc,40,none,2,1,no,10,below_average,no,half,yes,full,bad
2,2,2,"",none,40,none,"","",no,11,average,yes,none,yes,full,bad
1,2,"","",tc,40,ret_allw,4,0,no,11,generous,no,none,no,none,bad
3,2,2.5,2,"",37,empl_contr,"","","",10,average,"","",yes,none,bad
2,4.5,4,"",none,40,"","",4,"",12,average,yes,full,yes,half,good
1,4,"","",none,"",none,"","",yes,11,average,no,none,no,none,bad
2,2,3,"",none,38,empl_contr,"","",yes,12,generous,yes,none,yes,full,bad
2,2.5,2.5,"",tc,39,empl_contr,"","","",12,average,"","",yes,"",bad
2,2.5,3,"",tcf,40,none,"","","",11,below_average,"","",yes,"",bad
2,4.5,4,"",none,40,"","",5,"",11,average,"",full,yes,full,good
2,5.7,4.5,"",none,40,ret_allw,"","","",11,average,yes,full,yes,full,good
3,2,3,"",tcf,"",empl_contr,"","",yes,"","",yes,half,yes,"",good
3,3.5,4,4.5,tcf,35,"","","","",13,generous,"","",yes,full,good
3,5,5,5,"",40,"","","","",12,average,"",half,yes,half,good
3,6,6,4,"",35,"","",14,"",9,generous,yes,full,yes,full,good

'SELECT duration LIMIT 2: duration
1
2

'SELECT duration LIMIT 10,2: duration
3
2

'SELECT duration,bereavement-assistance WHERE bereavement-assistance = "yes": duration,bereavement-assistance
1,yes
"",yes
3,yes
3,yes
3,yes
2,yes
3,yes
3,yes
2,yes
3,yes
2,yes
2,yes
3,yes
3,yes
3,yes
2,yes
3,yes
2,yes
2,yes
2,yes
2,yes
2,yes
2,yes
3,yes
3,yes
3,yes
3,yes

'SELECT * WHERE vacation > "average": duration,wage-increase-first-year,wage-increase-second-year,wage-increase-third-year,cost-of-living-adjustment,working-hours,pension,standby-pay,shift-differential,education-allowance,statutory-holidays,vacation,longterm-disability-assistance,contribution-to-dental-plan,bereavement-assistance,contribution-to-health-plan,class
2,4.5,5.8,"","",35,ret_allw,"","",yes,11,below_average,"",full,"",full,good
"","","","","",38,empl_contr,"",5,"",11,generous,yes,half,yes,half,good
3,4,5,5,tc,"",empl_contr,"","","",12,generous,yes,none,yes,half,good
3,6.9,4.8,2.3,"",40,"","",3,"",12,below_average,"","","","",good
2,3,7,"","",38,"",12,25,yes,11,below_average,yes,half,yes,"",good
1,5.7,"","",none,40,empl_contr,"",4,"",11,generous,yes,full,"","",good
3,3.5,4,4.6,none,36,"","",3,"",13,generous,"","",yes,full,good
2,3.5,4,"",none,40,"","",2,no,10,below_average,no,half,"",half,bad
3,3.5,4,5.1,tcf,37,"","",4,"",13,generous,"",full,yes,full,good
1,3,"","",none,36,"","",10,no,11,generous,"","","","",good
1,2.8,"","","",35,"","",2,"",12,below_average,"","","","",good
1,2.1,"","",tc,40,ret_allw,2,3,no,9,below_average,yes,half,"",none,bad
2,4,5,"",tcf,35,"",13,5,"",15,generous,"","","","",good
2,4.3,4.4,"","",38,"","",4,"",12,generous,"",full,"",full,good
2,2.5,3,"","",40,none,"","","",11,below_average,"","","","",bad
2,4.5,4,"","",40,"","",4,"",10,generous,"",half,"",full,good
1,6,"","","",38,"",8,3,"",9,generous,"","","","",good
3,2,2,2,none,40,none,"","","",10,below_average,"",half,yes,full,bad
2,4.5,4.5,"",tcf,"","","","",yes,10,below_average,yes,none,"",half,good
2,3,3,"",none,33,"","","",yes,12,generous,"","",yes,full,good
2,5,4,"",none,37,"","",5,no,11,below_average,yes,full,yes,full,good
3,3,2,2.5,tc,40,none,"",5,no,10,below_average,yes,half,yes,full,bad
2,4,5,"",none,40,none,"",3,no,10,below_average,no,none,"",none,bad
3,2,2.5,2.1,tc,40,none,2,1,no,10,below_average,no,half,yes,full,bad
1,2,"","",tc,40,ret_allw,4,0,no,11,generous,no,none,no,none,bad
1,2.8,"","",none,38,empl_contr,2,3,no,9,below_average,yes,half,"",none,bad
2,2,3,"",none,38,empl_contr,"","",yes,12,generous,yes,none,yes,full,bad
2,2.5,3,"",tcf,40,none,"","","",11,below_average,"","",yes,"",bad
2,4,4,"",none,40,none,"",3,"",10,below_average,no,none,"",none,bad
2,4.5,4,"","",40,"","",2,no,10,below_average,no,half,"",half,bad
2,5,4.5,"",none,38,"",14,5,"",11,below_average,yes,"","",full,good
3,3.5,4,4.5,tcf,35,"","","","",13,generous,"","",yes,full,good
3,5,4.4,"",none,38,empl_contr,10,6,"",11,generous,yes,"","",full,good
3,6,6,4,"",35,"","",14,"",9,generous,yes,full,yes,full,good

'SELECT * WHERE vacation >= "average": duration,wage-increase-first-year,wage-increase-second-year,wage-increase-third-year,cost-of-living-adjustment,working-hours,pension,standby-pay,shift-differential,education-allowance,statutory-holidays,vacation,longterm-disability-assistance,contribution-to-dental-plan,bereavement-assistance,contribution-to-health-plan,class
1,5,"","","",40,"","",2,"",11,average,"","",yes,"",good
2,4.5,5.8,"","",35,ret_allw,"","",yes,11,below_average,"",full,"",full,good
"","","","","",38,empl_contr,"",5,"",11,generous,yes,half,yes,half,good
3,4.5,4.5,5,"",40,"","","","",12,average,"",half,yes,half,good
2,2,2.5,"","",35,"","",6,yes,12,average,"","","","",good
3,4,5,5,tc,"",empl_contr,"","","",12,generous,yes,none,yes,half,good
3,6.9,4.8,2.3,"",40,"","",3,"",12,below_average,"","","","",good
2,3,7,"","",38,"",12,25,yes,11,below_average,yes,half,yes,"",good
1,5.7,"","",none,40,empl_contr,"",4,"",11,generous,yes,full,"","",good
3,3.5,4,4.6,none,36,"","",3,"",13,generous,"","",yes,full,good
2,3.5,4,"",none,40,"","",2,no,10,below_average,no,half,"",half,bad
3,3.5,4,5.1,tcf,37,"","",4,"",13,generous,"",full,yes,full,good
1,3,"","",none,36,"","",10,no,11,generous,"","","","",good
2,4.5,4,"",none,37,empl_contr,"","","",11,average,"",full,yes,"",good
1,2.8,"","","",35,"","",2,"",12,below_average,"","","","",good
1,2.1,"","",tc,40,ret_allw,2,3,no,9,below_average,yes,half,"",none,bad
1,2,"","",none,38,none,"","",yes,11,average,no,none,no,none,bad
2,4,5,"",tcf,35,"",13,5,"",15,generous,"","","","",good
2,4.3,4.4,"","",38,"","",4,"",12,generous,"",full,"",full,good
2,2.5,3,"","",40,none,"","","",11,below_average,"","","","",bad
2,4.5,4,"","",40,"","",4,"",10,generous,"",half,"",full,good
1,6,"","","",38,"",8,3,"",9,generous,"","","","",good
3,2,2,2,none,40,none,"","","",10,below_average,"",half,yes,full,bad
2,4.5,4.5,"",tcf,"","","","",yes,10,below_average,yes,none,"",half,good
2,3,3,"",none,33,"","","",yes,12,generous,"","",yes,full,good
2,5,4,"",none,37,"","",5,no,11,below_average,yes,full,yes,full,good
3,2,2.5,"","",35,none,"","","",10,average,"","",yes,full,bad
3,4.5,4.5,5,none,40,"","","",no,11,average,"",half,"","",good
3,3,2,2.5,tc,40,none,"",5,no,10,below_average,yes,half,yes,full,bad
2,2.5,2.5,"","",38,empl_contr,"","","",10,average,"","","","",bad
2,4,5,"",none,40,none,"",3,no,10,below_average,no,none,"",none,bad
3,2,2.5,2.1,tc,40,none,2,1,no,10,below_average,no,half,yes,full,bad
2,2,2,"",none,40,none,"","",no,11,average,yes,none,yes,full,bad
1,2,"","",tc,40,ret_allw,4,0,no,11,generous,no,none,no,none,bad
1,2.8,"","",none,38,empl_contr,2,3,no,9,below_average,yes,half,"",none,bad
3,2,2.5,2,"",37,empl_contr,"","","",10,average,"","",yes,none,bad
2,4.5,4,"",none,40,"","",4,"",12,average,yes,full,yes,half,good
1,4,"","",none,"",none,"","",yes,11,average,no,none,no,none,bad
2,2,3,"",none,38,empl_contr,"","",yes,12,generous,yes,none,yes,full,bad
2,2.5,2.5,"",tc,39,empl_contr,"","","",12,average,"","",yes,"",bad
2,2.5,3,"",tcf,40,none,"","","",11,below_average,"","",yes,"",bad
2,4,4,"",none,40,none,"",3,"",10,below_average,no,none,"",none,bad
2,4.5,4,"","",40,"","",2,no,10,below_average,no,half,"",half,bad
2,4.5,4,"",none,40,"","",5,"",11,average,"",full,yes,full,good
2,5,4.5,"",none,38,"",14,5,"",11,below_average,yes,"","",full,good
2,5.7,4.5,"",none,40,ret_allw,"","","",11,average,yes,full,yes,full,good
3,3.5,4,4.5,tcf,35,"","","","",13,generous,"","",yes,full,good
3,4,3.5,"",none,40,empl_contr,"",6,"",11,average,yes,full,"",full,good
3,5,4.4,"",none,38,empl_contr,10,6,"",11,generous,yes,"","",full,good
3,5,5,5,"",40,"","","","",12,average,"",half,yes,half,good
3,6,6,4,"",35,"","",14,"",9,generous,yes,full,yes,full,good

'SELECT * WHERE vacation <> "below_average": duration,wage-increase-first-year,wage-increase-second-year,wage-increase-third-year,cost-of-living-adjustment,working-hours,pension,standby-pay,shift-differential,education-allowance,statutory-holidays,vacation,longterm-disability-assistance,contribution-to-dental-plan,bereavement-assistance,contribution-to-health-plan,class
1,5,"","","",40,"","",2,"",11,average,"","",yes,"",good
"","","","","",38,empl_contr,"",5,"",11,generous,yes,half,yes,half,good
3,4.5,4.5,5,"",40,"","","","",12,average,"",half,yes,half,good
2,2,2.5,"","",35,"","",6,yes,12,average,"","","","",good
3,4,5,5,tc,"",empl_contr,"","","",12,generous,yes,none,yes,half,good
1,5.7,"","",none,40,empl_contr,"",4,"",11,generous,yes,full,"","",good
3,3.5,4,4.6,none,36,"","",3,"",13,generous,"","",yes,full,good
3,3.5,4,5.1,tcf,37,"","",4,"",13,generous,"",full,yes,full,good
1,3,"","",none,36,"","",10,no,11,generous,"","","","",good
2,4.5,4,"",none,37,empl_contr,"","","",11,average,"",full,yes,"",good
1,2,"","",none,38,none,"","",yes,11,average,no,none,no,none,bad
2,4,5,"",tcf,35,"",13,5,"",15,generous,"","","","",good
2,4.3,4.4,"","",38,"","",4,"",12,generous,"",full,"",full,good
2,4.5,4,"","",40,"","",4,"",10,generous,"",half,"",full,good
1,6,"","","",38,"",8,3,"",9,generous,"","","","",good
2,3,3,"",none,33,"","","",yes,12,generous,"","",yes,full,good
3,2,2.5,"","",35,none,"","","",10,average,"","",yes,full,bad
3,4.5,4.5,5,none,40,"","","",no,11,average,"",half,"","",good
2,2.5,2.5,"","",38,empl_contr,"","","",10,average,"","","","",bad
2,2,2,"",none,40,none,"","",no,11,average,yes,none,yes,full,bad
1,2,"","",tc,40,ret_allw,4,0,no,11,generous,no,none,no,none,bad
3,2,2.5,2,"",37,empl_contr,"","","",10,average,"","",yes,none,bad
2,4.5,4,"",none,40,"","",4,"",12,average,yes,full,yes,half,good
1,4,"","",none,"",none,"","",yes,11,average,no,none,no,none,bad
2,2,3,"",none,38,empl_contr,"","",yes,12,generous,yes,none,yes,full,bad
2,2.5,2.5,"",tc,39,empl_contr,"","","",12,average,"","",yes,"",bad
2,4.5,4,"",none,40,"","",5,"",11,average,"",full,yes,full,good
2,5.7,4.5,"",none,40,ret_allw,"","","",11,average,yes,full,yes,full,good
3,3.5,4,4.5,tcf,35,"","","","",13,generous,"","",yes,full,good
3,4,3.5,"",none,40,empl_contr,"",6,"",11,average,yes,full,"",full,good
3,5,4.4,"",none,38,empl_contr,10,6,"",11,generous,yes,"","",full,good
3,5,5,5,"",40,"","","","",12,average,"",half,yes,half,good
3,6,6,4,"",35,"","",14,"",9,generous,yes,full,yes,full,good

'SELECT MIN(duration), MAX(duration), MEAN(duration), STDEV(duration) HAVING duration >= 0: duration-MIN,duration-MAX,duration-AVERAGE,duration-STDEV
1,3,2.160714285714,0.707795186459

'SELECT MIN(duration) AS dur_min, MAX(duration) AS dur_max, MEAN(duration) AS dur_mean, STDEV(duration) AS dur_stdev HAVING duration >= 0: dur_min,dur_max,dur_mean,dur_stdev
1,3,2.160714285714,0.707795186459


