--> processed-1
adams.flow.control.Flow
	-actor
		adams.flow.standalone.CallableActors
			-actor
				adams.flow.sink.Display
					-name
					dis
					-writer
						adams.data.io.output.NullWriter
	-actor
		adams.flow.source.StringConstants
			-string
			1
			-string
			2
			-string
			3
			-string
			4
	-actor
		adams.flow.control.Branch
			-branch
				adams.flow.control.Sequence
					-actor
						adams.flow.sink.CallableSink
							-callable
							dis
			-branch
				adams.flow.control.Sequence
					-name
					Sequence-1
					-actor
						adams.flow.transformer.Convert
							-conversion
								adams.data.conversion.UnknownToUnknown
					-actor
						adams.flow.sink.CallableSink
							-callable
							dis
	-flow-execution-listener
		adams.flow.execution.NullListener


