--> sample-out0.txt
Filename: dummy1.txt
---
The quick brown fox
jumps over the lazy
dog.

      -- anonymous

--> sample-out1.txt
Filename: .txt
---
The quick brown fox
jumps over the lazy
dog.

      -- anonymous

--> sample-out2.txt
Filename: prefix-dummy3.txt
---
The quick brown fox
jumps over the lazy
dog.

      -- anonymous

--> sample-out3.txt
Filename: dummy4-suffix
---
The quick brown fox
jumps over the lazy
dog.

      -- anonymous

