--> annotations-out0.json
#1:
Object.1.[S]: dog
Object.1.filename[S]: 1950168-dog-beautiful-white-red-animal-black-funny-observe-cute-photocase-stock-photo-large-0-0.png
Object.1.height[N]: 369.0
Object.1.location[S]: 271.0 164.0 614.0 164.0 614.0 532.0 271.0 532.0
Object.1.width[N]: 344.0
Object.1.x[N]: 271.0
Object.1.y[N]: 164.0
Object.count[N]: 1.0



