--> out-0.txt
<?xml version="1.0" encoding="UTF-8" standalone="no"?><kml xmlns="http://earth.google.com/kml/2.0" xmlns:atom="http://www.w3.org/2005/Atom"><Document><name>null</name><atom:author><atom:name>adams</atom:name></atom:author><Folder><name>default</name><Placemark id="1"><name>1</name><Point><coordinates>0.0,0.0,0.0</coordinates></Point></Placemark><Placemark id="2"><name>2</name><Point><coordinates>0.0,100.0,0.0</coordinates></Point></Placemark><Placemark id="3"><name>3</name><Point><coordinates>100.0,0.0,0.0</coordinates></Point></Placemark><Placemark id="4"><name>4</name><Point><coordinates>100.0,100.0,0.0</coordinates></Point></Placemark></Folder></Document></kml>
<?xml version="1.0" encoding="UTF-8" standalone="no"?><kml xmlns="http://earth.google.com/kml/2.0" xmlns:atom="http://www.w3.org/2005/Atom"><Document><name>null</name><atom:author><atom:name>adams</atom:name></atom:author><Folder><name>default</name><Placemark id="1"><name>1</name><Point><coordinates>0.0,0.0,0.0</coordinates></Point></Placemark><Placemark id="2"><name>2</name><Point><coordinates>0.0,100.0,0.0</coordinates></Point></Placemark><Placemark id="3"><name>3</name><Point><coordinates>100.0,0.0,0.0</coordinates></Point></Placemark><Placemark id="4"><name>4</name><Point><coordinates>100.0,100.0,0.0</coordinates></Point></Placemark></Folder></Document></kml>

--> out-1.txt
<?xml version="1.0" encoding="UTF-8" standalone="no"?><kml xmlns="http://earth.google.com/kml/2.0" xmlns:atom="http://www.w3.org/2005/Atom"><Document><name>null</name><atom:author><atom:name>adams</atom:name></atom:author><Folder><name>default</name><Placemark id="1"><name>A</name><Point><coordinates>0.0,0.0,0.0</coordinates></Point></Placemark><Placemark id="2"><name>B</name><Point><coordinates>0.0,100.0,10.0</coordinates></Point></Placemark><Placemark id="3"><name>C</name><Point><coordinates>100.0,0.0,20.0</coordinates></Point></Placemark><Placemark id="4"><name>D</name><Point><coordinates>100.0,100.0,100.0</coordinates></Point></Placemark></Folder></Document></kml>
<?xml version="1.0" encoding="UTF-8" standalone="no"?><kml xmlns="http://earth.google.com/kml/2.0" xmlns:atom="http://www.w3.org/2005/Atom"><Document><name>null</name><atom:author><atom:name>adams</atom:name></atom:author><Folder><name>default</name><Placemark id="1"><name>A</name><Point><coordinates>0.0,0.0,0.0</coordinates></Point></Placemark><Placemark id="2"><name>B</name><Point><coordinates>0.0,100.0,10.0</coordinates></Point></Placemark><Placemark id="3"><name>C</name><Point><coordinates>100.0,0.0,20.0</coordinates></Point></Placemark><Placemark id="4"><name>D</name><Point><coordinates>100.0,100.0,100.0</coordinates></Point></Placemark></Folder></Document></kml>

