--> dumpfile.txt
@relation vote_vote

@attribute dataset-1-handicapped-infants {n,y}
@attribute dataset-1-water-project-cost-sharing {n,y}
@attribute dataset-1-adoption-of-the-budget-resolution {n,y}
@attribute dataset-1-physician-fee-freeze {n,y}
@attribute dataset-1-el-salvador-aid {n,y}
@attribute dataset-1-religious-groups-in-schools {n,y}
@attribute dataset-1-anti-satellite-test-ban {n,y}
@attribute dataset-1-aid-to-nicaraguan-contras {n,y}
@attribute dataset-1-mx-missile {n,y}
@attribute dataset-1-immigration {n,y}
@attribute dataset-1-synfuels-corporation-cutback {n,y}
@attribute dataset-1-education-spending {n,y}
@attribute dataset-1-superfund-right-to-sue {n,y}
@attribute dataset-1-crime {n,y}
@attribute dataset-1-duty-free-exports {n,y}
@attribute dataset-1-export-administration-act-south-africa {n,y}
@attribute dataset-1-Class {democrat,republican}
@attribute dataset-2-handicapped-infants {n,y}
@attribute dataset-2-water-project-cost-sharing {n,y}
@attribute dataset-2-adoption-of-the-budget-resolution {n,y}
@attribute dataset-2-physician-fee-freeze {n,y}
@attribute dataset-2-el-salvador-aid {n,y}
@attribute dataset-2-religious-groups-in-schools {n,y}
@attribute dataset-2-anti-satellite-test-ban {n,y}
@attribute dataset-2-aid-to-nicaraguan-contras {n,y}
@attribute dataset-2-mx-missile {n,y}
@attribute dataset-2-immigration {n,y}
@attribute dataset-2-synfuels-corporation-cutback {n,y}
@attribute dataset-2-education-spending {n,y}
@attribute dataset-2-superfund-right-to-sue {n,y}
@attribute dataset-2-crime {n,y}
@attribute dataset-2-duty-free-exports {n,y}
@attribute dataset-2-export-administration-act-south-africa {n,y}
@attribute dataset-2-Class {democrat,republican}

@data
n,y,n,y,y,y,n,n,n,y,?,y,y,y,n,y,republican,n,y,n,y,y,y,n,n,n,y,?,y,y,y,n,y,republican
n,y,n,y,y,y,n,n,n,n,n,y,y,y,n,?,republican,n,y,n,y,y,y,n,n,n,n,n,y,y,y,n,?,republican
?,y,y,?,y,y,n,n,n,n,y,n,y,y,n,n,democrat,?,y,y,?,y,y,n,n,n,n,y,n,y,y,n,n,democrat
n,y,y,n,?,y,n,n,n,n,y,n,y,n,n,y,democrat,n,y,y,n,?,y,n,n,n,n,y,n,y,n,n,y,democrat
y,y,y,n,y,y,n,n,n,n,y,?,y,y,y,y,democrat,y,y,y,n,y,y,n,n,n,n,y,?,y,y,y,y,democrat
n,y,y,n,y,y,n,n,n,n,n,n,y,y,y,y,democrat,n,y,y,n,y,y,n,n,n,n,n,n,y,y,y,y,democrat
n,y,n,y,y,y,n,n,n,n,n,n,?,y,y,y,democrat,n,y,n,y,y,y,n,n,n,n,n,n,?,y,y,y,democrat
n,y,n,y,y,y,n,n,n,n,n,n,y,y,?,y,republican,n,y,n,y,y,y,n,n,n,n,n,n,y,y,?,y,republican
n,y,n,y,y,y,n,n,n,n,n,y,y,y,n,y,republican,n,y,n,y,y,y,n,n,n,n,n,y,y,y,n,y,republican
y,y,y,n,n,n,y,y,y,n,n,n,n,n,?,?,democrat,y,y,y,n,n,n,y,y,y,n,n,n,n,n,?,?,democrat
n,y,n,y,y,n,n,n,n,n,?,?,y,y,n,n,republican,n,y,n,y,y,n,n,n,n,n,?,?,y,y,n,n,republican
n,y,n,y,y,y,n,n,n,n,y,?,y,y,?,?,republican,n,y,n,y,y,y,n,n,n,n,y,?,y,y,?,?,republican
n,y,y,n,n,n,y,y,y,n,n,n,y,n,?,?,democrat,n,y,y,n,n,n,y,y,y,n,n,n,y,n,?,?,democrat
y,y,y,n,n,y,y,y,?,y,y,?,n,n,y,?,democrat,y,y,y,n,n,y,y,y,?,y,y,?,n,n,y,?,democrat
n,y,n,y,y,y,n,n,n,n,n,y,?,?,n,?,republican,n,y,n,y,y,y,n,n,n,n,n,y,?,?,n,?,republican
n,y,n,y,y,y,n,n,n,y,n,y,y,?,n,?,republican,n,y,n,y,y,y,n,n,n,y,n,y,y,?,n,?,republican
y,n,y,n,n,y,n,y,?,y,y,y,?,n,n,y,democrat,y,n,y,n,n,y,n,y,?,y,y,y,?,n,n,y,democrat
y,?,y,n,n,n,y,y,y,n,n,n,y,n,y,y,democrat,y,?,y,n,n,n,y,y,y,n,n,n,y,n,y,y,democrat
n,y,n,y,y,y,n,n,n,n,n,?,y,y,n,n,republican,n,y,n,y,y,y,n,n,n,n,n,?,y,y,n,n,republican
y,y,y,n,n,n,y,y,y,n,y,n,n,n,y,y,democrat,y,y,y,n,n,n,y,y,y,n,y,n,n,n,y,y,democrat
y,y,y,n,n,?,y,y,n,n,y,n,n,n,y,y,democrat,y,y,y,n,n,?,y,y,n,n,y,n,n,n,y,y,democrat
y,y,y,n,n,n,y,y,y,n,n,n,?,?,y,y,democrat,y,y,y,n,n,n,y,y,y,n,n,n,?,?,y,y,democrat
y,?,y,n,n,n,y,y,y,n,n,?,n,n,y,y,democrat,y,?,y,n,n,n,y,y,y,n,n,?,n,n,y,y,democrat
y,y,y,n,n,n,y,y,y,n,n,n,n,n,y,y,democrat,y,y,y,n,n,n,y,y,y,n,n,n,n,n,y,y,democrat
y,n,y,n,n,n,y,y,y,n,n,n,n,n,y,?,democrat,y,n,y,n,n,n,y,y,y,n,n,n,n,n,y,?,democrat
y,n,y,n,n,n,y,y,y,y,n,n,n,n,y,y,democrat,y,n,y,n,n,n,y,y,y,y,n,n,n,n,y,y,democrat
y,n,y,n,n,n,y,y,y,n,y,n,n,n,y,y,democrat,y,n,y,n,n,n,y,y,y,n,y,n,n,n,y,y,democrat
y,y,y,n,n,n,y,y,y,n,y,n,n,n,y,y,democrat,y,y,y,n,n,n,y,y,y,n,y,n,n,n,y,y,democrat
y,n,n,y,y,n,y,y,y,n,n,y,y,y,n,y,republican,y,n,n,y,y,n,y,y,y,n,n,y,y,y,n,y,republican
y,y,y,n,n,n,y,y,y,n,y,n,n,n,y,y,democrat,y,y,y,n,n,n,y,y,y,n,y,n,n,n,y,y,democrat
n,y,n,y,y,y,n,n,n,n,n,y,y,y,n,n,republican,n,y,n,y,y,y,n,n,n,n,n,y,y,y,n,n,republican
y,y,y,n,n,n,y,y,y,n,y,n,n,n,y,?,democrat,y,y,y,n,n,n,y,y,y,n,y,n,n,n,y,?,democrat
y,y,y,n,n,n,y,y,y,y,n,n,y,n,y,y,democrat,y,y,y,n,n,n,y,y,y,y,n,n,y,n,y,y,democrat
n,y,n,y,y,y,n,n,n,n,n,y,y,y,n,y,republican,n,y,n,y,y,y,n,n,n,n,n,y,y,y,n,y,republican
y,y,y,n,n,n,y,y,y,n,n,n,n,n,y,y,democrat,y,y,y,n,n,n,y,y,y,n,n,n,n,n,y,y,democrat
n,y,n,y,y,y,n,n,n,n,n,y,y,y,n,n,republican,n,y,n,y,y,y,n,n,n,n,n,y,y,y,n,n,republican
y,?,n,y,y,y,n,n,n,y,n,y,?,y,n,y,republican,y,?,n,y,y,y,n,n,n,y,n,y,?,y,n,y,republican
y,y,n,y,y,y,n,n,n,n,n,n,y,y,n,y,republican,y,y,n,y,y,y,n,n,n,n,n,n,y,y,n,y,republican
n,y,n,y,y,y,n,n,n,y,n,y,y,y,n,n,republican,n,y,n,y,y,y,n,n,n,y,n,y,y,y,n,n,republican
y,n,y,n,n,n,y,y,y,y,y,n,y,n,y,y,democrat,y,n,y,n,n,n,y,y,y,y,y,n,y,n,y,y,democrat
y,y,y,n,n,n,y,y,y,n,?,n,n,n,n,?,democrat,y,y,y,n,n,n,y,y,y,n,?,n,n,n,n,?,democrat
y,y,y,n,n,n,y,y,y,n,n,n,n,n,y,?,democrat,y,y,y,n,n,n,y,y,y,n,n,n,n,n,y,?,democrat
y,n,y,n,n,n,y,y,y,n,n,n,n,n,n,y,democrat,y,n,y,n,n,n,y,y,y,n,n,n,n,n,n,y,democrat
y,n,y,n,n,n,y,y,y,n,n,n,n,n,y,y,democrat,y,n,y,n,n,n,y,y,y,n,n,n,n,n,y,y,democrat
y,y,y,n,n,n,y,y,y,n,y,n,n,n,n,?,democrat,y,y,y,n,n,n,y,y,y,n,y,n,n,n,n,?,democrat
y,y,y,n,n,n,y,y,?,n,y,n,n,n,y,?,democrat,y,y,y,n,n,n,y,y,?,n,y,n,n,n,y,?,democrat
y,y,y,n,n,n,y,y,y,n,n,n,n,n,n,y,democrat,y,y,y,n,n,n,y,y,y,n,n,n,n,n,n,y,democrat
y,n,y,n,n,n,y,y,?,n,n,n,n,n,n,?,democrat,y,n,y,n,n,n,y,y,?,n,n,n,n,n,n,?,democrat
y,y,y,n,n,n,y,y,n,n,n,n,n,y,n,y,democrat,y,y,y,n,n,n,y,y,n,n,n,n,n,y,n,y,democrat
n,?,n,y,y,y,n,n,n,n,n,y,y,y,n,n,republican,n,?,n,y,y,y,n,n,n,n,n,y,y,y,n,n,republican
y,y,y,n,n,n,y,y,y,n,y,n,n,n,y,y,democrat,y,y,y,n,n,n,y,y,y,n,y,n,n,n,y,y,democrat
n,y,n,y,y,y,n,?,n,n,n,y,y,y,n,y,republican,n,y,n,y,y,y,n,?,n,n,n,y,y,y,n,y,republican
y,y,y,n,n,n,y,y,y,n,n,n,n,n,?,?,democrat,y,y,y,n,n,n,y,y,y,n,n,n,n,n,?,?,democrat
y,y,n,y,y,y,n,n,n,y,n,y,y,y,n,n,republican,y,y,n,y,y,y,n,n,n,y,n,y,y,y,n,n,republican
y,y,y,n,n,y,?,y,n,n,y,y,n,y,n,?,democrat,y,y,y,n,n,y,?,y,n,n,y,y,n,y,n,?,democrat
n,y,n,y,y,y,n,n,n,y,y,y,y,y,n,n,republican,n,y,n,y,y,y,n,n,n,y,y,y,y,y,n,n,republican
n,y,n,y,y,y,n,n,n,y,y,y,y,y,n,y,republican,n,y,n,y,y,y,n,n,n,y,y,y,y,y,n,y,republican
n,y,n,y,y,y,n,n,n,y,n,y,y,y,n,y,republican,n,y,n,y,y,y,n,n,n,y,n,y,y,y,n,y,republican
n,y,n,y,y,y,n,n,n,y,n,y,y,y,n,y,republican,n,y,n,y,y,y,n,n,n,y,n,y,y,y,n,y,republican
n,y,n,y,y,y,n,n,n,y,n,y,y,y,n,?,republican,n,y,n,y,y,y,n,n,n,y,n,y,y,y,n,?,republican
y,y,y,n,n,?,y,y,y,y,n,n,n,n,y,?,democrat,y,y,y,n,n,?,y,y,y,y,n,n,n,n,y,?,democrat
n,y,n,y,y,y,n,n,n,n,n,y,y,y,n,n,republican,n,y,n,y,y,y,n,n,n,n,n,y,y,y,n,n,republican
y,y,y,n,n,n,y,y,y,n,n,n,n,n,n,?,democrat,y,y,y,n,n,n,y,y,y,n,n,n,n,n,n,?,democrat
y,y,y,n,n,n,y,y,y,n,y,n,n,n,n,y,democrat,y,y,y,n,n,n,y,y,y,n,y,n,n,n,n,y,democrat
y,y,y,n,n,n,y,y,y,n,y,?,n,n,n,y,democrat,y,y,y,n,n,n,y,y,y,n,y,?,n,n,n,y,democrat
y,y,n,y,y,y,y,n,n,n,n,y,y,y,n,y,republican,y,y,n,y,y,y,y,n,n,n,n,y,y,y,n,y,republican
n,y,n,y,y,y,y,n,n,n,y,y,y,y,n,y,republican,n,y,n,y,y,y,y,n,n,n,y,y,y,y,n,y,republican
n,y,n,y,y,y,n,n,n,y,n,y,y,y,n,n,republican,n,y,n,y,y,y,n,n,n,y,n,y,y,y,n,n,republican
y,?,y,n,n,n,y,y,y,n,n,n,y,n,y,y,democrat,y,?,y,n,n,n,y,y,y,n,n,n,y,n,y,y,democrat
y,y,y,n,n,n,y,y,y,n,n,n,n,n,y,y,democrat,y,y,y,n,n,n,y,y,y,n,n,n,n,n,y,y,democrat
y,n,y,n,n,n,y,y,y,n,n,n,y,n,y,?,democrat,y,n,y,n,n,n,y,y,y,n,n,n,y,n,y,?,democrat
y,y,y,y,n,n,y,y,y,y,y,n,n,y,n,y,republican,y,y,y,y,n,n,y,y,y,y,y,n,n,y,n,y,republican
y,y,y,n,n,n,y,y,y,n,y,n,n,n,y,?,democrat,y,y,y,n,n,n,y,y,y,n,y,n,n,n,y,?,democrat
y,n,y,y,y,n,y,n,y,y,n,n,y,y,n,y,republican,y,n,y,y,y,n,y,n,y,y,n,n,y,y,n,y,republican
y,n,y,n,n,y,y,y,y,y,y,n,n,y,y,y,democrat,y,n,y,n,n,y,y,y,y,y,y,n,n,y,y,y,democrat
n,y,y,y,y,y,n,n,n,y,y,n,y,y,n,n,democrat,n,y,y,y,y,y,n,n,n,y,y,n,y,y,n,n,democrat
n,y,y,n,y,y,n,n,n,y,y,y,y,y,n,?,democrat,n,y,y,n,y,y,n,n,n,y,y,y,y,y,n,?,democrat
n,y,y,y,y,y,n,y,y,y,y,y,y,y,n,y,democrat,n,y,y,y,y,y,n,y,y,y,y,y,y,y,n,y,democrat
y,y,y,n,y,y,n,n,n,y,y,n,y,y,n,y,democrat,y,y,y,n,y,y,n,n,n,y,y,n,y,y,n,y,democrat
n,n,n,y,y,n,n,n,n,y,n,y,y,y,n,n,republican,n,n,n,y,y,n,n,n,n,y,n,y,y,y,n,n,republican
y,n,y,n,n,y,y,y,y,y,n,y,n,y,n,?,democrat,y,n,y,n,n,y,y,y,y,y,n,y,n,y,n,?,democrat
y,n,y,n,n,n,y,y,?,y,y,y,n,y,n,y,democrat,y,n,y,n,n,n,y,y,?,y,y,y,n,y,n,y,democrat
n,n,n,y,y,y,n,n,n,y,n,y,y,y,n,y,republican,n,n,n,y,y,y,n,n,n,y,n,y,y,y,n,y,republican
n,n,n,y,y,y,n,n,n,n,n,y,y,y,n,n,republican,n,n,n,y,y,y,n,n,n,n,n,y,y,y,n,n,republican
n,?,n,y,y,y,n,n,n,y,n,y,y,y,n,n,republican,n,?,n,y,y,y,n,n,n,y,n,y,y,y,n,n,republican
n,n,y,n,y,y,n,n,n,y,y,y,y,y,n,y,democrat,n,n,y,n,y,y,n,n,n,y,y,y,y,y,n,y,democrat
n,n,n,y,y,y,n,n,n,y,n,y,y,y,n,n,republican,n,n,n,y,y,y,n,n,n,y,n,y,y,y,n,n,republican
n,n,n,y,y,y,n,n,n,n,n,y,y,y,n,n,republican,n,n,n,y,y,y,n,n,n,n,n,y,y,y,n,n,republican
n,y,y,n,y,y,y,n,y,y,y,n,y,y,n,y,democrat,n,y,y,n,y,y,y,n,y,y,y,n,y,y,n,y,democrat
n,n,n,y,y,y,n,n,n,y,n,?,y,y,n,?,republican,n,n,n,y,y,y,n,n,n,y,n,?,y,y,n,?,republican
y,n,y,n,n,n,y,y,y,y,n,n,n,n,y,y,democrat,y,n,y,n,n,n,y,y,y,y,n,n,n,n,y,y,democrat
y,n,y,n,n,n,y,y,y,y,y,n,n,n,y,y,democrat,y,n,y,n,n,n,y,y,y,y,y,n,n,n,y,y,democrat
y,y,y,n,n,n,y,y,n,y,y,n,n,?,y,y,democrat,y,y,y,n,n,n,y,y,n,y,y,n,n,?,y,y,democrat
y,n,y,n,n,n,y,n,y,y,y,n,n,n,y,y,democrat,y,n,y,n,n,n,y,n,y,y,y,n,n,n,y,y,democrat
y,n,y,n,y,y,n,n,n,n,n,n,n,n,n,y,democrat,y,n,y,n,y,y,n,n,n,n,n,n,n,n,n,y,democrat
y,n,y,n,y,y,n,?,?,n,y,?,?,?,y,y,democrat,y,n,y,n,y,y,n,?,?,n,y,?,?,?,y,y,democrat
n,n,?,n,y,y,n,n,n,n,y,y,y,y,n,y,democrat,n,n,?,n,y,y,n,n,n,n,y,y,y,y,n,y,democrat
y,n,n,n,y,y,y,n,n,y,y,n,n,y,n,y,democrat,y,n,n,n,y,y,y,n,n,y,y,n,n,y,n,y,democrat
y,y,y,n,n,y,y,y,y,y,n,n,n,n,n,y,democrat,y,y,y,n,n,y,y,y,y,y,n,n,n,n,n,y,democrat
n,n,n,y,y,y,n,n,n,y,?,y,y,y,n,n,republican,n,n,n,y,y,y,n,n,n,y,?,y,y,y,n,n,republican
y,n,n,n,y,y,n,n,n,n,y,y,n,y,n,y,democrat,y,n,n,n,y,y,n,n,n,n,y,y,n,y,n,y,democrat
y,n,y,n,y,y,y,n,n,n,y,n,n,y,n,y,democrat,y,n,y,n,y,y,y,n,n,n,y,n,n,y,n,y,democrat
y,n,y,n,y,y,y,n,?,n,y,n,y,y,y,?,democrat,y,n,y,n,y,y,y,n,?,n,y,n,y,y,y,?,democrat
y,n,n,n,y,y,?,n,?,n,n,n,n,y,?,n,democrat,y,n,n,n,y,y,?,n,?,n,n,n,n,y,?,n,democrat
?,?,?,?,n,y,y,y,y,y,?,n,y,y,n,?,democrat,?,?,?,?,n,y,y,y,y,y,?,n,y,y,n,?,democrat
y,y,y,n,n,n,n,y,y,n,y,n,n,n,y,y,democrat,y,y,y,n,n,n,n,y,y,n,y,n,n,n,y,y,democrat
n,y,n,y,y,y,n,n,n,n,n,y,y,y,n,y,republican,n,y,n,y,y,y,n,n,n,n,n,y,y,y,n,y,republican
n,?,?,?,?,?,?,?,?,?,?,?,?,y,?,?,republican,n,?,?,?,?,?,?,?,?,?,?,?,?,y,?,?,republican
y,?,y,n,n,n,y,y,y,n,n,n,n,n,y,?,democrat,y,?,y,n,n,n,y,y,y,n,n,n,n,n,y,?,democrat
y,?,y,n,n,n,y,y,y,n,n,n,n,n,y,?,democrat,y,?,y,n,n,n,y,y,y,n,n,n,n,n,y,?,democrat
n,n,y,n,n,n,y,y,y,y,n,n,n,n,y,y,democrat,n,n,y,n,n,n,y,y,y,y,n,n,n,n,y,y,democrat
n,?,n,y,y,y,n,n,n,y,n,y,y,y,n,y,republican,n,?,n,y,y,y,n,n,n,y,n,y,y,y,n,y,republican
n,?,y,n,n,y,y,y,n,y,n,n,n,n,y,?,democrat,n,?,y,n,n,y,y,y,n,y,n,n,n,n,y,?,democrat
n,?,n,y,y,y,n,n,n,y,n,y,y,y,n,n,republican,n,?,n,y,y,y,n,n,n,y,n,y,y,y,n,n,republican
y,?,y,n,n,n,y,y,y,n,n,n,n,n,y,?,democrat,y,?,y,n,n,n,y,y,y,n,n,n,n,n,y,?,democrat
n,?,y,n,?,?,y,y,y,y,?,?,n,n,y,y,democrat,n,?,y,n,?,?,y,y,y,y,?,?,n,n,y,y,democrat
y,n,y,n,n,n,y,y,y,n,y,n,n,n,y,y,democrat,y,n,y,n,n,n,y,y,y,n,y,n,n,n,y,y,democrat
y,y,y,y,y,n,y,n,n,n,n,y,y,y,n,y,republican,y,y,y,y,y,n,y,n,n,n,n,y,y,y,n,y,republican
n,y,y,n,n,n,n,y,y,y,y,n,n,n,y,y,democrat,n,y,y,n,n,n,n,y,y,y,y,n,n,n,y,y,democrat
n,n,n,y,y,y,n,n,n,n,n,y,y,y,n,n,republican,n,n,n,y,y,y,n,n,n,n,n,y,y,y,n,n,republican
n,?,?,y,y,y,n,n,n,y,n,y,y,y,?,y,republican,n,?,?,y,y,y,n,n,n,y,n,y,y,y,?,y,republican
n,?,n,y,y,y,n,n,n,y,n,y,y,y,n,y,republican,n,?,n,y,y,y,n,n,n,y,n,y,y,y,n,y,republican
n,n,n,y,y,y,n,n,n,y,n,y,n,y,n,y,republican,n,n,n,y,y,y,n,n,n,y,n,y,n,y,n,y,republican
y,?,n,y,y,y,n,y,n,n,n,y,y,y,n,y,republican,y,?,n,y,y,y,n,y,n,n,n,y,y,y,n,y,republican
n,?,y,n,n,n,y,y,y,n,n,n,n,n,y,y,democrat,n,?,y,n,n,n,y,y,y,n,n,n,n,n,y,y,democrat
n,?,n,y,y,y,n,n,n,y,n,y,y,y,n,y,republican,n,?,n,y,y,y,n,n,n,y,n,y,y,y,n,y,republican
n,?,n,y,y,y,n,n,n,n,n,y,y,y,n,n,republican,n,?,n,y,y,y,n,n,n,n,n,y,y,y,n,n,republican
n,?,y,n,n,n,y,y,y,y,y,n,n,y,y,y,democrat,n,?,y,n,n,n,y,y,y,y,y,n,n,y,y,y,democrat
n,?,y,n,n,y,n,y,n,y,y,n,n,n,y,y,democrat,n,?,y,n,n,y,n,y,n,y,y,n,n,n,y,y,democrat
?,?,y,n,n,n,y,y,?,n,?,?,?,?,?,?,democrat,?,?,y,n,n,n,y,y,?,n,?,?,?,?,?,?,democrat
y,?,y,n,?,?,y,y,y,n,n,n,n,n,y,?,democrat,y,?,y,n,?,?,y,y,y,n,n,n,n,n,y,?,democrat
n,n,y,n,n,y,n,y,y,y,n,n,n,y,n,y,democrat,n,n,y,n,n,y,n,y,y,y,n,n,n,y,n,y,democrat
n,n,n,y,y,y,n,n,n,y,n,y,y,y,n,?,republican,n,n,n,y,y,y,n,n,n,y,n,y,y,y,n,?,republican
n,n,n,y,y,y,n,n,n,y,n,y,y,y,n,y,republican,n,n,n,y,y,y,n,n,n,y,n,y,y,y,n,y,republican
n,n,n,y,y,y,n,n,n,n,n,y,y,y,n,?,republican,n,n,n,y,y,y,n,n,n,n,n,y,y,y,n,?,republican
n,n,n,y,y,y,n,n,n,y,n,y,y,y,n,n,republican,n,n,n,y,y,y,n,n,n,y,n,y,y,y,n,n,republican
n,y,n,y,y,y,n,n,n,y,y,y,y,n,n,y,republican,n,y,n,y,y,y,n,n,n,y,y,y,y,n,n,y,republican
n,?,y,n,n,y,y,y,y,y,n,n,n,y,y,y,democrat,n,?,y,n,n,y,y,y,y,y,n,n,n,y,y,y,democrat
n,n,y,n,n,y,y,y,y,y,n,n,n,y,n,y,democrat,n,n,y,n,n,y,y,y,y,y,n,n,n,y,n,y,democrat
y,n,y,n,n,y,y,y,y,n,n,n,n,n,y,y,democrat,y,n,y,n,n,y,y,y,y,n,n,n,n,n,y,y,democrat
n,n,n,y,n,n,y,y,y,y,n,n,y,y,n,y,republican,n,n,n,y,n,n,y,y,y,y,n,n,y,y,n,y,republican
n,n,n,y,y,y,y,y,y,y,n,y,y,y,?,y,republican,n,n,n,y,y,y,y,y,y,y,n,y,y,y,?,y,republican
n,n,n,y,y,y,y,y,y,y,n,y,y,y,n,y,republican,n,n,n,y,y,y,y,y,y,y,n,y,y,y,n,y,republican
?,y,n,n,n,n,y,y,y,y,y,n,n,y,y,y,democrat,?,y,n,n,n,n,y,y,y,y,y,n,n,y,y,y,democrat
n,?,n,n,n,y,y,y,y,y,n,n,n,y,n,?,democrat,n,?,n,n,n,y,y,y,y,y,n,n,n,y,n,?,democrat
n,n,y,n,n,y,y,y,y,y,n,n,n,y,?,y,democrat,n,n,y,n,n,y,y,y,y,y,n,n,n,y,?,y,democrat
n,y,n,y,y,y,n,n,n,n,n,y,y,y,n,y,republican,n,y,n,y,y,y,n,n,n,n,n,y,y,y,n,y,republican
n,n,n,n,n,n,y,y,y,y,n,y,y,y,y,y,democrat,n,n,n,n,n,n,y,y,y,y,n,y,y,y,y,y,democrat
n,y,n,y,y,y,n,n,n,y,y,y,y,y,n,y,republican,n,y,n,y,y,y,n,n,n,y,y,y,y,y,n,y,republican
n,n,y,n,n,n,y,y,y,y,n,n,y,n,y,y,democrat,n,n,y,n,n,n,y,y,y,y,n,n,y,n,y,y,democrat
y,y,n,y,y,y,n,n,n,y,n,y,y,y,n,y,republican,y,y,n,y,y,y,n,n,n,y,n,y,y,y,n,y,republican
y,y,?,y,y,y,n,n,y,n,y,?,y,y,n,n,democrat,y,y,?,y,y,y,n,n,y,n,y,?,y,y,n,n,democrat
n,y,y,n,n,y,n,y,y,y,y,n,y,n,y,y,democrat,n,y,y,n,n,y,n,y,y,y,y,n,y,n,y,y,democrat
n,n,y,n,n,y,y,y,y,y,y,n,y,y,n,y,democrat,n,n,y,n,n,y,y,y,y,y,y,n,y,y,n,y,democrat
n,y,n,y,y,y,n,n,n,n,n,y,y,y,n,n,republican,n,y,n,y,y,y,n,n,n,n,n,y,y,y,n,n,republican
y,y,n,y,y,y,n,?,n,n,y,y,y,y,n,n,republican,y,y,n,y,y,y,n,?,n,n,y,y,y,y,n,n,republican
y,y,n,y,y,y,y,n,n,n,n,y,y,y,n,n,republican,y,y,n,y,y,y,y,n,n,n,n,y,y,y,n,n,republican
n,y,y,n,n,y,n,y,y,n,y,n,?,?,?,?,democrat,n,y,y,n,n,y,n,y,y,n,y,n,?,?,?,?,democrat
n,y,n,y,y,y,n,n,n,y,n,y,y,y,n,n,republican,n,y,n,y,y,y,n,n,n,y,n,y,y,y,n,n,republican
n,y,y,n,?,y,y,y,y,y,y,n,n,?,n,?,democrat,n,y,y,n,?,y,y,y,y,y,y,n,n,?,n,?,democrat
n,y,n,n,y,y,n,n,n,n,n,y,y,y,y,y,democrat,n,y,n,n,y,y,n,n,n,n,n,y,y,y,y,y,democrat
n,n,n,n,y,y,y,n,n,n,n,y,y,y,n,y,democrat,n,n,n,n,y,y,y,n,n,n,n,y,y,y,n,y,democrat
n,y,y,n,y,y,y,n,n,n,y,y,y,y,n,y,democrat,n,y,y,n,y,y,y,n,n,n,y,y,y,y,n,y,democrat
n,y,n,y,y,y,y,n,n,n,n,y,y,y,n,y,republican,n,y,n,y,y,y,y,n,n,n,n,y,y,y,n,y,republican
y,y,n,n,y,y,n,n,n,y,y,y,y,y,n,?,democrat,y,y,n,n,y,y,n,n,n,y,y,y,y,y,n,?,democrat
n,y,y,n,n,y,y,y,y,y,y,n,y,n,y,?,democrat,n,y,y,n,n,y,y,y,y,y,y,n,y,n,y,?,democrat
y,n,y,y,y,y,y,y,n,y,n,y,n,y,y,y,republican,y,n,y,y,y,y,y,y,n,y,n,y,n,y,y,y,republican
y,n,y,y,y,y,y,y,n,y,y,y,n,y,y,y,republican,y,n,y,y,y,y,y,y,n,y,y,y,n,y,y,y,republican
n,n,y,y,y,y,n,n,y,n,n,n,y,y,y,?,democrat,n,n,y,y,y,y,n,n,y,n,n,n,y,y,y,?,democrat
y,n,y,n,n,n,y,y,y,y,y,n,n,y,n,y,democrat,y,n,y,n,n,n,y,y,y,y,y,n,n,y,n,y,democrat
y,n,y,n,n,n,?,y,y,?,n,n,n,n,y,?,democrat,y,n,y,n,n,n,?,y,y,?,n,n,n,n,y,?,democrat
n,?,n,y,y,y,n,n,n,y,n,y,y,y,n,y,republican,n,?,n,y,y,y,n,n,n,y,n,y,y,y,n,y,republican
n,y,y,n,n,n,y,y,y,y,n,n,?,n,y,y,democrat,n,y,y,n,n,n,y,y,y,y,n,n,?,n,y,y,democrat
n,n,n,n,y,y,n,n,n,y,y,y,y,y,n,y,democrat,n,n,n,n,y,y,n,n,n,y,y,y,y,y,n,y,democrat
y,?,y,n,n,n,y,y,y,n,n,n,n,n,y,?,democrat,y,?,y,n,n,n,y,y,y,n,n,n,n,n,y,?,democrat
n,y,y,n,n,n,y,y,y,y,n,n,n,n,y,y,democrat,n,y,y,n,n,n,y,y,y,y,n,n,n,n,y,y,democrat
n,n,y,y,n,n,y,y,y,y,n,n,n,y,y,y,republican,n,n,y,y,n,n,y,y,y,y,n,n,n,y,y,y,republican
n,n,y,n,n,n,y,y,y,y,y,?,n,n,y,y,democrat,n,n,y,n,n,n,y,y,y,y,y,?,n,n,y,y,democrat
?,n,y,n,n,n,y,y,y,y,y,?,n,n,y,?,democrat,?,n,y,n,n,n,y,y,y,y,y,?,n,n,y,?,democrat
y,n,y,n,n,n,y,y,y,y,n,n,n,n,y,y,democrat,y,n,y,n,n,n,y,y,y,y,n,n,n,n,y,y,democrat
?,?,y,n,n,n,y,y,y,?,?,n,n,n,?,?,democrat,?,?,y,n,n,n,y,y,y,?,?,n,n,n,?,?,democrat
n,n,y,n,n,n,y,y,y,y,y,n,n,n,y,y,democrat,n,n,y,n,n,n,y,y,y,y,y,n,n,n,y,y,democrat
y,?,y,n,n,n,y,y,y,n,n,n,n,n,y,y,democrat,y,?,y,n,n,n,y,y,y,n,n,n,n,n,y,y,democrat
?,?,?,?,?,?,?,?,y,?,?,?,?,?,?,?,democrat,?,?,?,?,?,?,?,?,y,?,?,?,?,?,?,?,democrat
n,n,y,n,n,n,y,y,y,y,y,n,n,n,y,y,democrat,n,n,y,n,n,n,y,y,y,y,y,n,n,n,y,y,democrat
y,n,y,n,n,n,y,y,y,y,n,?,n,n,y,y,democrat,y,n,y,n,n,n,y,y,y,y,n,?,n,n,y,y,democrat
n,y,y,n,n,n,y,y,y,y,y,n,n,n,y,y,democrat,n,y,y,n,n,n,y,y,y,y,y,n,n,n,y,y,democrat
y,n,y,n,n,n,y,y,y,n,n,n,n,n,y,?,democrat,y,n,y,n,n,n,y,y,y,n,n,n,n,n,y,?,democrat
y,?,n,y,y,y,y,y,n,n,n,y,?,y,?,?,republican,y,?,n,y,y,y,y,y,n,n,n,y,?,y,?,?,republican
y,n,y,n,n,n,y,y,y,n,n,n,n,n,y,y,democrat,y,n,y,n,n,n,y,y,y,n,n,n,n,n,y,y,democrat
n,?,n,y,y,y,n,n,n,n,n,y,y,y,n,?,republican,n,?,n,y,y,y,n,n,n,n,n,y,y,y,n,?,republican
n,y,n,y,y,y,n,?,n,y,n,y,y,y,n,?,republican,n,y,n,y,y,y,n,?,n,y,n,y,y,y,n,?,republican
n,n,n,n,n,y,y,y,y,n,y,n,n,y,y,y,democrat,n,n,n,n,n,y,y,y,y,n,y,n,n,y,y,y,democrat
n,n,y,n,n,n,y,y,y,n,n,n,n,n,y,y,democrat,n,n,y,n,n,n,y,y,y,n,n,n,n,n,y,y,democrat
n,n,y,n,n,y,y,?,y,y,y,n,n,n,y,y,democrat,n,n,y,n,n,y,y,?,y,y,y,n,n,n,y,y,democrat
n,n,n,y,y,y,n,n,n,n,n,y,y,y,n,?,republican,n,n,n,y,y,y,n,n,n,n,n,y,y,y,n,?,republican
n,n,y,n,n,y,y,y,y,n,y,y,n,y,y,?,democrat,n,n,y,n,n,y,y,y,y,n,y,y,n,y,y,?,democrat
n,?,y,y,y,y,n,n,n,y,n,n,n,y,n,y,republican,n,?,y,y,y,y,n,n,n,y,n,n,n,y,n,y,republican
n,n,y,n,n,n,y,y,y,y,y,n,?,n,y,?,democrat,n,n,y,n,n,n,y,y,y,y,y,n,?,n,y,?,democrat
y,y,n,n,n,n,y,y,?,n,y,n,n,n,y,?,democrat,y,y,n,n,n,n,y,y,?,n,y,n,n,n,y,?,democrat
n,n,y,n,n,n,y,y,y,n,n,n,n,y,y,y,democrat,n,n,y,n,n,n,y,y,y,n,n,n,n,y,y,y,democrat
y,y,y,n,n,n,y,y,y,n,n,n,n,n,y,y,democrat,y,y,y,n,n,n,y,y,y,n,n,n,n,n,y,y,democrat
y,n,y,n,n,y,y,y,y,y,y,n,n,n,y,y,democrat,y,n,y,n,n,y,y,y,y,y,y,n,n,n,y,y,democrat
y,n,y,n,n,n,y,y,y,y,n,n,n,n,y,y,democrat,y,n,y,n,n,n,y,y,y,y,n,n,n,n,y,y,democrat
n,n,y,y,y,y,y,n,n,n,n,y,y,y,n,y,republican,n,n,y,y,y,y,y,n,n,n,n,y,y,y,n,y,republican
n,n,y,n,n,y,y,y,y,y,n,y,n,n,n,y,democrat,n,n,y,n,n,y,y,y,y,y,n,y,n,n,n,y,democrat
n,n,n,y,y,y,n,n,n,y,n,y,n,y,n,y,republican,n,n,n,y,y,y,n,n,n,y,n,y,n,y,n,y,republican
y,?,n,y,y,y,y,n,n,y,n,y,y,y,n,y,republican,y,?,n,y,y,y,y,n,n,y,n,y,y,y,n,y,republican
n,n,y,n,n,n,y,y,y,n,n,?,n,n,y,y,democrat,n,n,y,n,n,n,y,y,y,n,n,?,n,n,y,y,democrat
y,y,y,n,n,n,y,y,y,y,y,n,n,n,n,y,democrat,y,y,y,n,n,n,y,y,y,y,y,n,n,n,n,y,democrat
n,n,y,n,n,y,y,y,y,n,n,n,n,n,y,y,democrat,n,n,y,n,n,y,y,y,y,n,n,n,n,n,y,y,democrat
n,y,n,y,y,y,n,n,n,y,n,y,y,y,n,y,republican,n,y,n,y,y,y,n,n,n,y,n,y,y,y,n,y,republican
n,n,y,n,n,n,y,y,y,n,y,n,n,n,y,y,democrat,n,n,y,n,n,n,y,y,y,n,y,n,n,n,y,y,democrat
n,y,y,n,n,y,n,y,y,n,y,n,y,n,y,y,democrat,n,y,y,n,n,y,n,y,y,n,y,n,y,n,y,y,democrat
y,y,n,y,y,y,n,n,n,y,n,y,y,y,n,y,republican,y,y,n,y,y,y,n,n,n,y,n,y,y,y,n,y,republican
n,y,y,y,y,y,n,n,n,y,y,y,y,y,y,?,democrat,n,y,y,y,y,y,n,n,n,y,y,y,y,y,y,?,democrat
y,y,y,n,y,y,n,n,?,y,n,n,n,y,y,?,democrat,y,y,y,n,y,y,n,n,?,y,n,n,n,y,y,?,democrat
n,y,n,y,y,y,n,n,n,y,n,y,y,y,n,n,republican,n,y,n,y,y,y,n,n,n,y,n,y,y,y,n,n,republican
y,?,y,n,n,n,y,y,y,n,?,n,n,n,y,?,democrat,y,?,y,n,n,n,y,y,y,n,?,n,n,n,y,?,democrat
n,y,y,n,n,n,n,y,y,n,y,n,n,y,y,y,democrat,n,y,y,n,n,n,n,y,y,n,y,n,n,y,y,y,democrat
n,n,y,n,n,n,y,y,y,n,n,n,n,n,y,?,democrat,n,n,y,n,n,n,y,y,y,n,n,n,n,n,y,?,democrat
n,y,y,n,y,y,n,n,n,n,y,n,n,n,y,?,democrat,n,y,y,n,y,y,n,n,n,n,y,n,n,n,y,?,democrat
y,n,y,n,n,n,y,y,y,n,y,n,n,n,y,?,democrat,y,n,y,n,n,n,y,y,y,n,y,n,n,n,y,?,democrat
n,n,n,y,y,n,n,n,n,n,n,y,y,y,n,y,republican,n,n,n,y,y,n,n,n,n,n,n,y,y,y,n,y,republican
n,y,n,y,y,y,n,n,n,y,n,?,y,y,n,n,republican,n,y,n,y,y,y,n,n,n,y,n,?,y,y,n,n,republican
n,?,n,y,y,y,n,n,n,n,n,y,y,y,n,y,republican,n,?,n,y,y,y,n,n,n,n,n,y,y,y,n,y,republican
n,n,y,n,n,y,y,y,y,n,y,n,n,y,y,y,democrat,n,n,y,n,n,y,y,y,y,n,y,n,n,y,y,y,democrat
y,n,y,n,n,n,y,y,y,n,n,n,n,n,?,y,democrat,y,n,y,n,n,n,y,y,y,n,n,n,n,n,?,y,democrat
n,y,n,y,y,y,n,n,n,n,n,y,y,?,n,y,republican,n,y,n,y,y,y,n,n,n,n,n,y,y,?,n,y,republican
n,y,y,y,y,y,y,n,y,y,n,y,y,y,n,y,republican,n,y,y,y,y,y,y,n,y,y,n,y,y,y,n,y,republican
n,y,n,y,y,y,n,n,n,n,n,y,y,y,n,y,republican,n,y,n,y,y,y,n,n,n,n,n,y,y,y,n,y,republican
n,y,n,y,y,y,n,n,y,y,n,y,y,y,n,y,republican,n,y,n,y,y,y,n,n,y,y,n,y,y,y,n,y,republican
n,y,y,n,n,n,y,y,n,n,y,n,n,n,y,?,democrat,n,y,y,n,n,n,y,y,n,n,y,n,n,n,y,?,democrat
n,y,n,y,y,y,n,n,n,y,n,y,y,y,n,y,republican,n,y,n,y,y,y,n,n,n,y,n,y,y,y,n,y,republican
n,n,y,n,n,y,y,y,y,y,n,y,n,y,y,?,democrat,n,n,y,n,n,y,y,y,y,y,n,y,n,y,y,?,democrat
n,n,n,y,y,y,n,n,n,y,n,y,n,y,n,y,republican,n,n,n,y,y,y,n,n,n,y,n,y,n,y,n,y,republican
n,n,y,n,n,n,y,y,y,n,n,n,n,n,y,y,democrat,n,n,y,n,n,n,y,y,y,n,n,n,n,n,y,y,democrat
y,n,y,n,n,y,y,y,n,n,n,y,y,n,n,y,democrat,y,n,y,n,n,y,y,y,n,n,n,y,y,n,n,y,democrat
y,y,y,n,n,n,y,y,?,y,n,n,n,n,y,?,democrat,y,y,y,n,n,n,y,y,?,y,n,n,n,n,y,?,democrat
n,n,n,y,y,y,y,n,n,y,n,n,n,y,y,y,republican,n,n,n,y,y,y,y,n,n,y,n,n,n,y,y,y,republican
n,n,n,y,n,y,y,?,y,n,n,y,y,y,n,y,republican,n,n,n,y,n,y,y,?,y,n,n,y,y,y,n,y,republican
y,n,y,n,n,n,y,y,y,y,y,n,n,y,y,y,democrat,y,n,y,n,n,n,y,y,y,y,y,n,n,y,y,y,democrat
n,n,n,n,y,y,y,n,n,n,n,?,n,y,y,y,republican,n,n,n,n,y,y,y,n,n,n,n,?,n,y,y,y,republican
n,y,y,n,n,n,y,y,?,y,n,n,y,n,y,y,democrat,n,y,y,n,n,n,y,y,?,y,n,n,y,n,y,y,democrat
y,n,y,n,n,n,n,y,y,y,n,n,n,n,y,y,democrat,y,n,y,n,n,n,n,y,y,y,n,n,n,n,y,y,democrat
y,n,y,n,n,n,y,y,y,y,y,n,n,n,y,y,democrat,y,n,y,n,n,n,y,y,y,y,y,n,n,n,y,y,democrat
n,n,y,n,y,n,y,y,y,n,n,n,n,y,?,y,democrat,n,n,y,n,y,n,y,y,y,n,n,n,n,y,?,y,democrat
n,y,n,y,y,y,?,n,n,n,n,?,y,y,n,n,republican,n,y,n,y,y,y,?,n,n,n,n,?,y,y,n,n,republican
?,?,?,?,?,?,?,?,?,?,?,?,?,?,?,?,republican,?,?,?,?,?,?,?,?,?,?,?,?,?,?,?,?,republican
y,n,y,n,n,n,y,y,?,n,y,n,n,n,y,y,democrat,y,n,y,n,n,n,y,y,?,n,y,n,n,n,y,y,democrat
n,y,n,y,y,y,n,n,n,n,n,y,y,y,n,n,republican,n,y,n,y,y,y,n,n,n,n,n,y,y,y,n,n,republican
n,y,n,y,y,y,n,n,n,n,n,y,y,y,n,n,republican,n,y,n,y,y,y,n,n,n,n,n,y,y,y,n,n,republican
y,y,y,n,n,y,y,y,y,n,n,n,n,n,y,y,democrat,y,y,y,n,n,y,y,y,y,n,n,n,n,n,y,y,democrat
n,y,n,y,y,y,n,n,n,n,n,y,y,y,n,y,republican,n,y,n,y,y,y,n,n,n,n,n,y,y,y,n,y,republican
y,n,y,n,n,n,y,y,y,y,n,n,n,n,n,y,democrat,y,n,y,n,n,n,y,y,y,y,n,n,n,n,n,y,democrat
y,n,y,n,n,n,y,y,y,y,n,n,n,y,y,y,democrat,y,n,y,n,n,n,y,y,y,y,n,n,n,y,y,y,democrat
n,n,n,y,y,n,n,n,n,n,n,y,n,y,n,n,republican,n,n,n,y,y,n,n,n,n,n,n,y,n,y,n,n,republican
n,n,n,y,y,n,n,n,n,n,n,y,n,y,?,y,republican,n,n,n,y,y,n,n,n,n,n,n,y,n,y,?,y,republican
n,n,y,n,n,n,y,y,y,n,y,n,n,n,y,y,democrat,n,n,y,n,n,n,y,y,y,n,y,n,n,n,y,y,democrat
y,n,y,n,n,n,y,y,y,n,n,n,n,n,n,y,democrat,y,n,y,n,n,n,y,y,y,n,n,n,n,n,n,y,democrat
y,n,y,n,n,n,y,y,y,y,n,n,n,n,n,y,democrat,y,n,y,n,n,n,y,y,y,y,n,n,n,n,n,y,democrat
y,n,y,n,n,?,y,y,y,n,?,?,n,?,?,?,democrat,y,n,y,n,n,?,y,y,y,n,?,?,n,?,?,?,democrat
y,n,y,n,n,n,y,y,y,y,n,n,?,n,y,y,democrat,y,n,y,n,n,n,y,y,y,y,n,n,?,n,y,y,democrat
y,n,y,n,n,n,y,y,y,n,n,n,n,n,y,?,democrat,y,n,y,n,n,n,y,y,y,n,n,n,n,n,y,?,democrat
y,n,y,n,n,n,y,y,y,n,n,n,n,n,y,?,democrat,y,n,y,n,n,n,y,y,y,n,n,n,n,n,y,?,democrat
y,n,y,n,n,n,y,y,y,y,n,n,n,n,n,y,democrat,y,n,y,n,n,n,y,y,y,y,n,n,n,n,n,y,democrat
n,n,n,y,y,y,n,n,n,y,n,y,n,y,n,y,republican,n,n,n,y,y,y,n,n,n,y,n,y,n,y,n,y,republican
y,n,n,n,n,n,y,y,y,y,n,n,n,y,n,y,republican,y,n,n,n,n,n,y,y,y,y,n,n,n,y,n,y,republican
y,n,y,n,n,n,y,y,y,n,n,n,n,n,y,?,democrat,y,n,y,n,n,n,y,y,y,n,n,n,n,n,y,?,democrat
y,n,y,n,n,n,y,y,y,n,n,n,n,n,n,y,democrat,y,n,y,n,n,n,y,y,y,n,n,n,n,n,n,y,democrat
y,y,y,n,n,n,y,y,y,n,n,n,n,n,y,y,democrat,y,y,y,n,n,n,y,y,y,n,n,n,n,n,y,y,democrat
n,y,y,n,n,y,y,y,y,n,?,n,n,n,n,y,democrat,n,y,y,n,n,y,y,y,y,n,?,n,n,n,n,y,democrat
y,n,y,n,n,n,y,y,y,y,n,n,n,n,y,?,democrat,y,n,y,n,n,n,y,y,y,y,n,n,n,n,y,?,democrat
n,n,n,y,y,n,y,y,n,y,n,y,y,y,?,y,republican,n,n,n,y,y,n,y,y,n,y,n,y,y,y,?,y,republican
y,n,n,y,y,n,y,n,n,y,n,n,n,y,y,y,republican,y,n,n,y,y,n,y,n,n,y,n,n,n,y,y,y,republican
n,n,y,n,y,y,n,n,n,n,?,n,y,y,n,n,democrat,n,n,y,n,y,y,n,n,n,n,?,n,y,y,n,n,democrat
n,n,n,y,y,y,n,n,n,n,n,y,y,y,y,n,republican,n,n,n,y,y,y,n,n,n,n,n,y,y,y,y,n,republican
n,n,y,y,y,y,y,y,n,y,n,n,n,y,n,y,republican,n,n,y,y,y,y,y,y,n,y,n,n,n,y,n,y,republican
n,n,n,y,y,y,n,n,n,n,n,y,y,y,n,y,republican,n,n,n,y,y,y,n,n,n,n,n,y,y,y,n,y,republican
n,n,n,y,y,y,n,n,n,y,n,y,y,y,n,n,republican,n,n,n,y,y,y,n,n,n,y,n,y,y,y,n,n,republican
n,n,y,n,n,n,y,y,y,y,n,n,n,y,n,y,democrat,n,n,y,n,n,n,y,y,y,y,n,n,n,y,n,y,democrat
y,n,y,y,y,y,y,y,n,n,n,n,n,y,n,?,republican,y,n,y,y,y,y,y,y,n,n,n,n,n,y,n,?,republican
y,n,n,y,y,y,n,n,n,y,n,?,y,y,n,n,republican,y,n,n,y,y,y,n,n,n,y,n,?,y,y,n,n,republican
n,n,n,y,y,y,n,n,n,n,n,y,y,y,n,y,republican,n,n,n,y,y,y,n,n,n,n,n,y,y,y,n,y,republican
n,n,y,n,n,y,y,y,y,y,y,n,n,n,?,y,democrat,n,n,y,n,n,y,y,y,y,y,y,n,n,n,?,y,democrat
n,n,y,n,n,y,y,y,y,y,y,n,n,n,y,y,democrat,n,n,y,n,n,y,y,y,y,y,y,n,n,n,y,y,democrat
n,n,y,n,n,y,?,y,?,y,y,y,n,y,y,?,democrat,n,n,y,n,n,y,?,y,?,y,y,y,n,y,y,?,democrat
y,y,y,?,n,y,y,y,y,n,y,n,y,n,?,y,democrat,y,y,y,?,n,y,y,y,y,n,y,n,y,n,?,y,democrat
y,y,y,n,y,y,n,y,n,y,y,n,y,y,y,y,democrat,y,y,y,n,y,y,n,y,n,y,y,n,y,y,y,y,democrat
y,y,y,n,y,y,n,y,n,y,y,n,y,y,n,?,democrat,y,y,y,n,y,y,n,y,n,y,y,n,y,y,n,?,democrat
y,n,y,n,?,y,?,y,y,y,n,n,y,y,n,y,democrat,y,n,y,n,?,y,?,y,y,y,n,n,y,y,n,y,democrat
y,n,y,n,n,y,y,y,y,y,n,?,n,y,n,y,democrat,y,n,y,n,n,y,y,y,y,y,n,?,n,y,n,y,democrat
y,n,y,n,n,y,y,y,n,y,y,n,y,y,y,y,democrat,y,n,y,n,n,y,y,y,n,y,y,n,y,y,y,y,democrat
y,y,y,n,n,y,y,y,y,y,y,n,y,y,y,y,democrat,y,y,y,n,n,y,y,y,y,y,y,n,y,y,y,y,democrat
n,y,y,n,n,y,y,y,n,y,y,n,y,y,n,?,democrat,n,y,y,n,n,y,y,y,n,y,y,n,y,y,n,?,democrat
n,y,n,y,y,y,?,?,n,y,n,y,?,?,?,?,republican,n,y,n,y,y,y,?,?,n,y,n,y,?,?,?,?,republican
n,n,y,y,y,y,n,n,n,y,n,y,y,y,y,y,republican,n,n,y,y,y,y,n,n,n,y,n,y,y,y,y,y,republican
y,y,y,n,n,y,y,y,y,y,n,n,?,n,y,?,democrat,y,y,y,n,n,y,y,y,y,y,n,n,?,n,y,?,democrat
n,y,n,n,n,n,y,y,y,y,y,n,n,n,y,y,democrat,n,y,n,n,n,n,y,y,y,y,y,n,n,n,y,y,democrat
n,y,y,n,n,y,y,y,y,y,n,n,y,y,y,y,democrat,n,y,y,n,n,y,y,y,y,y,n,n,y,y,y,y,democrat
n,n,n,y,y,n,y,y,y,y,n,y,y,y,n,y,republican,n,n,n,y,y,n,y,y,y,y,n,y,y,y,n,y,republican
n,n,?,n,n,y,y,y,y,n,n,n,n,n,y,y,democrat,n,n,?,n,n,y,y,y,y,n,n,n,n,n,y,y,democrat
n,n,n,y,y,y,y,n,n,y,n,y,y,y,n,y,republican,n,n,n,y,y,y,y,n,n,y,n,y,y,y,n,y,republican
n,n,n,y,y,y,n,n,n,n,n,y,y,y,n,n,republican,n,n,n,y,y,y,n,n,n,n,n,y,y,y,n,n,republican
n,y,n,y,y,y,n,n,n,y,n,y,y,y,n,?,republican,n,y,n,y,y,y,n,n,n,y,n,y,y,y,n,?,republican
n,n,n,y,y,y,n,n,n,y,n,y,y,y,n,n,republican,n,n,n,y,y,y,n,n,n,y,n,y,y,y,n,n,republican
n,n,n,y,y,y,n,n,n,n,n,y,y,y,n,n,republican,n,n,n,y,y,y,n,n,n,n,n,y,y,y,n,n,republican
y,n,y,n,n,y,y,y,y,n,n,n,n,y,n,?,democrat,y,n,y,n,n,y,y,y,y,n,n,n,n,y,n,?,democrat
n,n,n,y,y,y,n,n,n,y,n,y,y,y,n,n,republican,n,n,n,y,y,y,n,n,n,y,n,y,y,y,n,n,republican
y,n,n,n,n,y,y,y,y,y,n,n,n,y,y,y,democrat,y,n,n,n,n,y,y,y,y,y,n,n,n,y,y,y,democrat
n,n,n,y,y,y,n,n,n,y,n,y,y,y,y,n,republican,n,n,n,y,y,y,n,n,n,y,n,y,y,y,y,n,republican
n,n,y,n,n,y,y,y,y,y,n,n,y,n,n,y,democrat,n,n,y,n,n,y,y,y,y,y,n,n,y,n,n,y,democrat
y,y,y,n,n,n,y,y,y,y,n,n,n,n,y,y,democrat,y,y,y,n,n,n,y,y,y,y,n,n,n,n,y,y,democrat
n,y,y,y,y,y,n,n,n,y,n,y,y,y,n,y,republican,n,y,y,y,y,y,n,n,n,y,n,y,y,y,n,y,republican
n,y,n,y,y,y,y,y,n,n,y,y,y,y,y,y,republican,n,y,n,y,y,y,y,y,n,n,y,y,y,y,y,y,republican
n,y,y,y,y,y,y,?,n,n,n,n,?,?,y,?,republican,n,y,y,y,y,y,y,?,n,n,n,n,?,?,y,?,republican
n,n,n,n,n,y,n,y,y,n,y,y,y,y,y,n,democrat,n,n,n,n,n,y,n,y,y,n,y,y,y,y,y,n,democrat
y,n,n,n,n,n,y,y,y,y,n,n,n,n,y,y,democrat,y,n,n,n,n,n,y,y,y,y,n,n,n,n,y,y,democrat
n,n,y,n,n,n,y,y,y,n,n,n,n,n,y,?,democrat,n,n,y,n,n,n,y,y,y,n,n,n,n,n,y,?,democrat
y,n,y,n,n,n,y,y,y,n,n,n,n,n,y,?,democrat,y,n,y,n,n,n,y,y,y,n,n,n,n,n,y,?,democrat
n,y,y,n,n,y,n,y,y,y,n,n,y,y,n,y,democrat,n,y,y,n,n,y,n,y,y,y,n,n,y,y,n,y,democrat
y,y,y,n,n,n,y,y,y,y,n,n,y,n,n,y,democrat,y,y,y,n,n,n,y,y,y,y,n,n,y,n,n,y,democrat
y,y,y,n,?,y,n,?,n,n,y,n,y,y,n,?,democrat,y,y,y,n,?,y,n,?,n,n,y,n,y,y,n,?,democrat
y,y,y,n,y,y,n,y,?,y,n,n,y,y,n,?,democrat,y,y,y,n,y,y,n,y,?,y,n,n,y,y,n,?,democrat
n,y,n,y,y,y,n,n,n,n,y,y,y,y,n,n,republican,n,y,n,y,y,y,n,n,n,n,y,y,y,y,n,n,republican
n,y,n,n,y,y,n,n,?,n,n,y,y,y,n,y,democrat,n,y,n,n,y,y,n,n,?,n,n,y,y,y,n,y,democrat
y,y,n,y,n,n,y,y,y,n,y,n,n,y,n,y,democrat,y,y,n,y,n,n,y,y,y,n,y,n,n,y,n,y,democrat
n,y,n,y,y,y,n,n,n,n,n,y,y,y,n,y,republican,n,y,n,y,y,y,n,n,n,n,n,y,y,y,n,y,republican
y,y,y,n,n,n,y,y,y,n,y,n,n,n,n,y,democrat,y,y,y,n,n,n,y,y,y,n,y,n,n,n,n,y,democrat
y,?,y,n,n,y,y,y,y,y,n,n,n,n,y,?,democrat,y,?,y,n,n,y,y,y,y,y,n,n,n,n,y,?,democrat
n,y,n,y,y,y,n,n,n,y,n,y,y,y,n,n,republican,n,y,n,y,y,y,n,n,n,y,n,y,y,y,n,n,republican
y,?,y,n,n,n,y,y,y,n,n,n,n,n,y,?,democrat,y,?,y,n,n,n,y,y,y,n,n,n,n,n,y,?,democrat
y,n,y,n,n,n,y,y,y,n,y,n,n,n,y,?,democrat,y,n,y,n,n,n,y,y,y,n,y,n,n,n,y,?,democrat
n,n,y,n,n,n,y,y,y,n,n,n,n,n,y,y,democrat,n,n,y,n,n,n,y,y,y,n,n,n,n,n,y,y,democrat
n,y,y,n,n,y,y,y,?,n,y,y,n,n,y,y,democrat,n,y,y,n,n,y,y,y,?,n,y,y,n,n,y,y,democrat
n,n,n,y,y,y,n,n,n,y,y,y,y,y,n,?,republican,n,n,n,y,y,y,n,n,n,y,y,y,y,y,n,?,republican
n,n,y,n,n,y,y,y,n,n,y,n,n,y,?,y,democrat,n,n,y,n,n,y,y,y,n,n,y,n,n,y,?,y,democrat
y,n,y,n,n,n,y,y,y,n,n,n,n,n,y,y,democrat,y,n,y,n,n,n,y,y,y,n,n,n,n,n,y,y,democrat
y,n,y,n,n,n,y,y,y,y,n,n,n,y,y,y,democrat,y,n,y,n,n,n,y,y,y,y,n,n,n,y,y,y,democrat
y,n,n,y,y,y,n,n,n,n,y,y,y,y,n,n,republican,y,n,n,y,y,y,n,n,n,n,y,y,y,y,n,n,republican
n,n,n,y,y,y,n,n,n,y,y,y,n,y,n,y,republican,n,n,n,y,y,y,n,n,n,y,y,y,n,y,n,y,republican
n,?,y,?,n,y,y,y,y,y,y,n,?,?,y,y,democrat,n,?,y,?,n,y,y,y,y,y,y,n,?,?,y,y,democrat
n,y,y,n,y,?,y,n,n,y,y,n,y,n,y,y,democrat,n,y,y,n,y,?,y,n,n,y,y,n,y,n,y,y,democrat
n,n,n,y,y,n,y,n,y,y,n,n,n,y,n,y,republican,n,n,n,y,y,n,y,n,y,y,n,n,n,y,n,y,republican
n,n,y,n,n,n,y,y,y,y,y,n,n,n,y,y,democrat,n,n,y,n,n,n,y,y,y,y,y,n,n,n,y,y,democrat
n,n,n,y,y,y,y,n,n,y,n,y,n,y,y,y,republican,n,n,n,y,y,y,y,n,n,y,n,y,n,y,y,y,republican
n,n,n,y,y,y,n,n,n,y,n,y,y,y,n,y,republican,n,n,n,y,y,y,n,n,n,y,n,y,y,y,n,y,republican
y,n,n,y,y,y,n,n,n,y,n,y,y,y,n,n,republican,y,n,n,y,y,y,n,n,n,y,n,y,y,y,n,n,republican
y,n,y,n,n,n,y,y,y,y,n,y,n,n,y,?,democrat,y,n,y,n,n,n,y,y,y,y,n,y,n,n,y,?,democrat
n,y,y,y,y,y,y,y,y,n,n,y,y,y,n,y,republican,n,y,y,y,y,y,y,y,y,n,n,y,y,y,n,y,republican
n,y,n,n,n,y,y,n,y,n,y,n,n,n,y,y,democrat,n,y,n,n,n,y,y,n,y,n,y,n,n,n,y,y,democrat
n,n,y,y,y,y,y,y,y,y,n,y,y,y,y,y,republican,n,n,y,y,y,y,y,y,y,y,n,y,y,y,y,y,republican
n,y,n,y,n,y,y,y,y,n,y,n,y,n,y,?,democrat,n,y,n,y,n,y,y,y,y,n,y,n,y,n,y,?,democrat
n,n,y,y,y,y,y,n,n,y,y,y,y,y,n,y,republican,n,n,y,y,y,y,y,n,n,y,y,y,y,y,n,y,republican
n,y,y,n,n,y,y,y,y,y,n,?,n,n,y,y,democrat,n,y,y,n,n,y,y,y,y,y,n,?,n,n,y,y,democrat
y,n,y,y,n,n,n,y,y,y,n,n,n,y,y,y,republican,y,n,y,y,n,n,n,y,y,y,n,n,n,y,y,y,republican
n,n,n,y,y,y,n,n,n,n,n,y,y,y,n,n,republican,n,n,n,y,y,y,n,n,n,n,n,y,y,y,n,n,republican
n,n,n,y,y,y,n,n,n,n,n,y,y,y,n,n,republican,n,n,n,y,y,y,n,n,n,n,n,y,y,y,n,n,republican
y,y,y,n,n,y,y,y,y,y,y,y,y,y,n,?,democrat,y,y,y,n,n,y,y,y,y,y,y,y,y,y,n,?,democrat
n,n,n,y,y,y,n,n,n,y,?,y,y,y,n,y,republican,n,n,n,y,y,y,n,n,n,y,?,y,y,y,n,y,republican
y,n,y,n,n,y,y,y,y,y,n,n,y,n,n,y,democrat,y,n,y,n,n,y,y,y,y,y,n,n,y,n,n,y,democrat
y,n,y,n,y,y,y,n,y,y,n,n,y,y,n,?,democrat,y,n,y,n,y,y,y,n,y,y,n,n,y,y,n,?,democrat
y,y,y,n,n,y,y,y,y,y,y,y,y,n,n,y,democrat,y,y,y,n,n,y,y,y,y,y,y,y,y,n,n,y,democrat
y,y,n,y,y,y,n,n,n,y,y,n,y,n,n,n,republican,y,y,n,y,y,y,n,n,n,y,y,n,y,n,n,n,republican
y,y,n,y,y,y,n,n,n,n,y,n,y,y,n,y,republican,y,y,n,y,y,y,n,n,n,n,y,n,y,y,n,y,republican
n,y,n,n,y,y,n,n,n,y,y,n,y,y,n,n,democrat,n,y,n,n,y,y,n,n,n,y,y,n,y,y,n,n,democrat
y,n,y,n,n,n,y,y,n,y,y,n,n,n,n,?,democrat,y,n,y,n,n,n,y,y,n,y,y,n,n,n,n,?,democrat
y,y,y,n,y,y,y,y,n,y,y,n,n,n,y,?,democrat,y,y,y,n,y,y,y,y,n,y,y,n,n,n,y,?,democrat
n,y,y,n,n,y,y,y,n,y,n,n,n,n,y,y,democrat,n,y,y,n,n,y,y,y,n,y,n,n,n,n,y,y,democrat
n,y,n,y,y,y,n,n,n,n,n,n,y,y,n,y,republican,n,y,n,y,y,y,n,n,n,n,n,n,y,y,n,y,republican
y,y,y,n,?,y,y,y,n,y,?,?,n,n,y,y,democrat,y,y,y,n,?,y,y,y,n,y,?,?,n,n,y,y,democrat
y,y,y,n,?,n,y,y,y,y,n,n,n,n,y,?,democrat,y,y,y,n,?,n,y,y,y,y,n,n,n,n,y,?,democrat
n,y,y,y,y,y,n,n,n,n,y,y,?,y,n,n,democrat,n,y,y,y,y,y,n,n,n,n,y,y,?,y,n,n,democrat
n,y,y,?,y,y,n,y,n,y,?,n,y,y,?,y,democrat,n,y,y,?,y,y,n,y,n,y,?,n,y,y,?,y,democrat
n,y,n,y,y,y,n,n,n,n,n,y,y,y,n,y,republican,n,y,n,y,y,y,n,n,n,n,n,y,y,y,n,y,republican
n,y,n,y,y,y,n,n,n,n,y,y,n,y,n,n,democrat,n,y,n,y,y,y,n,n,n,n,y,y,n,y,n,n,democrat
y,?,y,n,n,n,y,y,y,n,y,n,n,n,y,y,democrat,y,?,y,n,n,n,y,y,y,n,y,n,n,n,y,y,democrat
n,y,n,y,y,y,?,?,n,n,?,?,y,?,?,?,republican,n,y,n,y,y,y,?,?,n,n,?,?,y,?,?,?,republican
n,n,n,y,y,y,n,n,n,n,n,y,y,y,n,y,republican,n,n,n,y,y,y,n,n,n,n,n,y,y,y,n,y,republican
n,n,n,y,y,y,n,n,n,n,n,y,y,y,n,y,republican,n,n,n,y,y,y,n,n,n,n,n,y,y,y,n,y,republican
y,y,y,n,n,y,?,y,y,n,y,n,y,n,y,y,democrat,y,y,y,n,n,y,?,y,y,n,y,n,y,n,y,y,democrat
y,y,y,n,y,y,y,y,y,y,y,n,y,y,n,?,democrat,y,y,y,n,y,y,y,y,y,y,y,n,y,y,n,?,democrat
y,y,n,y,y,y,n,n,n,n,y,n,y,y,n,?,democrat,y,y,n,y,y,y,n,n,n,n,y,n,y,y,n,?,democrat
y,y,y,n,y,y,n,y,y,y,y,n,n,n,n,y,democrat,y,y,y,n,y,y,n,y,y,y,y,n,n,n,n,y,democrat
y,y,y,y,y,y,n,n,n,n,y,y,y,y,n,y,democrat,y,y,y,y,y,y,n,n,n,n,y,y,y,y,n,y,democrat
y,y,n,n,y,y,n,n,n,n,y,y,y,y,y,n,democrat,y,y,n,n,y,y,n,n,n,n,y,y,y,y,y,n,democrat
n,?,y,n,y,y,n,y,n,n,y,n,n,n,n,?,democrat,n,?,y,n,y,y,n,y,n,n,y,n,n,n,n,?,democrat
y,y,y,n,y,y,n,y,y,n,y,n,n,y,n,?,democrat,y,y,y,n,y,y,n,y,y,n,y,n,n,y,n,?,democrat
n,y,y,y,y,y,n,n,n,n,n,y,y,y,n,?,democrat,n,y,y,y,y,y,n,n,n,n,n,y,y,y,n,?,democrat
y,n,y,n,n,n,y,y,y,?,y,n,n,n,y,?,democrat,y,n,y,n,n,n,y,y,y,?,y,n,n,n,y,?,democrat
?,?,n,n,?,y,?,n,n,n,y,y,n,y,n,?,democrat,?,?,n,n,?,y,?,n,n,n,y,y,n,y,n,?,democrat
y,y,n,n,n,n,n,y,y,n,y,n,n,n,y,n,democrat,y,y,n,n,n,n,n,y,y,n,y,n,n,n,y,n,democrat
y,y,n,y,y,y,n,n,n,n,y,y,y,y,n,y,republican,y,y,n,y,y,y,n,n,n,n,y,y,y,y,n,y,republican
?,?,?,?,n,y,n,y,y,n,n,y,y,n,n,?,republican,?,?,?,?,n,y,n,y,y,n,n,y,y,n,n,?,republican
y,y,?,?,?,y,n,n,n,n,y,n,y,n,n,y,democrat,y,y,?,?,?,y,n,n,n,n,y,n,y,n,n,y,democrat
y,y,y,?,n,n,n,y,n,n,y,?,n,n,y,y,democrat,y,y,y,?,n,n,n,y,n,n,y,?,n,n,y,y,democrat
y,y,y,n,y,y,n,y,n,n,y,n,y,n,y,y,democrat,y,y,y,n,y,y,n,y,n,n,y,n,y,n,y,y,democrat
y,y,n,n,y,?,n,n,n,n,y,n,y,y,n,y,democrat,y,y,n,n,y,?,n,n,n,n,y,n,y,y,n,y,democrat
n,y,y,n,y,y,n,y,n,n,n,n,n,n,n,y,democrat,n,y,y,n,y,y,n,y,n,n,n,n,n,n,n,y,democrat
n,y,n,y,?,y,n,n,n,y,n,y,y,y,n,n,republican,n,y,n,y,?,y,n,n,n,y,n,y,y,y,n,n,republican
n,y,n,y,y,y,n,?,n,n,?,?,?,y,n,?,republican,n,y,n,y,y,y,n,?,n,n,?,?,?,y,n,?,republican
n,y,n,y,y,y,n,n,n,y,y,y,y,y,n,n,republican,n,y,n,y,y,y,n,n,n,y,y,y,y,y,n,n,republican
?,n,y,y,n,y,y,y,y,y,n,y,n,y,n,y,republican,?,n,y,y,n,y,y,y,y,y,n,y,n,y,n,y,republican
n,y,n,y,y,y,n,n,n,y,n,y,?,y,n,n,republican,n,y,n,y,y,y,n,n,n,y,n,y,?,y,n,n,republican
y,y,n,y,y,y,n,n,n,y,n,y,y,y,n,y,republican,y,y,n,y,y,y,n,n,n,y,n,y,y,y,n,y,republican
n,n,n,y,y,y,n,n,n,n,n,y,y,y,n,y,republican,n,n,n,y,y,y,n,n,n,n,n,y,y,y,n,y,republican
y,n,y,n,y,y,n,n,y,y,n,n,y,y,n,y,democrat,y,n,y,n,y,y,n,n,y,y,n,n,y,y,n,y,democrat
n,n,n,y,y,y,n,n,n,n,y,y,y,y,n,n,democrat,n,n,n,y,y,y,n,n,n,n,y,y,y,y,n,n,democrat
y,n,y,n,n,y,y,y,y,n,n,y,?,y,y,y,democrat,y,n,y,n,n,y,y,y,y,n,n,y,?,y,y,y,democrat
n,n,n,y,y,y,n,n,n,n,n,y,y,y,n,n,republican,n,n,n,y,y,y,n,n,n,n,n,y,y,y,n,n,republican
n,n,n,y,y,y,n,n,n,n,y,y,y,y,n,y,republican,n,n,n,y,y,y,n,n,n,n,y,y,y,y,n,y,republican
y,n,y,n,n,y,y,y,y,y,y,n,n,n,n,y,democrat,y,n,y,n,n,y,y,y,y,y,y,n,n,n,n,y,democrat
n,n,n,y,y,y,n,n,n,y,n,y,y,y,n,y,republican,n,n,n,y,y,y,n,n,n,y,n,y,y,y,n,y,republican
y,y,y,y,y,y,y,y,n,y,?,?,?,y,n,y,republican,y,y,y,y,y,y,y,y,n,y,?,?,?,y,n,y,republican
y,y,y,n,n,n,y,y,y,n,n,n,n,n,n,y,democrat,y,y,y,n,n,n,y,y,y,n,n,n,n,n,n,y,democrat
n,y,y,n,n,y,y,y,?,y,n,n,n,n,n,y,democrat,n,y,y,n,n,y,y,y,?,y,n,n,n,n,n,y,democrat
y,y,n,y,y,y,n,n,n,y,n,n,y,y,n,y,republican,y,y,n,y,y,y,n,n,n,y,n,n,y,y,n,y,republican
y,y,y,n,n,n,y,y,y,y,y,n,y,n,n,y,democrat,y,y,y,n,n,n,y,y,y,y,y,n,y,n,n,y,democrat
y,y,y,n,n,n,y,y,n,y,n,n,n,n,n,y,democrat,y,y,y,n,n,n,y,y,n,y,n,n,n,n,n,y,democrat
y,y,y,n,n,n,y,y,y,n,n,n,n,n,n,y,democrat,y,y,y,n,n,n,y,y,y,n,n,n,n,n,n,y,democrat
y,y,y,y,y,y,y,y,n,y,n,n,y,y,n,y,republican,y,y,y,y,y,y,y,y,n,y,n,n,y,y,n,y,republican
n,y,y,n,y,y,y,y,n,n,y,n,y,n,y,y,democrat,n,y,y,n,y,y,y,y,n,n,y,n,y,n,y,y,democrat
n,n,y,n,n,y,y,y,y,n,y,n,n,n,y,y,democrat,n,n,y,n,n,y,y,y,y,n,y,n,n,n,y,y,democrat
n,y,y,n,n,y,y,y,y,n,y,n,n,y,y,y,democrat,n,y,y,n,n,y,y,y,y,n,y,n,n,y,y,y,democrat
n,y,y,n,n,?,y,y,y,y,y,n,?,y,y,y,democrat,n,y,y,n,n,?,y,y,y,y,y,n,?,y,y,y,democrat
n,n,y,n,n,n,y,y,n,y,y,n,n,n,y,?,democrat,n,n,y,n,n,n,y,y,n,y,y,n,n,n,y,?,democrat
y,n,y,n,n,n,y,y,y,y,n,n,n,n,y,y,democrat,y,n,y,n,n,n,y,y,y,y,n,n,n,n,y,y,democrat
n,n,n,y,y,y,y,y,n,y,n,y,y,y,n,y,republican,n,n,n,y,y,y,y,y,n,y,n,y,y,y,n,y,republican
?,?,?,n,n,n,y,y,y,y,n,n,y,n,y,y,democrat,?,?,?,n,n,n,y,y,y,y,n,n,y,n,y,y,democrat
y,n,y,n,?,n,y,y,y,y,n,y,n,?,y,y,democrat,y,n,y,n,?,n,y,y,y,y,n,y,n,?,y,y,democrat
n,n,y,y,y,y,n,n,y,y,n,y,y,y,n,y,republican,n,n,y,y,y,y,n,n,y,y,n,y,y,y,n,y,republican
n,n,y,n,n,n,y,y,y,y,n,n,n,n,n,y,democrat,n,n,y,n,n,n,y,y,y,y,n,n,n,n,n,y,democrat
n,?,n,y,y,y,n,n,n,n,y,y,y,y,n,y,republican,n,?,n,y,y,y,n,n,n,n,y,y,y,y,n,y,republican
n,n,n,y,y,y,?,?,?,?,n,y,y,y,n,y,republican,n,n,n,y,y,y,?,?,?,?,n,y,y,y,n,y,republican
n,y,n,y,y,y,n,n,n,y,n,y,y,y,?,n,republican,n,y,n,y,y,y,n,n,n,y,n,y,y,y,?,n,republican

