--> dumpfile.txt
Seed=1, Test=1: '?',C,R,0,0,'?',S,2,0,'?','?',E,'?','?','?','?','?','?','?','?','?',Y,'?','?','?','?','?','?','?','?','?',SHEET,1.2,609.9,4170,'?',0,'?',3
2: '?',C,A,0,0,'?',S,2,0,'?','?',F,'?','?',Y,'?',B,Y,'?','?','?','?','?','?','?','?','?','?','?','?','?',SHEET,0.699,609.9,0,'?',0,'?',3
3: '?',C,A,0,85,T,'?','?',0,'?','?',G,'?','?','?',Y,M,'?','?','?','?','?','?','?','?','?','?','?','?','?','?',COIL,4,610,0,'?',500,'?',U
4: TN,C,A,0,0,'?','?',3,0,N,'?','?','?','?','?','?',B,'?','?','?','?','?','?','?',Y,'?','?','?','?','?','?',SHEET,1.6,610,762,'?',0,'?',5
5: TN,C,'?',0,0,'?',A,1,0,'?','?','?','?','?','?','?','?','?','?','?',P,'?','?','?','?','?','?','?','?','?','?',COIL,1.6,1220,0,'?',0,'?',5
6: '?',C,A,0,0,'?',S,2,0,'?','?',E,'?','?','?','?','?',Y,'?','?','?','?','?','?','?','?','?','?','?','?','?',SHEET,1.599,1320,762,'?',0,'?',3
7: ZS,C,A,0,85,T,'?','?',0,'?','?',E,'?','?','?',Y,'?','?','?','?','?','?','?','?','?','?','?','?','?','?','?',SHEET,1,610,762,'?',0,'?',U
8: '?',C,R,0,0,'?',S,2,0,'?','?','?','?','?','?','?','?','?','?','?','?','?','?','?','?','?','?','?','?','?','?',COIL,1.599,609.9,0,'?',0,'?',2
9: ZS,C,A,0,0,'?',S,3,0,N,'?',E,'?','?','?','?','?','?','?','?','?','?','?','?','?','?','?','?','?','?','?',SHEET,0.7,609.9,4170,'?',0,'?',3
10: '?',C,A,0,45,'?',S,'?',0,'?','?',D,'?','?','?','?','?','?','?','?','?','?','?','?','?','?','?','?','?','?','?',SHEET,0.3,610,761,'?',0,'?',3
11: '?',C,R,0,0,'?',S,3,0,'?','?',E,'?','?','?','?','?','?','?','?','?','?','?','?','?','?','?','?','?','?','?',COIL,0.8,609.9,0,'?',0,'?',3
12: '?',C,R,0,0,'?',S,2,0,'?','?',E,'?','?','?','?',B,Y,'?','?','?',Y,'?','?','?','?','?','?','?','?','?',SHEET,0.7,150,612,'?',0,'?',3
13: ZS,C,A,0,50,T,'?','?',0,'?','?',E,'?','?','?','?',B,'?','?','?','?','?','?','?','?','?','?','?','?','?','?',SHEET,0.451,1250,762,'?',0,'?',3
14: '?',C,R,0,0,'?',S,2,0,'?','?',E,'?','?','?','?',B,'?','?','?','?','?','?','?','?','?','?','?','?','?','?',COIL,0.699,610,0,'?',0,'?',3
15: '?',C,A,0,0,'?',S,2,0,'?','?',F,'?','?',Y,'?',B,'?','?','?','?','?','?','?','?','?','?','?','?','?','?',SHEET,0.6,609.9,762,'?',0,'?',3
16: '?',C,R,0,0,'?',S,2,0,'?','?','?','?','?','?',Y,'?','?','?','?','?','?','?','?','?','?','?','?','?','?','?',SHEET,0.8,1300,4880,'?',0,'?',2
17: '?',C,A,0,45,'?',S,'?',0,'?','?',D,'?','?','?','?','?','?','?','?','?','?','?','?','?','?','?','?','?','?','?',SHEET,0.7,1320,762,'?',0,'?',3
18: ZS,C,A,0,0,'?',S,5,0,N,'?',E,'?','?','?','?','?','?','?','?','?','?','?','?','?','?','?','?','?','?','?',COIL,0.8,609.9,0,'?',0,'?',3
19: '?',C,R,0,0,'?',S,2,0,'?','?',E,'?','?',Y,'?',B,Y,'?','?','?','?','?','?','?','?','?','?','?','?','?',SHEET,1.599,610,762,'?',0,'?',3
20: '?',C,R,0,0,'?',S,2,0,'?','?',E,'?','?',Y,'?','?',Y,'?','?','?','?','?','?','?','?','?','?','?','?','?',SHEET,0.3,1320,762,Y,0,'?',3
21: '?',C,R,0,0,'?',S,2,0,'?','?',E,'?','?','?','?',B,Y,'?','?','?','?','?','?','?','?','?','?','?','?','?',SHEET,0.4,610,150,'?',0,'?',3
22: '?',C,'?',0,0,'?',S,1,0,'?','?',G,'?','?','?','?','?','?','?','?','?','?','?','?','?','?','?','?','?','?','?',SHEET,0.3,374.9,762,'?',0,'?',3
23: TN,C,A,0,0,'?','?',3,0,N,'?','?','?','?','?','?','?','?','?','?','?','?','?','?',Y,'?','?','?','?','?','?',COIL,0.799,20,0,'?',0,'?',5
24: '?',C,R,0,0,'?',S,2,0,'?','?',E,'?','?','?','?','?',Y,'?','?','?',Y,'?','?','?','?','?','?','?','?','?',SHEET,1.2,610,4170,'?',0,'?',3
25: '?',C,R,0,0,'?',S,2,0,'?','?','?','?','?','?','?','?',Y,'?','?','?','?','?','?','?','?','?','?','?','?','?',SHEET,1.6,1500,4170,'?',0,'?',2
26: '?',C,A,0,0,'?',S,3,0,N,'?',E,'?','?','?','?','?','?','?','?','?','?','?','?','?','?','?','?','?','?','?',SHEET,1,1320,4880,'?',0,'?',3
27: '?',C,R,0,0,'?',S,3,0,'?','?','?','?','?','?','?',B,'?','?','?','?','?','?','?','?','?','?','?','?','?','?',SHEET,1.599,610,762,'?',0,'?',2
28: '?',C,R,0,0,'?','?','?',500,'?','?','?','?','?','?','?','?','?','?','?','?','?','?','?','?','?','?','?','?','?','?',COIL,1.6,609.9,0,'?',0,'?',3
29: '?',C,A,0,0,'?',S,2,0,'?','?',E,'?','?',Y,'?','?','?','?','?','?','?','?','?','?','?','?','?','?','?','?',COIL,1.6,1320,0,'?',0,'?',3
30: '?',C,'?',0,50,T,'?','?',0,'?','?',G,'?','?','?',Y,'?','?','?','?','?','?','?','?','?','?','?','?','?','?','?',COIL,0.601,610,0,'?',0,'?',3
31: '?',C,R,0,0,'?',S,2,0,'?','?',E,'?','?','?','?','?','?','?','?','?','?','?','?','?','?','?','?','?','?','?',SHEET,0.699,610,762,N,0,'?',3
32: '?',C,A,0,0,'?',S,2,0,'?','?',F,'?','?',Y,'?','?',Y,'?','?','?','?','?','?','?','?','?','?','?','?','?',SHEET,0.6,609.9,762,'?',0,'?',3
33: '?',C,A,0,45,'?',S,'?',0,'?','?',D,'?','?','?','?',B,Y,'?','?','?','?','?','?','?','?','?','?','?','?','?',SHEET,0.4,1220,300,'?',0,'?',3
34: '?',C,R,0,0,'?',S,3,0,'?','?','?','?','?','?','?','?','?','?','?','?','?','?','?','?','?','?','?','?','?','?',SHEET,1.599,610,761,'?',0,'?',2
35: '?',C,A,0,0,'?','?','?',500,'?','?',G,'?','?','?','?','?','?','?','?','?','?','?','?','?','?','?','?','?','?','?',COIL,0.9,1320,0,'?',0,'?',3
36: '?',C,A,0,0,'?',S,2,0,'?','?',E,'?','?','?','?','?','?','?','?','?','?','?','?','?','?','?','?','?','?','?',COIL,0.301,610,0,N,0,'?',3
37: '?',C,V,0,0,'?',S,2,0,'?','?','?',2,'?','?','?','?','?','?','?','?','?','?','?','?','?','?','?','?','?','?',SHEET,0.8,610,4880,'?',0,'?',2
38: '?',C,R,6,0,T,'?','?',0,'?','?','?','?','?',Y,'?','?','?','?','?','?','?','?','?','?','?','?','?','?','?','?',COIL,0.5,25,0,'?',0,'?',3
39: '?',C,A,0,0,'?',S,2,0,'?','?',E,'?','?','?','?',B,'?','?','?','?','?','?','?','?','?','?','?','?','?','?',COIL,3.2,60,0,'?',0,'?',3
40: '?',C,A,0,0,'?',S,2,0,'?','?',E,'?','?',Y,'?','?','?','?','?','?','?','?','?','?','?','?','?','?','?','?',SHEET,0.3,1320,762,Y,0,'?',3
41: '?',C,R,0,0,'?',S,3,0,'?','?',E,'?','?','?','?','?','?','?','?','?','?','?','?','?','?','?','?','?','?','?',SHEET,0.6,375,4880,'?',0,'?',3
42: ZS,C,A,0,50,T,'?','?',0,'?','?',E,'?','?',Y,'?','?','?','?','?','?','?','?','?','?','?','?','?','?','?','?',SHEET,0.4,1220,762,'?',0,'?',3
43: '?',C,R,0,0,'?',S,3,0,'?','?','?','?','?','?','?','?','?','?','?','?','?','?','?','?','?','?','?','?','?','?',SHEET,1.601,830,881,'?',0,'?',2
44: '?',C,R,0,0,'?',S,2,0,'?','?',E,'?','?','?',Y,'?','?','?','?','?','?','?','?','?','?','?','?','?','?','?',SHEET,3.2,1300,762,'?',0,'?',3
45: '?',C,A,0,0,'?',S,2,0,'?','?',G,'?','?','?','?',B,Y,'?','?','?',Y,'?','?','?','?','?','?','?','?','?',SHEET,0.7,1300,4170,'?',0,'?',3
46: TN,C,A,0,0,'?','?',3,0,N,'?','?','?','?','?','?','?','?','?','?','?','?','?','?',Y,'?','?','?','?','?','?',COIL,1.6,1220,0,'?',0,'?',5
47: '?',C,A,0,0,'?',S,2,0,'?','?',F,'?','?',Y,'?',B,Y,'?','?','?','?','?','?','?','?','?','?','?','?','?',SHEET,0.6,300.1,4880,'?',0,'?',3
48: '?',C,K,65,0,'?','?','?',0,'?','?','?','?','?','?','?','?','?','?','?','?','?','?','?','?','?','?',Y,'?','?','?',COIL,0.6,900,0,'?',0,'?',3
49: TN,C,'?',0,0,'?',A,1,0,'?','?','?','?','?','?','?','?','?','?','?','?','?','?','?',Y,'?','?','?','?','?','?',SHEET,0.5,609.9,3000,'?',0,'?',5
50: '?',C,A,0,0,'?',S,2,0,'?','?',E,'?','?','?','?','?','?','?','?','?',Y,'?','?','?','?','?','?','?','?','?',COIL,1.6,610,0,'?',0,3,3
51: '?',C,R,0,0,'?',S,2,0,'?','?',E,'?','?',Y,'?','?',Y,'?','?','?','?','?','?','?','?','?','?','?','?','?',SHEET,3.2,1300,4880,'?',0,'?',3
52: '?',C,R,0,0,'?',S,3,0,'?','?','?','?','?','?','?','?','?','?','?','?','?','?','?','?','?','?','?','?','?','?',COIL,0.8,20,0,'?',0,'?',2
53: '?',C,A,0,85,T,'?','?',0,'?','?',G,'?','?','?','?',M,'?','?','?','?','?','?','?','?','?','?',Y,'?','?','?',COIL,4,1000,0,'?',600,'?',U
54: '?',C,'?',0,0,'?','?','?',500,'?',P,'?','?','?','?','?','?','?','?','?','?','?','?','?','?','?','?','?','?','?','?',SHEET,1.6,610,762,'?',0,'?',2
55: '?',C,A,0,80,T,'?','?',0,'?','?',G,'?','?','?','?','?','?','?','?','?',Y,'?','?','?','?','?','?','?','?','?',COIL,0.5,28,0,'?',0,'?',3
56: '?',C,R,0,0,'?',S,3,0,'?','?',E,'?','?','?','?','?','?','?','?','?','?','?','?','?','?','?','?','?','?','?',COIL,1,75,0,'?',0,'?',3
57: '?',C,A,0,0,'?',S,2,0,'?','?',G,'?','?','?',Y,'?','?','?','?','?','?','?','?','?','?','?','?','?','?','?',SHEET,0.7,610,4880,'?',0,'?',3
58: '?',C,A,0,0,'?',S,2,0,'?','?',E,'?','?','?','?','?','?','?','?','?','?','?','?','?','?','?','?','?','?','?',COIL,3.2,609.9,0,'?',0,'?',3
59: '?',C,R,0,0,'?',S,3,0,'?','?','?','?','?','?','?','?',Y,'?','?','?','?','?','?','?','?','?','?','?','?','?',SHEET,0.8,1320,762,'?',0,'?',2
60: '?',C,A,0,85,T,'?','?',0,'?','?',G,'?','?','?','?',M,'?','?','?','?','?','?','?','?','?','?',Y,'?','?','?',COIL,3.201,610,0,'?',600,'?',U
61: '?',C,R,0,0,'?',S,2,0,'?','?','?','?','?','?',Y,'?','?','?','?','?','?','?','?','?','?','?','?','?','?','?',SHEET,1.599,610,4880,'?',0,'?',2
62: '?',C,R,0,0,'?',S,2,0,'?','?',E,'?','?',Y,'?','?','?','?','?','?','?','?','?','?','?','?','?','?','?','?',SHEET,3.2,1320,4880,'?',0,'?',3
63: '?',C,W,0,0,'?','?','?',310,'?','?',G,'?','?','?','?','?','?','?','?','?','?','?','?','?','?','?','?','?','?','?',SHEET,0.8,1275,762,'?',0,'?',3
64: '?',C,'?',0,0,'?','?','?',500,'?',P,'?','?','?','?','?','?','?','?','?','?','?','?','?','?','?',B,'?','?','?','?',SHEET,2,609.9,4880,'?',0,'?',2
65: ZS,C,A,0,85,T,'?','?',0,'?','?',E,'?','?','?',Y,'?','?','?','?','?',Y,'?','?','?','?','?','?','?','?','?',SHEET,1.2,600,150,'?',0,'?',U
66: '?',C,A,0,0,'?',S,3,0,N,'?',F,'?','?','?','?','?','?','?','?','?','?','?','?','?','?','?','?','?','?','?',SHEET,1,610,4880,'?',0,'?',3
67: '?',C,'?',0,0,'?',S,1,0,'?','?',G,'?','?','?','?','?','?','?','?','?','?','?','?','?','?','?','?','?','?','?',SHEET,0.3,610,761,'?',0,'?',3
68: '?',C,R,0,0,'?',A,3,0,'?','?',G,'?','?','?','?','?','?','?','?','?','?','?','?','?','?','?','?','?','?','?',COIL,0.6,1320,0,'?',0,'?',3
69: '?',C,R,0,0,'?',S,2,0,'?','?',E,'?','?','?','?','?','?','?','?','?','?','?','?','?','?','?','?','?','?','?',COIL,0.9,966,0,'?',0,'?',3
70: '?',C,W,0,0,'?','?','?',310,'?','?',G,'?','?','?','?','?','?','?','?','?','?','?','?','?','?','?','?','?','?','?',COIL,0.8,609.9,0,'?',0,'?',3
71: ZS,C,A,0,0,'?',S,5,0,N,'?',E,'?','?','?','?','?','?','?','?','?','?','?','?','?','?','?','?','?','?','?',COIL,1,609.9,0,'?',0,'?',3
72: '?',C,A,8,0,'?',S,'?',0,'?','?',G,'?','?','?','?','?','?','?','?','?','?','?','?','?','?','?','?','?','?','?',COIL,0.7,610,0,'?',0,'?',3
73: '?',C,A,0,0,'?',S,3,0,N,'?',F,'?','?','?','?','?','?','?','?','?','?','?','?','?','?','?','?','?','?','?',SHEET,0.75,1320,4880,'?',0,'?',3
74: '?',C,K,45,0,'?','?','?',0,'?','?','?','?','?','?','?','?','?','?','?','?','?','?','?','?','?','?','?','?','?','?',COIL,1.5,640,0,'?',0,'?',3
75: '?',C,A,0,0,'?',S,2,0,'?','?',G,'?','?','?','?','?','?','?','?','?','?','?','?','?','?','?','?','?','?','?',SHEET,0.4,1320,4880,N,0,'?',3
76: '?',C,A,0,0,'?',S,2,0,'?','?',G,'?','?','?','?','?','?','?','?','?','?','?','?','?','?','?','?','?','?','?',SHEET,0.699,1320,4880,N,0,'?',3
77: '?',C,A,0,0,'?',S,3,0,N,'?',E,'?','?','?','?','?','?','?','?','?','?','?','?','?','?','?','?','?','?','?',COIL,0.6,610,0,'?',0,'?',3
78: TN,C,A,0,0,'?','?',3,0,N,'?','?','?','?','?','?','?','?','?',C,'?','?','?','?','?','?','?','?','?','?','?',COIL,0.8,50,0,'?',0,'?',5
79: '?',C,R,0,0,'?',S,2,0,'?','?',E,'?','?','?','?','?','?','?','?','?','?','?','?','?','?','?',Y,'?','?','?',COIL,3.2,609.9,0,'?',0,'?',3
80: '?',C,A,0,0,'?',S,2,0,'?','?',G,'?','?','?','?','?','?','?','?','?','?','?','?','?','?','?','?','?','?','?',SHEET,0.699,610,762,N,0,'?',3
81: TN,C,'?',0,0,'?',A,1,0,'?','?','?','?','?','?','?','?','?','?','?','?','?','?','?',Y,'?','?','?','?','?','?',SHEET,1.6,609.9,612,'?',0,'?',5
82: '?',C,A,0,85,T,'?','?',0,'?','?',G,'?','?','?','?','?','?','?','?','?','?','?','?','?','?','?','?','?','?','?',SHEET,3.2,200.1,4880,'?',0,'?',U
83: '?',C,K,55,0,'?','?','?',0,'?','?','?','?','?','?','?','?','?','?','?','?','?','?','?','?','?','?','?','?','?','?',COIL,1,900,0,'?',0,'?',3
84: '?',C,K,45,0,'?','?','?',0,'?','?','?','?','?','?','?','?','?','?','?','?','?','?','?','?','?','?','?','?','?','?',COIL,1.5,900,0,'?',0,'?',3
85: '?',C,A,0,0,'?',S,2,0,'?','?',G,'?','?','?','?',B,Y,'?','?','?','?','?','?','?','?','?','?','?','?','?',SHEET,0.7,610,762,'?',0,'?',3
86: '?',C,A,0,0,'?',S,2,0,'?','?',F,'?','?',Y,'?','?','?','?','?','?','?','?','?','?','?','?','?','?','?','?',SHEET,0.6,300.1,762,'?',0,'?',3
87: '?',C,K,55,0,'?','?','?',0,'?','?','?','?','?','?',Y,M,'?','?','?','?','?','?','?','?','?','?',Y,'?','?','?',COIL,1.5,640,0,'?',0,'?',3
88: '?',C,A,0,0,'?',S,2,0,'?','?',E,'?','?','?','?','?','?','?','?','?','?','?','?','?','?','?','?','?','?','?',COIL,0.7,610,0,'?',0,'?',3
89: '?',C,'?',0,70,T,'?','?',0,'?','?',G,'?','?','?','?','?','?','?','?','?','?','?','?','?','?','?',Y,'?','?','?',COIL,0.8,50,0,'?',0,'?',3
90: TN,C,'?',0,0,'?',A,1,0,'?','?','?','?','?','?','?','?','?','?',C,'?','?','?','?','?','?','?','?','?','?','?',COIL,0.5,610,0,'?',0,'?',5
91: ZS,C,A,0,70,T,'?','?',0,'?','?',E,'?','?','?','?','?','?','?','?','?','?','?','?','?','?','?','?','?','?','?',COIL,0.6,610,0,'?',0,'?',3
92: '?',C,A,0,50,T,'?','?',0,'?','?',G,'?','?','?','?','?','?','?','?','?','?','?','?','?','?','?',Y,'?','?','?',COIL,1.001,50,0,Y,0,'?',3
93: '?',C,A,0,70,T,'?','?',0,'?','?',G,'?','?','?','?','?','?','?','?','?','?','?','?','?','?','?','?','?','?','?',COIL,0.8,50,0,'?',0,'?',3
94: '?',C,A,0,0,'?',S,2,0,'?','?',E,'?','?','?','?','?','?','?','?','?','?','?','?','?','?','?','?','?','?','?',SHEET,0.3,1320,4880,Y,0,'?',3
95: '?',C,R,0,0,'?',S,2,0,'?','?',E,'?','?','?','?','?','?','?','?','?','?','?','?','?','?','?','?','?','?','?',COIL,0.651,20,0,'?',0,'?',3
96: '?',C,K,55,0,'?','?','?',0,'?','?','?','?','?','?','?','?','?','?','?','?','?','?','?','?','?','?','?','?','?','?',COIL,0.8,900,0,'?',0,'?',3
97: '?',C,A,0,45,'?',S,'?',0,'?','?',D,'?','?','?','?',B,'?','?','?','?','?','?','?','?','?','?','?','?','?','?',SHEET,0.3,610,762,'?',0,'?',3
98: '?',C,A,0,0,'?',S,3,0,N,'?',E,'?','?','?','?','?','?','?','?','?','?','?','?','?','?','?','?','?','?','?',SHEET,0.601,1320,4880,'?',0,'?',3
99: '?',C,A,0,60,T,'?','?',0,'?','?',G,'?','?','?','?','?','?','?','?','?','?','?','?','?','?','?','?','?','?','?',COIL,0.799,609,0,'?',0,'?',3
100: '?',C,R,0,0,'?',S,2,0,'?','?','?','?','?','?','?','?','?','?','?','?','?','?','?','?','?','?','?','?','?','?',COIL,1.599,610,0,'?',0,'?',2
..., Test original indices=1: 447
2: 164
3: 897
4: 703
5: 160
6: 241
7: 63
8: 741
9: 854
10: 709
11: 810
12: 747
13: 884
14: 316
15: 553
16: 526
17: 386
18: 546
19: 329
20: 738
21: 622
22: 669
23: 44
24: 759
25: 891
26: 484
27: 893
28: 308
29: 193
30: 705
31: 205
32: 401
33: 332
34: 227
35: 712
36: 566
37: 788
38: 104
39: 823
40: 645
41: 285
42: 719
43: 146
44: 225
45: 764
46: 125
47: 647
48: 393
49: 297
50: 87
51: 284
52: 726
53: 625
54: 588
55: 619
56: 522
57: 774
58: 590
59: 246
60: 366
61: 403
62: 79
63: 654
64: 728
65: 429
66: 843
67: 624
68: 751
69: 792
70: 634
71: 873
72: 0
73: 34
74: 562
75: 450
76: 49
77: 581
78: 169
79: 858
80: 430
81: 890
82: 497
83: 213
84: 885
85: 248
86: 466
87: 94
88: 344
89: 293
90: 89
91: 752
92: 793
93: 470
94: 294
95: 38
96: 28
97: 338
98: 449
99: 252
100: 640
..., Train=1: ZS,C,A,0,50,T,'?','?',0,'?','?',E,'?','?','?','?','?','?','?','?','?','?','?','?','?','?','?','?','?','?','?',COIL,0.3,1250,0,'?',0,'?',3
2: '?',C,A,0,45,'?',S,'?',0,'?','?',D,'?','?','?','?',B,'?','?','?','?','?','?','?','?','?','?','?','?','?','?',COIL,0.301,1320,0,'?',0,'?',3
3: TN,C,A,0,0,'?','?',3,0,N,'?','?','?','?','?','?','?','?','?',C,'?','?','?','?','?','?','?','?','?','?','?',COIL,0.6,250,0,'?',0,'?',5
4: '?',C,R,0,0,'?',S,2,0,'?','?',E,'?','?','?','?','?','?','?','?','?','?','?','?','?','?','?',Y,'?','?','?',COIL,3.2,50,0,'?',0,'?',3
5: '?',C,R,0,0,'?',S,2,0,'?','?',E,'?','?','?',Y,M,'?','?','?','?','?','?','?','?','?','?','?','?','?','?',COIL,4,1000,0,'?',600,'?',3
6: '?',C,R,0,0,'?',S,3,0,'?','?',E,'?','?','?','?','?','?','?','?','?','?','?','?','?','?','?','?','?','?','?',SHEET,0.699,609.9,762,'?',0,'?',3
7: '?',C,K,55,0,'?','?','?',0,'?','?','?','?','?','?','?',M,'?','?','?','?','?','?','?','?','?','?','?','?','?','?',COIL,2.3,640,0,'?',600,'?',3
8: '?',C,A,0,85,T,'?','?',0,'?','?',G,'?','?','?','?','?','?','?','?','?','?','?','?','?','?','?','?','?','?','?',COIL,3.2,609.9,0,'?',0,'?',U
9: '?',C,V,0,0,'?',S,2,0,'?','?','?',2,'?','?','?','?','?','?','?','?','?','?','?','?','?','?','?','?','?','?',SHEET,0.8,1320,1,'?',0,'?',2
10: ZS,C,A,0,0,'?',S,5,0,N,'?',E,'?','?','?','?','?','?','?','?','?','?','?','?','?','?','?','?','?','?','?',SHEET,1.2,610,762,'?',0,'?',3
11: '?',C,R,0,0,'?',S,2,0,'?','?','?','?','?','?',Y,'?','?','?','?','?','?','?','?','?','?','?','?','?','?','?',SHEET,0.8,1300,762,'?',0,'?',2
12: '?',C,R,0,0,'?',S,2,0,'?','?','?','?','?','?','?','?',Y,'?','?','?','?','?','?','?','?','?','?','?','?','?',SHEET,0.8,1320,4880,'?',0,'?',2
13: '?',C,R,0,0,'?',S,2,0,'?','?',E,'?','?','?','?','?',Y,'?','?','?','?','?','?','?','?','?','?','?','?','?',SHEET,3.2,150,762,'?',0,'?',3
14: ZS,C,A,0,50,T,'?','?',0,'?','?',E,'?','?',Y,'?','?','?','?','?','?','?','?','?','?','?','?','?','?','?','?',COIL,0.3,610,0,'?',0,'?',3
15: '?',C,K,65,0,'?','?','?',0,'?','?','?','?','?','?','?','?','?','?','?','?','?','?','?','?','?','?','?','?','?','?',COIL,3,65.1,0,'?',0,'?',3
16: '?',C,'?',0,0,'?',S,1,0,'?','?',G,'?','?','?','?','?','?','?','?','?','?','?','?','?','?','?','?','?','?','?',SHEET,0.699,1300,4880,'?',0,'?',3
17: '?',C,M,0,0,'?','?','?',600,'?','?',G,'?','?','?','?','?','?','?','?','?','?','?','?','?','?','?','?','?','?','?',COIL,1.6,1090,0,'?',0,'?',2
18: '?',C,A,0,45,'?',S,'?',0,'?','?',D,'?','?','?','?',B,'?','?','?','?','?','?','?','?','?','?','?','?','?','?',COIL,0.699,610,0,'?',0,'?',3
19: '?',C,W,0,0,'?','?','?',310,'?','?',G,'?','?','?','?','?','?','?','?','?','?','?','?','?','?','?','?','?','?','?',COIL,1.599,1275,0,'?',0,'?',3
20: '?',C,'?',0,0,'?',S,1,0,'?','?',G,'?','?','?','?','?','?','?','?','?',Y,'?','?','?','?','?','?','?','?','?',COIL,0.3,609.9,0,'?',0,'?',3
21: '?',C,'?',0,0,'?',S,1,0,'?','?',G,'?','?','?','?','?','?','?','?','?','?','?','?','?','?','?','?','?','?','?',SHEET,0.699,610,762,Y,0,'?',3
22: '?',C,A,0,45,'?',S,'?',0,'?','?',D,'?','?','?','?','?','?','?','?','?','?','?','?','?','?','?','?','?','?','?',COIL,0.7,610,0,'?',0,'?',3
23: '?',C,K,65,0,'?','?','?',0,'?','?','?','?','?','?','?','?','?','?','?','?','?','?','?','?','?','?','?','?','?','?',COIL,1.09,610,0,'?',0,'?',3
24: '?',C,A,0,0,'?',S,3,0,N,'?',E,'?','?','?','?','?','?','?','?','?','?','?','?','?','?','?',Y,'?','?','?',COIL,0.6,1320,0,'?',0,'?',3
25: ZS,C,A,0,50,T,'?','?',0,'?','?',E,'?','?','?','?','?','?','?','?','?','?','?','?','?','?','?','?','?','?','?',COIL,0.7,610,0,'?',0,'?',3
26: '?',C,R,0,0,'?',S,2,0,'?','?',E,'?','?',Y,'?','?','?','?','?','?','?','?','?','?','?','?','?','?','?','?',SHEET,3.2,150,4880,'?',0,'?',3
27: '?',C,K,45,0,'?','?','?',0,'?','?','?','?','?','?','?',M,'?','?','?','?','?','?','?','?','?','?','?','?','?','?',COIL,3.2,900,0,'?',0,'?',3
28: '?',C,V,0,0,'?',S,2,0,'?','?','?',2,'?','?','?','?','?','?','?','?','?','?','?','?','?','?','?','?','?','?',COIL,1.201,1525,0,'?',0,'?',2
29: '?',C,R,0,0,'?',S,3,0,'?','?','?','?','?','?','?','?','?','?','?','?','?','?','?','?','?','?','?','?','?','?',SHEET,1.6,1525,612,'?',0,'?',2
30: '?',C,A,0,45,'?',S,'?',0,'?','?',D,'?','?','?','?',B,Y,'?','?','?','?','?','?','?','?','?','?','?','?','?',SHEET,0.699,1220,761,'?',0,'?',3
31: '?',C,R,0,0,'?',S,2,0,'?','?','?','?','?','?','?','?','?','?','?','?','?','?','?','?','?','?','?','?','?','?',SHEET,1.2,335,612,'?',0,'?',2
32: '?',C,A,0,0,'?','?','?',500,'?','?',G,'?','?','?','?','?','?','?','?','?','?','?','?','?','?','?','?','?','?','?',COIL,1.6,1320,0,'?',0,'?',3
33: '?',C,A,0,50,T,'?','?',0,'?','?',G,'?','?','?','?','?','?','?','?','?','?','?','?','?','?','?','?','?','?','?',COIL,0.601,610,0,'?',0,'?',3
34: '?',C,A,0,0,'?',S,2,0,'?','?',E,'?','?','?','?',B,'?','?','?','?','?','?','?','?','?','?','?','?','?','?',SHEET,0.7,609.9,4880,'?',0,'?',3
35: '?',C,A,0,0,'?',S,3,0,N,'?',G,'?','?','?','?','?','?','?','?','?','?','?','?','?','?','?','?','?','?','?',COIL,0.601,1320,0,'?',0,'?',3
36: '?',C,A,0,0,'?',S,2,0,'?','?',F,'?','?',Y,'?','?','?','?','?','?','?','?','?','?','?','?','?','?','?','?',SHEET,0.6,610,4880,'?',0,'?',3
37: '?',C,W,0,0,'?','?','?',310,'?','?',G,'?','?',Y,'?','?','?','?','?','?','?','?','?','?','?','?','?','?','?','?',SHEET,1.6,610,762,'?',0,'?',3
38: '?',C,R,0,0,'?',S,2,0,'?','?',E,'?','?','?','?','?','?','?','?','?','?','?','?','?','?','?',Y,'?','?','?',COIL,0.699,1320,0,'?',0,'?',3
39: '?',C,'?',0,0,'?',A,2,0,'?','?',G,'?','?','?','?','?','?','?','?','?','?','?','?','?','?','?','?','?','?','?',SHEET,0.301,1320,4880,Y,0,'?',3
40: TN,C,'?',0,0,'?',A,1,0,'?','?','?','?','?','?','?','?','?','?',C,'?','?','?','?','?','?','?','?','?','?','?',SHEET,0.5,609.9,612,'?',0,'?',5
41: '?',C,A,0,0,'?',S,2,0,'?','?',E,'?','?','?','?','?',Y,'?','?','?','?','?','?','?','?','?','?','?','?','?',SHEET,0.7,1320,762,'?',0,'?',3
42: '?',C,A,0,60,T,'?','?',0,'?','?',G,'?','?','?',Y,'?','?','?','?','?','?','?','?','?','?','?','?','?','?','?',COIL,0.6,610,0,'?',0,'?',3
43: '?',C,K,45,0,'?','?','?',0,'?','?','?','?','?','?','?','?','?','?','?','?','?','?','?','?','?','?','?','?','?','?',COIL,1.09,610,0,'?',0,'?',3
44: '?',C,W,0,0,'?','?','?',310,'?','?',G,'?','?','?','?','?','?','?','?','?','?','?','?','?','?','?','?','?','?','?',SHEET,1.599,610,762,'?',0,'?',3
45: '?',C,A,0,0,'?',S,2,0,'?','?',G,'?','?','?','?',M,'?','?','?','?','?','?','?','?','?','?','?','?','?','?',COIL,4,385.1,0,'?',0,'?',3
46: '?',C,V,0,0,'?',S,2,0,'?','?','?',1,'?','?','?','?','?','?','?','?','?','?','?','?','?','?','?','?','?','?',SHEET,0.7,610,4880,'?',0,'?',3
47: ZS,C,A,0,50,T,'?','?',0,'?','?',E,'?','?',Y,'?','?','?','?','?','?','?','?','?','?','?','?','?','?','?','?',SHEET,0.601,1250,762,'?',0,'?',3
48: '?',C,A,0,45,'?',S,'?',0,'?','?',D,'?','?','?','?',B,'?','?','?','?','?','?','?','?','?','?','?','?','?','?',COIL,0.699,1320,0,'?',0,'?',3
49: '?',C,R,0,0,'?',S,3,0,'?','?','?','?','?','?','?','?','?','?','?','?','?','?','?','?','?','?','?','?','?','?',SHEET,1.599,610,4880,'?',0,'?',2
50: '?',C,A,0,60,T,'?','?',0,'?','?',G,'?','?','?','?','?','?','?','?','?','?','?','?','?','?','?',Y,'?','?','?',COIL,2.8,610,0,'?',600,'?',3
51: '?',C,R,0,0,'?',S,2,0,'?','?',E,'?','?','?','?','?',Y,'?','?','?','?','?','?','?','?','?','?','?','?','?',SHEET,0.3,1320,4880,Y,0,'?',3
52: '?',C,'?',0,0,'?','?','?',500,'?',P,'?','?','?','?','?','?','?','?','?','?','?','?','?','?','?','?','?','?','?','?',SHEET,2,300.1,301,'?',0,'?',2
53: '?',C,A,0,0,'?',S,2,0,'?','?',F,'?','?','?','?','?','?','?','?','?','?','?','?','?','?','?','?','?','?','?',SHEET,0.7,1220,4880,'?',0,'?',3
54: '?',C,A,0,0,'?',S,2,0,'?','?',E,'?','?','?','?','?','?','?','?','?','?','?','?','?','?','?',Y,'?','?','?',COIL,3.201,152,0,'?',0,'?',3
55: '?',C,R,0,0,'?',S,2,0,'?','?',E,'?','?',Y,'?',B,Y,'?','?','?','?','?','?','?','?','?','?','?','?','?',SHEET,1.599,1300,762,'?',0,'?',3
56: '?',C,'?',0,0,'?','?','?',500,'?',P,'?','?','?','?','?','?','?','?','?','?','?','?','?','?','?',B,'?','?','?','?',SHEET,2,300.1,301,'?',0,'?',2
57: '?',C,'?',0,0,'?',S,1,0,'?','?',G,'?','?','?','?','?','?','?','?','?','?','?','?','?','?','?','?','?','?','?',COIL,0.799,20,0,'?',0,'?',3
58: '?',C,A,0,45,'?',S,'?',0,'?','?',D,'?','?','?','?',B,Y,'?','?','?','?','?','?','?','?','?','?','?','?','?',SHEET,0.3,610,762,'?',0,'?',3
59: '?',C,R,0,0,'?',S,2,0,'?','?',E,'?','?','?','?','?','?','?','?','?','?','?','?','?','?','?',Y,'?','?','?',COIL,0.7,1320,0,'?',0,'?',3
60: '?',C,R,0,0,'?',S,2,0,'?','?','?','?','?','?','?','?','?','?','?','?','?','?','?','?','?','?','?','?','?','?',SHEET,1.2,335,3000,'?',0,'?',2
61: '?',C,A,0,0,'?',S,2,0,'?','?',G,'?','?','?','?','?','?','?','?','?','?','?','?','?','?','?','?','?','?','?',COIL,3.201,0,0,'?',0,'?',3
62: '?',C,M,0,0,'?','?','?',600,'?','?',G,'?','?','?',Y,'?','?','?','?','?','?','?','?','?','?','?','?','?','?','?',SHEET,0.9,1050,1220,'?',0,'?',2
63: '?',C,R,0,0,'?',S,2,0,'?','?',E,'?','?','?','?','?',Y,'?','?','?','?','?','?','?','?','?','?','?','?','?',SHEET,0.699,1320,4880,Y,0,'?',3
64: TN,C,A,0,0,'?','?',3,0,N,'?','?','?','?','?','?','?','?','?','?','?','?','?','?',Y,'?','?','?','?','?','?',SHEET,1.6,335,612,'?',0,'?',5
65: '?',C,K,55,0,'?','?','?',0,'?','?','?','?','?','?',Y,M,'?','?','?','?','?','?','?','?','?','?',Y,'?','?','?',COIL,1.5,900,0,'?',0,'?',3
66: '?',C,A,0,0,'?',S,2,0,'?','?',G,'?','?','?','?','?','?','?','?','?','?','?','?','?','?','?','?','?','?','?',COIL,0.4,20,0,'?',0,'?',3
67: '?',C,K,55,0,'?','?','?',0,'?','?','?','?','?','?',Y,M,'?','?','?','?','?','?','?','?','?','?',Y,'?','?','?',COIL,2.2,900,0,'?',0,'?',3
68: '?',C,A,0,0,'?',S,2,0,'?','?',E,'?','?','?','?',B,'?','?','?','?','?','?','?','?','?','?','?','?','?','?',COIL,3.2,609.9,0,'?',0,'?',3
69: '?',C,K,45,0,'?','?','?',0,'?','?','?','?','?','?','?','?','?','?','?','?','?','?','?','?','?','?',Y,'?','?','?',COIL,0.6,610,0,'?',0,'?',3
70: '?',C,'?',0,0,'?',A,2,0,'?','?',G,'?','?','?','?','?','?','?','?','?','?','?','?','?','?','?','?','?','?','?',SHEET,0.301,610,762,Y,0,'?',3
71: '?',C,R,0,0,'?',S,3,0,'?','?','?','?','?','?','?','?','?','?','?','?','?','?','?','?','?','?','?','?','?','?',SHEET,0.8,610,762,'?',0,'?',2
72: '?',C,R,0,0,'?',S,2,0,'?','?',E,'?','?',Y,'?',B,'?','?','?','?','?','?','?','?','?','?','?','?','?','?',COIL,1.6,610,0,'?',0,'?',3
73: TN,C,A,0,0,'?','?',3,0,N,'?','?','?','?','?','?',B,'?','?','?','?','?','?','?',Y,'?','?','?','?','?','?',SHEET,1.6,609.9,3000,'?',0,'?',5
74: '?',C,R,0,0,'?',S,2,0,'?','?',E,'?','?','?','?','?','?','?','?','?',Y,'?','?','?','?','?','?','?','?','?',SHEET,0.7,1320,762,'?',0,'?',3
75: '?',C,K,45,0,'?','?','?',0,'?','?','?','?','?','?','?','?','?','?','?','?','?','?','?','?','?','?','?','?','?','?',COIL,3.2,900,0,'?',0,'?',3
76: '?',C,A,0,45,'?',S,'?',0,'?','?',D,'?','?','?','?',B,'?','?','?','?','?','?','?','?','?','?','?','?','?','?',SHEET,0.699,1320,762,'?',0,'?',3
77: TN,C,A,0,0,'?','?',3,0,N,'?','?','?','?','?','?','?','?','?','?','?','?','?','?',Y,'?','?','?','?','?','?',SHEET,0.6,610,300,'?',0,'?',5
78: '?',C,A,0,85,T,'?','?',0,'?','?',G,'?','?','?','?','?','?','?','?','?','?','?','?','?','?','?','?','?','?','?',COIL,1.001,50,0,'?',0,'?',U
79: '?',C,R,0,0,'?',S,3,0,'?','?',E,'?','?','?','?','?','?','?','?','?','?','?','?','?','?','?','?','?','?','?',SHEET,0.6,520,762,'?',0,'?',3
80: '?',C,'?',0,0,'?',S,1,0,'?','?',G,'?','?','?','?','?','?','?','?','?','?','?','?','?','?','?','?','?','?','?',COIL,3.2,60,0,'?',0,'?',3
81: '?',C,A,0,0,'?',S,2,0,'?','?',F,'?','?',Y,'?',B,'?','?','?','?','?','?','?','?','?','?','?','?','?','?',SHEET,0.699,520,762,'?',0,'?',3
82: TN,C,A,0,0,'?',S,3,0,N,'?','?','?','?','?','?','?','?','?','?','?','?','?','?','?','?','?','?','?','?','?',COIL,1.6,609.9,0,'?',0,'?',5
83: '?',C,R,0,0,'?',S,2,0,'?','?',E,'?','?','?','?','?','?','?','?','?','?','?','?','?','?','?','?','?','?','?',SHEET,0.4,375,612,'?',0,'?',3
84: '?',C,A,0,45,'?',S,'?',0,'?','?',D,'?','?',Y,'?','?','?','?','?','?','?','?','?','?','?','?','?','?','?','?',SHEET,0.699,1320,760,N,0,'?',3
85: '?',C,A,0,0,'?',S,2,0,'?','?',G,'?','?',Y,'?',B,Y,'?','?','?','?','?','?','?','?','?','?','?','?','?',SHEET,0.7,610,4880,'?',0,'?',3
86: TN,C,A,0,0,'?','?',3,0,N,'?','?','?','?','?','?','?','?','?','?',P,'?','?','?','?','?','?','?','?','?','?',SHEET,0.5,610,762,'?',0,'?',5
87: '?',C,A,0,0,'?',S,2,0,'?','?',E,'?','?','?','?','?','?','?','?','?',Y,'?','?','?','?','?','?','?','?','?',COIL,0.6,609.9,0,'?',0,'?',3
88: '?',C,A,0,0,'?',S,2,0,'?','?',E,'?','?',Y,'?','?','?','?','?','?','?','?','?','?','?','?','?','?','?','?',SHEET,3.2,1320,4880,'?',0,'?',3
89: '?',C,R,0,0,'?',S,2,0,'?','?',E,'?','?','?','?',B,Y,'?','?','?',Y,'?','?','?','?','?','?','?','?','?',SHEET,0.7,1300,762,'?',0,'?',3
90: '?',C,A,0,0,'?',S,2,0,'?','?',E,'?','?','?','?',B,'?','?','?','?','?','?','?','?','?','?','?','?','?','?',COIL,0.4,609.9,0,'?',0,'?',3
91: '?',C,R,0,0,'?',S,3,0,'?','?','?','?','?','?','?','?','?','?','?','?','?','?','?','?','?','?','?','?','?','?',SHEET,2,610,4170,'?',0,'?',2
92: '?',C,K,55,0,'?','?','?',0,'?','?','?','?','?','?',Y,'?','?','?','?','?','?','?','?','?','?','?','?','?','?','?',COIL,1.1,900,0,'?',0,'?',3
93: '?',C,S,0,0,'?','?','?',400,'?','?','?','?','?','?','?','?','?','?','?','?','?','?','?','?','?','?','?','?','?','?',COIL,0.8,75,0,'?',0,'?',1
94: ZS,C,A,0,50,T,'?','?',0,'?','?',E,'?','?',Y,'?',B,'?','?','?','?','?','?','?','?','?','?','?','?','?','?',SHEET,0.451,610,762,'?',0,'?',3
95: '?',C,R,0,0,'?',S,2,0,'?','?',E,'?','?','?','?',M,'?','?','?','?','?','?','?','?','?','?','?','?','?','?',COIL,4,385.1,0,'?',0,'?',3
96: '?',C,A,0,0,'?',S,2,0,'?','?',F,'?','?',Y,'?','?','?','?','?','?','?','?','?','?','?','?','?','?','?','?',SHEET,0.6,610,762,'?',0,'?',3
97: ZS,C,R,0,0,'?',A,2,0,'?','?',G,'?','?','?','?','?','?','?','?','?','?','?','?','?','?','?','?','?','?','?',COIL,0.25,20,0,'?',0,'?',3
98: '?',C,A,0,45,'?',S,'?',0,'?','?',D,'?','?','?','?','?','?','?','?','?','?','?','?','?','?','?','?','?','?','?',SHEET,1.6,610,762,'?',0,'?',3
99: '?',C,'?',0,50,T,'?','?',0,'?','?',G,'?','?','?','?','?','?','?','?','?','?','?','?','?','?','?',Y,'?','?','?',COIL,0.451,1320,0,'?',0,'?',3
100: ZS,C,R,0,0,'?',A,2,0,'?','?',G,'?','?','?','?','?','?','?','?','?','?','?','?','?','?','?','?','?','?','?',COIL,0.699,609.9,0,'?',0,'?',3
..., Train original indices=1: 569
2: 235
3: 69
4: 355
5: 363
6: 688
7: 684
8: 180
9: 179
10: 59
11: 218
12: 375
13: 787
14: 570
15: 594
16: 794
17: 115
18: 874
19: 126
20: 472
21: 72
22: 591
23: 390
24: 185
25: 42
26: 273
27: 538
28: 133
29: 734
30: 426
31: 405
32: 57
33: 322
34: 596
35: 77
36: 516
37: 416
38: 8
39: 219
40: 234
41: 598
42: 730
43: 131
44: 875
45: 813
46: 314
47: 251
48: 122
49: 880
50: 444
51: 11
52: 586
53: 266
54: 448
55: 572
56: 571
57: 456
58: 199
59: 162
60: 439
61: 606
62: 856
63: 821
64: 708
65: 487
66: 195
67: 313
68: 161
69: 600
70: 56
71: 544
72: 744
73: 889
74: 250
75: 488
76: 32
77: 458
78: 22
79: 292
80: 212
81: 149
82: 611
83: 833
84: 683
85: 573
86: 443
87: 520
88: 422
89: 501
90: 795
91: 455
92: 134
93: 341
94: 704
95: 378
96: 81
97: 118
98: 216
99: 124
100: 490
...

