--> dumpfile.txt
=== Summary ===

Correctly Classified Instances         302               99.0164 %
Incorrectly Classified Instances         3                0.9836 %
Kappa statistic                          0.9747
Mean absolute error                      0.0047
Root mean squared error                  0.0562
Relative absolute error                  3.5448 %
Root relative squared error             22.2596 %
Total Number of Instances              305     


