 num     #instances         #bytes  class name (module)
-------------------------------------------------------
   1:        100552        7672744  [B (java.base@11.0.2)
   2:          1328        3943504  [C (java.base@11.0.2)
   3:         99346        2384304  java.lang.String (java.base@11.0.2)
   4:         64201        2054432  java.util.HashMap$Node (java.base@11.0.2)
   5:         18325        1612600  java.lang.reflect.Method (java.base@11.0.2)
   6:         10063        1214320  java.lang.Class (java.base@11.0.2)
   7:         17787        1018904  [Ljava.lang.Object; (java.base@11.0.2)
   8:          4096         738544  [Ljava.util.HashMap$Node; (java.base@11.0.2)
   9:          4633         694208  [I (java.base@11.0.2)
  10:         20118         643776  java.util.concurrent.ConcurrentHashMap$Node (java.base@11.0.2)
  11:         17409         557088  java.lang.ref.WeakReference (java.base@11.0.2)
  12:         11636         465440  java.lang.ref.SoftReference (java.base@11.0.2)
  13:         14522         348528  sun.font.TrueTypeFont$DirectoryEntry (java.desktop@11.0.2)
  14:          9404         300928  java.util.Hashtable$Entry (java.base@11.0.2)
  15:          1888         299712  [Ljava.lang.reflect.Method; (java.base@11.0.2)
  16:         13651         273712  [Ljava.lang.Class; (java.base@11.0.2)
  17:          3752         270144  java.beans.PropertyDescriptor (java.desktop@11.0.2)
  18:          4377         210096  java.util.HashMap (java.base@11.0.2)
  19:          7504         180096  java.beans.MethodRef (java.desktop@11.0.2)
  20:         10933         174928  java.lang.Object (java.base@11.0.2)
  21:          2166         173280  java.lang.reflect.Constructor (java.base@11.0.2)
  22:           295         171936  [Ljava.util.concurrent.ConcurrentHashMap$Node; (java.base@11.0.2)
  23:          5048         161536  java.lang.invoke.LambdaForm$Name (java.base@11.0.2)
  24:           914         138928  sun.font.TrueTypeFont (java.desktop@11.0.2)
  25:          3442         137680  javax.swing.text.GapContent$MarkData (java.desktop@11.0.2)
  26:          3355         134200  javax.swing.text.AbstractDocument$LeafElement (java.desktop@11.0.2)
  27:          1873         119872  java.lang.Class$ReflectionData (java.base@11.0.2)
  28:           386         114072  [J (java.base@11.0.2)
  29:           814         110624  [Ljava.util.Hashtable$Entry; (java.base@11.0.2)
  30:          4604         110496  java.util.ArrayList (java.base@11.0.2)
  31:          1045         104104  [Ljava.lang.String; (java.base@11.0.2)
  32:          2542         101680  java.util.LinkedHashMap$Entry (java.base@11.0.2)
  33:          1524          97536  java.util.concurrent.ConcurrentHashMap (java.base@11.0.2)
  34:          1707          81936  java.lang.invoke.MemberName (java.base@11.0.2)
  35:          3405          81720  javax.swing.text.GapContent$StickyPosition (java.desktop@11.0.2)
  36:          1131          80832  [D (java.base@11.0.2)
  37:          2486          79552  javax.swing.text.html.parser.ContentModel (java.desktop@11.0.2)
  38:           914          74696  [Lsun.font.TrueTypeFont$DirectoryEntry; (java.desktop@11.0.2)
  39:          1528          73344  com.sun.beans.util.Cache$Kind$Soft (java.desktop@11.0.2)
  40:          1493          71664  sun.util.locale.LocaleObjectCache$CacheEntry (java.base@11.0.2)
  41:           149          70328  javax.swing.JMenuItem (java.desktop@11.0.2)
  42:           130          63440  javax.swing.plaf.metal.MetalScrollButton (java.desktop@11.0.2)
  43:          1583          63320  java.util.TreeMap$Entry (java.base@11.0.2)
  44:           704          50688  java.lang.reflect.Field (java.base@11.0.2)
  45:          1078          43120  java.util.WeakHashMap$Entry (java.base@11.0.2)
  46:           528          41016  [Ljava.lang.invoke.LambdaForm$Name; (java.base@11.0.2)
  47:          1655          39720  java.lang.Long (java.base@11.0.2)
  48:           812          38976  java.util.Hashtable (java.base@11.0.2)
  49:           111          38184  javax.swing.JPanel (java.desktop@11.0.2)
  50:          1533          36792  jdk.internal.reflect.NativeMethodAccessorImpl (java.base@11.0.2)
  51:           887          35480  java.lang.invoke.MethodType (java.base@11.0.2)
  52:          1089          34848  sun.font.FontConfigManager$FontConfigFont (java.desktop@11.0.2)
  53:          2165          34640  java.util.HashSet (java.base@11.0.2)
  54:           134          33720  [[C (java.base@11.0.2)
  55:           682          32736  adams.core.option.BooleanOption
  56:          1984          31744  javax.swing.event.EventListenerList (java.desktop@11.0.2)
  57:          1253          30072  java.lang.invoke.ResolvedMethodName (java.base@11.0.2)
  58:           437          29680  [Ljava.lang.ref.SoftReference; (java.base@11.0.2)
  59:           908          29056  java.lang.invoke.MethodType$ConcurrentWeakInternSet$WeakEntry (java.base@11.0.2)
  60:           453          28992  java.net.URL (java.base@11.0.2)
  61:          1791          28656  java.lang.Integer (java.base@11.0.2)
  62:          1164          27992  [Ljava.lang.reflect.Constructor; (java.base@11.0.2)
  63:            70          27328  [Ljavax.swing.text.GapContent$MarkData; (java.desktop@11.0.2)
  64:           851          27232  java.util.Vector (java.base@11.0.2)
  65:          1130          27120  jdk.internal.reflect.NativeConstructorAccessorImpl (java.base@11.0.2)
  66:           479          26824  adams.core.option.EnumOption
  67:          1675          26800  jdk.internal.reflect.DelegatingMethodAccessorImpl (java.base@11.0.2)
  68:           523          25104  java.lang.invoke.LambdaForm (java.base@11.0.2)
  69:           516          24768  sun.font.FontFamily (java.desktop@11.0.2)
  70:           765          24480  com.sun.beans.introspect.ClassInfo (java.desktop@11.0.2)
  71:           764          24448  com.sun.beans.util.Cache$CacheEntry (java.desktop@11.0.2)
  72:            65          24440  javax.swing.JScrollPane$ScrollBar (java.desktop@11.0.2)
  73:           747          23904  java.util.Locale (java.base@11.0.2)
  74:           745          23840  sun.util.locale.BaseLocale (java.base@11.0.2)
  75:           745          23840  sun.util.locale.BaseLocale$Key (java.base@11.0.2)
  76:            50          23200  javax.swing.JButton (java.desktop@11.0.2)
  77:           713          22816  java.lang.invoke.LambdaForm$NamedFunction (java.base@11.0.2)
  78:           365          20440  java.lang.invoke.LambdaFormEditor$Transform (java.base@11.0.2)
  79:           839          20408  [Ljava.beans.PropertyChangeListener; (java.desktop@11.0.2)
  80:          1194          19104  java.util.concurrent.atomic.AtomicBoolean (java.base@11.0.2)
  81:           335          18760  sun.security.ssl.CipherSuite (java.base@11.0.2)
  82:          1144          18304  jdk.internal.reflect.DelegatingConstructorAccessorImpl (java.base@11.0.2)
  83:           754          18096  java.beans.PropertyChangeSupport (java.desktop@11.0.2)
  84:           751          18024  java.util.Collections$UnmodifiableRandomAccessList (java.base@11.0.2)
  85:          1117          17872  java.lang.Character (java.base@11.0.2)
  86:           429          17160  javax.swing.DefaultButtonModel (java.desktop@11.0.2)
  87:           425          17000  java.security.AccessControlContext (java.base@11.0.2)
  88:          1058          16928  sun.font.Font2DHandle (java.desktop@11.0.2)
  89:           423          16920  java.math.BigInteger (java.base@11.0.2)
  90:           695          16680  javax.swing.ActionMap (java.desktop@11.0.2)
  91:           410          16400  adams.core.option.OptionManager
  92:           292          16352  adams.core.option.IntegerOption
  93:           167          16032  sun.awt.image.ImageRepresentation (java.desktop@11.0.2)
  94:            97          15680  [Ljavax.swing.text.AbstractDocument$AbstractElement; (java.desktop@11.0.2)
  95:           620          14880  java.awt.AWTEventMulticaster (java.desktop@11.0.2)
  96:           465          14880  java.lang.invoke.DirectMethodHandle (java.base@11.0.2)
  97:           367          14680  adams.gui.goe.classtree.ClassNode
  98:           914          14624  sun.font.TrueTypeFont$TTDisposerRecord (java.desktop@11.0.2)
  99:           360          14400  adams.gui.goe.classtree.GlobalInfoNode
 100:           360          14400  java.lang.invoke.DirectMethodHandle$Accessor (java.base@11.0.2)
 101:           254          14224  java.lang.invoke.MethodTypeForm (java.base@11.0.2)
 102:            37          13912  javax.swing.JViewport (java.desktop@11.0.2)
 103:           156          13728  jdk.internal.reflect.DelegatingClassLoader (java.base@11.0.2)
 104:           854          13664  javax.swing.ArrayTable (java.desktop@11.0.2)
 105:           848          13568  java.beans.PropertyChangeSupport$PropertyChangeListenerMap (java.desktop@11.0.2)
 106:           112          13440  sun.awt.image.ByteInterleavedRaster (java.desktop@11.0.2)
 107:            38          13376  javax.swing.JPopupMenu$Separator (java.desktop@11.0.2)
 108:            33          12936  javax.swing.JLabel (java.desktop@11.0.2)
 109:            73          12848  sun.java2d.xr.XRSurfaceData$XRPixmapSurfaceData (java.desktop@11.0.2)
 110:           264          12672  javax.swing.ImageIcon (java.desktop@11.0.2)
 111:           263          12624  java.util.logging.LogManager$LoggerWeakRef (java.logging@11.0.2)
 112:           131          12576  java.awt.image.IndexColorModel (java.desktop@11.0.2)
 113:           157          12560  javax.swing.plaf.basic.BasicMenuItemUI (java.desktop@11.0.2)
 114:           223          12488  java.lang.Module (java.base@11.0.2)
 115:            93          12080  [F (java.base@11.0.2)
 116:           191          12072  [S (java.base@11.0.2)
 117:           213          11928  java.security.Provider$Service (java.base@11.0.2)
 118:           492          11808  java.security.Provider$ServiceKey (java.base@11.0.2)
 119:            25          11600  adams.gui.core.BaseButton
 120:           237          11376  adams.core.option.BaseObjectOption
 121:           235          11280  adams.core.option.StringOption
 122:            30          11280  java.lang.Thread (java.base@11.0.2)
 123:            78          11232  java.awt.image.DirectColorModel (java.desktop@11.0.2)
 124:           468          11232  javax.swing.InputMap (java.desktop@11.0.2)
 125:           691          11056  java.util.HashMap$KeySet (java.base@11.0.2)
 126:           153          11016  java.awt.geom.AffineTransform (java.desktop@11.0.2)
 127:           391          11008  [Ljava.security.ProtectionDomain; (java.base@11.0.2)
 128:           341          10912  jdk.internal.math.FDBigInteger (java.base@11.0.2)
 129:           124          10912  sun.font.Type1Font (java.desktop@11.0.2)
 130:           325          10400  java.lang.ref.PhantomReference (java.base@11.0.2)
 131:            55          10224  [Ljava.util.WeakHashMap$Entry; (java.base@11.0.2)
 132:           208           9984  adams.core.option.ClassOption
 133:           411           9864  adams.core.logging.Logger
 134:            25           9600  javax.swing.JPopupMenu (java.desktop@11.0.2)
 135:           199           9552  sun.java2d.loops.Blit (java.desktop@11.0.2)
 136:            20           9440  javax.swing.JCheckBoxMenuItem (java.desktop@11.0.2)
 137:            19           9424  javax.swing.JMenu (java.desktop@11.0.2)
 138:            34           9248  javax.swing.CellRendererPane (java.desktop@11.0.2)
 139:            65           8840  javax.swing.plaf.metal.MetalScrollBarUI (java.desktop@11.0.2)
 140:           358           8592  java.util.Arrays$ArrayList (java.base@11.0.2)
 141:           354           8496  java.lang.module.ModuleDescriptor$Exports (java.base@11.0.2)
 142:             5           8408  [[D (java.base@11.0.2)
 143:           257           8224  java.awt.Rectangle (java.desktop@11.0.2)
 144:             1           8208  [Lcom.mysql.jdbc.MysqlCharset;
 145:           126           8064  com.mysql.jdbc.ConnectionPropertiesImpl$BooleanConnectionProperty
 146:           167           8016  sun.awt.image.ToolkitImage (java.desktop@11.0.2)
 147:           163           7824  sun.java2d.loops.ScaledBlit (java.desktop@11.0.2)
 148:           244           7808  java.util.logging.LogManager$LogNode (java.logging@11.0.2)
 149:           243           7776  java.lang.Package (java.base@11.0.2)
 150:            20           7632  [Lsun.font.PhysicalFont; (java.desktop@11.0.2)
 151:           473           7568  javax.swing.AbstractButton$Handler (java.desktop@11.0.2)
 152:            16           7552  javax.swing.JToolBar$1 (java.desktop@11.0.2)
 153:           186           7440  java.security.ProtectionDomain (java.base@11.0.2)
 154:           232           7424  javax.swing.SizeRequirements (java.desktop@11.0.2)
 155:           185           7400  java.awt.image.BufferedImage (java.desktop@11.0.2)
 156:           184           7360  sun.font.XRGlyphCacheEntry (java.desktop@11.0.2)
 157:           182           7280  java.security.CodeSource (java.base@11.0.2)
 158:           128           7168  java.util.LinkedHashMap (java.base@11.0.2)
 159:            17           6800  adams.gui.core.BaseScrollPane
 160:           281           6744  sun.java2d.StateTrackableDelegate (java.desktop@11.0.2)
 161:           168           6720  java.lang.invoke.BoundMethodHandle$Species_LL (java.base@11.0.2)
 162:           279           6696  java.util.ImmutableCollections$Set12 (java.base@11.0.2)
 163:           166           6640  javax.swing.text.html.parser.AttributeList (java.desktop@11.0.2)
 164:           204           6528  jdk.internal.reflect.UnsafeObjectFieldAccessorImpl (java.base@11.0.2)
 165:           405           6480  java.lang.Short (java.base@11.0.2)
 166:            72           6336  sun.awt.image.BufImgSurfaceData (java.desktop@11.0.2)
 167:           112           6272  java.awt.image.PixelInterleavedSampleModel (java.desktop@11.0.2)
 168:           130           6240  java.awt.image.DataBufferByte (java.desktop@11.0.2)
 169:           390           6240  javax.swing.event.ChangeEvent (java.desktop@11.0.2)
 170:           260           6240  javax.swing.plaf.basic.BasicButtonListener (java.desktop@11.0.2)
 171:           255           6120  javax.swing.text.html.parser.Entity (java.desktop@11.0.2)
 172:           108           6048  java.awt.BorderLayout (java.desktop@11.0.2)
 173:           249           5976  sun.awt.X11.XKeysym$Keysym2JavaKeycode (java.desktop@11.0.2)
 174:            57           5928  sun.awt.image.IntegerInterleavedRaster (java.desktop@11.0.2)
 175:           185           5920  java.awt.datatransfer.DataFlavor (java.datatransfer@11.0.2)
 176:            95           5912  [Ljava.lang.invoke.MethodHandle; (java.base@11.0.2)
 177:            92           5888  java.lang.invoke.BoundMethodHandle$Species_LLLLLLIIL (java.base@11.0.2)
 178:           181           5792  sun.java2d.xr.DirtyRegion (java.desktop@11.0.2)
 179:           103           5768  javax.swing.Timer (java.desktop@11.0.2)
 180:           175           5600  sun.java2d.DefaultDisposerRecord (java.desktop@11.0.2)
 181:            16           5504  javax.swing.Box$Filler (java.desktop@11.0.2)
 182:           228           5472  javax.swing.KeyStroke (java.desktop@11.0.2)
 183:           113           5424  sun.awt.SoftCache$ValueCell (java.desktop@11.0.2)
 184:           113           5424  sun.awt.image.URLImageSource (java.desktop@11.0.2)
 185:            47           5320  [Z (java.base@11.0.2)
 186:            13           5200  javax.swing.JScrollPane (java.desktop@11.0.2)
 187:           159           5088  java.lang.invoke.BoundMethodHandle$Species_L (java.base@11.0.2)
 188:            90           5040  sun.java2d.xr.XRRenderer$XRDrawHandler (java.desktop@11.0.2)
 189:           157           5024  sun.awt.X11.XAtom (java.desktop@11.0.2)
 190:            88           4928  java.util.logging.Logger (java.logging@11.0.2)
 191:           152           4864  sun.awt.shell.DefaultShellFolder (java.desktop@11.0.2)
 192:           133           4824  [[B (java.base@11.0.2)
 193:            60           4800  java.net.URI (java.base@11.0.2)
 194:            35           4760  adams.flow.control.Sequence
 195:           119           4760  java.lang.invoke.DirectMethodHandle$Special (java.base@11.0.2)
 196:            76           4744  [[I (java.base@11.0.2)
 197:            12           4576  [Lsun.font.FontConfigManager$FontConfigFont; (java.desktop@11.0.2)
 198:           139           4448  sun.awt.X11.UnsafeXDisposerRecord (java.desktop@11.0.2)
 199:           185           4440  java.awt.datatransfer.MimeType (java.datatransfer@11.0.2)
 200:            92           4416  jdk.internal.ref.CleanerImpl$PhantomCleanableRef (java.base@11.0.2)
 201:             9           4392  javax.swing.plaf.metal.MetalComboBoxButton (java.desktop@11.0.2)
 202:           135           4320  javax.swing.text.html.CSS$LengthValue (java.desktop@11.0.2)
 203:            90           4320  sun.java2d.xr.XRDrawLine (java.desktop@11.0.2)
 204:            59           4248  java.awt.Font (java.desktop@11.0.2)
 205:             9           4248  javax.swing.plaf.metal.MetalComboBoxEditor$1 (java.desktop@11.0.2)
 206:           132           4224  java.lang.module.ModuleDescriptor$Requires (java.base@11.0.2)
 207:            88           4224  javax.swing.text.html.parser.Element (java.desktop@11.0.2)
 208:            88           4224  sun.java2d.loops.MaskBlit (java.desktop@11.0.2)
 209:             2           4160  [Lcom.sun.beans.util.Cache$CacheEntry; (java.desktop@11.0.2)
 210:            65           4160  sun.security.ssl.SSLExtension (java.base@11.0.2)
 211:           129           4128  java.lang.ref.ReferenceQueue (java.base@11.0.2)
 212:             1           4112  [Ljava.nio.ByteBuffer; (java.base@11.0.2)
 213:           256           4096  java.lang.Byte (java.base@11.0.2)
 214:             6           4072  [[J (java.base@11.0.2)
 215:           168           4032  java.util.ImmutableCollections$SetN (java.base@11.0.2)
 216:           126           4032  java.util.concurrent.locks.ReentrantLock$NonfairSync (java.base@11.0.2)
 217:             9           4032  javax.swing.plaf.basic.BasicComboPopup (java.desktop@11.0.2)
 218:           162           3888  jdk.internal.module.ServicesCatalog$ServiceProvider (java.base@11.0.2)
 219:           161           3864  java.util.concurrent.CopyOnWriteArrayList (java.base@11.0.2)
 220:            60           3840  java.lang.module.ModuleDescriptor (java.base@11.0.2)
 221:             8           3840  javax.swing.JMenu$1 (java.desktop@11.0.2)
 222:             8           3840  javax.swing.plaf.basic.BasicArrowButton (java.desktop@11.0.2)
 223:           119           3808  java.io.File (java.base@11.0.2)
 224:           118           3776  javax.swing.text.html.StyleSheet$SmallConversionSet (java.desktop@11.0.2)
 225:             8           3712  javax.swing.JToggleButton (java.desktop@11.0.2)
 226:            33           3696  javax.swing.plaf.basic.BasicTextUI$BasicCaret (java.desktop@11.0.2)
 227:             9           3672  javax.swing.plaf.basic.BasicComboPopup$1 (java.desktop@11.0.2)
 228:            90           3600  [Lsun.awt.EventQueueItem; (java.desktop@11.0.2)
 229:           225           3600  java.util.Collections$UnmodifiableSet (java.base@11.0.2)
 230:            90           3600  javax.swing.DefaultBoundedRangeModel (java.desktop@11.0.2)
 231:             7           3584  adams.gui.core.BaseFlatButton
 232:            89           3560  java.util.logging.Logger$ConfigurationData (java.logging@11.0.2)
 233:             7           3472  adams.gui.core.BaseMenu
 234:           142           3408  java.awt.Dimension (java.desktop@11.0.2)
 235:            71           3408  sun.java2d.xr.XRSurfaceDataProxy (java.desktop@11.0.2)
 236:            60           3360  jdk.internal.module.ModuleReferenceImpl (java.base@11.0.2)
 237:           104           3328  javax.swing.ActionPropertyChangeListener$OwnedWeakReference (java.desktop@11.0.2)
 238:             2           3312  [Lsun.java2d.loops.GraphicsPrimitive; (java.desktop@11.0.2)
 239:           206           3296  javax.swing.JMenuItem$MenuItemFocusListener (java.desktop@11.0.2)
 240:             8           3264  javax.swing.plaf.metal.MetalFileChooserUI$AlignedLabel (java.desktop@11.0.2)
 241:            80           3200  javax.swing.plaf.metal.MetalBumps (java.desktop@11.0.2)
 242:            25           3200  sun.nio.fs.UnixFileAttributes (java.base@11.0.2)
 243:           132           3168  adams.core.base.BaseAnnotation
 244:             8           3136  javax.swing.DefaultListCellRenderer$UIResource (java.desktop@11.0.2)
 245:            98           3136  sun.security.util.ObjectIdentifier (java.base@11.0.2)
 246:           127           3048  java.util.LinkedList$Node (java.base@11.0.2)
 247:           126           3024  java.security.Provider$UString (java.base@11.0.2)
 248:            63           3024  sun.net.www.MimeEntry (java.base@11.0.2)
 249:             8           3008  javax.swing.JRootPane (java.desktop@11.0.2)
 250:           186           2976  [Ljava.security.Principal; (java.base@11.0.2)
 251:           186           2976  java.security.ProtectionDomain$Key (java.base@11.0.2)
 252:           185           2960  java.awt.datatransfer.MimeTypeParameterList (java.datatransfer@11.0.2)
 253:           185           2960  sun.java2d.xr.MutableInteger (java.desktop@11.0.2)
 254:           123           2952  java.lang.Class$AnnotationData (java.base@11.0.2)
 255:            90           2880  sun.java2d.xr.XRRenderer (java.desktop@11.0.2)
 256:            71           2840  java.io.ObjectStreamField (java.base@11.0.2)
 257:             6           2832  adams.gui.core.BaseTextField
 258:           177           2832  javax.swing.plaf.basic.BasicMenuItemUI$Handler (java.desktop@11.0.2)
 259:            44           2816  com.mysql.jdbc.ConnectionPropertiesImpl$StringConnectionProperty
 260:             8           2816  javax.swing.JLayeredPane (java.desktop@11.0.2)
 261:             7           2800  adams.gui.core.BaseSplitPane
 262:             7           2800  com.googlecode.jfilechooserbookmarks.gui.BaseScrollPane
 263:            87           2784  java.awt.Insets (java.desktop@11.0.2)
 264:            87           2784  javax.swing.text.StyleContext$NamedStyle (java.desktop@11.0.2)
 265:             8           2752  adams.gui.core.BasePanel
 266:            57           2736  java.awt.image.DataBufferInt (java.desktop@11.0.2)
 267:            57           2736  java.awt.image.SinglePixelPackedSampleModel (java.desktop@11.0.2)
 268:            17           2720  sun.java2d.xr.XRSurfaceData$XRWindowSurfaceData (java.desktop@11.0.2)
 269:            48           2688  java.io.FileCleanable (java.base@11.0.2)
 270:            28           2688  java.util.jar.JarFile$JarFileEntry (java.base@11.0.2)
 271:           111           2664  javax.swing.ComponentInputMap (java.desktop@11.0.2)
 272:            41           2624  java.util.zip.Inflater (java.base@11.0.2)
 273:           106           2544  java.util.ImmutableCollections$List12 (java.base@11.0.2)
 274:            45           2520  adams.gui.flow.tree.Node
 275:             7           2512  [Lsun.font.PhysicalStrike; (java.desktop@11.0.2)
 276:           104           2496  javax.swing.AbstractButton$ButtonActionPropertyChangeListener (java.desktop@11.0.2)
 277:           104           2496  javax.swing.plaf.ComponentInputMapUIResource (java.desktop@11.0.2)
 278:            26           2496  javax.swing.plaf.basic.BasicMenuUI (java.desktop@11.0.2)
 279:            61           2440  jdk.internal.reflect.UnsafeQualifiedStaticIntegerFieldAccessorImpl (java.base@11.0.2)
 280:             7           2408  javax.swing.plaf.metal.MetalSplitPaneDivider (java.desktop@11.0.2)
 281:            60           2400  com.mysql.jdbc.MysqlCharset
 282:            50           2400  java.util.WeakHashMap (java.base@11.0.2)
 283:            27           2376  java.util.regex.Pattern (java.base@11.0.2)
 284:            37           2368  javax.swing.plaf.metal.MetalScrollPaneUI (java.desktop@11.0.2)
 285:             5           2360  javax.swing.plaf.metal.MetalSplitPaneDivider$1 (java.desktop@11.0.2)
 286:             5           2360  javax.swing.plaf.metal.MetalSplitPaneDivider$2 (java.desktop@11.0.2)
 287:            42           2352  adams.core.option.DoubleOption
 288:            48           2304  sun.swing.ImageIconUIResource (java.desktop@11.0.2)
 289:            57           2280  java.lang.invoke.MethodHandleImpl$AsVarargsCollector (java.base@11.0.2)
 290:            47           2256  sun.java2d.loops.MaskFill (java.desktop@11.0.2)
 291:            40           2240  adams.core.option.FloatOption
 292:            70           2240  sun.java2d.loops.SurfaceType (java.desktop@11.0.2)
 293:            92           2208  adams.env.Setup
 294:            92           2208  javax.swing.event.SwingPropertyChangeSupport (java.desktop@11.0.2)
 295:            55           2200  java.io.FileDescriptor (java.base@11.0.2)
 296:            11           2184  [Ljava.lang.reflect.Field; (java.base@11.0.2)
 297:            68           2176  javax.swing.border.EmptyBorder (java.desktop@11.0.2)
 298:            30           2160  javax.swing.text.PlainDocument (java.desktop@11.0.2)
 299:           133           2128  java.util.ImmutableCollections$ListN (java.base@11.0.2)
 300:            38           2128  javax.swing.TransferHandler$SwingDropTarget (java.desktop@11.0.2)
 301:            53           2120  sun.security.util.NamedCurve (java.base@11.0.2)
 302:            66           2112  java.lang.invoke.LambdaForm$Kind (java.base@11.0.2)
 303:            22           2112  javax.swing.plaf.basic.BasicListUI (java.desktop@11.0.2)
 304:           131           2096  java.lang.ref.ReferenceQueue$Lock (java.base@11.0.2)
 305:            65           2080  javax.swing.plaf.basic.BasicScrollBarUI$TrackListener (java.desktop@11.0.2)
 306:            37           2072  javax.swing.ScrollPaneLayout$UIResource (java.desktop@11.0.2)
 307:            43           2064  java.lang.invoke.BoundMethodHandle$SpeciesData (java.base@11.0.2)
 308:            86           2064  java.util.AbstractMap$SimpleImmutableEntry (java.base@11.0.2)
 309:             5           2040  com.googlecode.jfilechooserbookmarks.gui.BaseList
 310:           126           2016  java.util.concurrent.locks.ReentrantLock (java.base@11.0.2)
 311:             4           2016  javax.swing.JFormattedTextField (java.desktop@11.0.2)
 312:           126           2016  sun.java2d.StateTrackableDelegate$1 (java.desktop@11.0.2)
 313:             5           2000  adams.gui.chooser.FileChooserBookmarksPanel
 314:            25           2000  javax.swing.text.FieldView (java.desktop@11.0.2)
 315:            83           1992  java.lang.Double (java.base@11.0.2)
 316:            83           1992  javax.swing.KeyboardManager$ComponentKeyStrokePair (java.desktop@11.0.2)
 317:            91           1976  [Ljava.util.Map$Entry; (java.base@11.0.2)
 318:             4           1952  sun.swing.FilePane (java.desktop@11.0.2)
 319:           121           1936  java.lang.Float (java.base@11.0.2)
 320:            30           1920  com.mysql.jdbc.ConnectionPropertiesImpl$IntegerConnectionProperty
 321:            24           1920  java.lang.invoke.BoundMethodHandle$Species_LLLLLLLLLIILL (java.base@11.0.2)
 322:            20           1920  sun.font.CompositeFont (java.desktop@11.0.2)
 323:             4           1888  adams.gui.core.BaseCheckBox
 324:             4           1888  javax.swing.plaf.metal.MetalFileChooserUI$3 (java.desktop@11.0.2)
 325:            39           1872  adams.core.option.CustomHooksOption
 326:            77           1848  javax.swing.text.html.HTML$Tag (java.desktop@11.0.2)
 327:            77           1848  javax.swing.text.html.StyleSheet$SelectorMapping (java.desktop@11.0.2)
 328:            76           1824  java.util.Currency$OtherCurrencyEntry (java.base@11.0.2)
 329:            72           1728  sun.awt.image.BufImgSurfaceManager (java.desktop@11.0.2)
 330:            18           1728  sun.awt.image.BytePackedRaster (java.desktop@11.0.2)
 331:            43           1720  [Ljava.lang.invoke.BoundMethodHandle$SpeciesData; (java.base@11.0.2)
 332:            53           1696  java.security.spec.EllipticCurve (java.base@11.0.2)
 333:             3           1680  adams.gui.core.BaseSplitButton
 334:            35           1680  javax.swing.text.AbstractDocument$BidiRootElement (java.desktop@11.0.2)
 335:            52           1664  sun.nio.fs.UnixPath (java.base@11.0.2)
 336:             4           1664  sun.swing.FilePane$4 (java.desktop@11.0.2)
 337:           103           1648  javax.swing.Timer$DoPostEvent (java.desktop@11.0.2)
 338:             4           1632  adams.gui.core.BaseList
 339:            34           1632  sun.security.ssl.SupportedGroupsExtension$NamedGroup (java.base@11.0.2)
 340:            67           1608  javax.swing.text.html.CSS$Attribute (java.desktop@11.0.2)
 341:            20           1600  adams.gui.visualization.core.AxisPanelOptions
 342:            25           1600  java.util.jar.JarFile (java.base@11.0.2)
 343:            25           1600  java.util.zip.ZipFile$Source (java.base@11.0.2)
 344:            25           1600  javax.swing.DefaultListSelectionModel (java.desktop@11.0.2)
 345:            20           1600  javax.swing.plaf.basic.BasicCheckBoxMenuItemUI (java.desktop@11.0.2)
 346:             4           1600  javax.swing.plaf.metal.MetalFileChooserUI$1 (java.desktop@11.0.2)
 347:             4           1600  javax.swing.plaf.metal.MetalFileChooserUI$DirectoryComboBoxRenderer (java.desktop@11.0.2)
 348:             4           1600  javax.swing.plaf.metal.MetalFileChooserUI$FilterComboBoxRenderer (java.desktop@11.0.2)
 349:             4           1600  sun.swing.FilePane$FileRenderer (java.desktop@11.0.2)
 350:            66           1584  java.util.regex.Pattern$Slice (java.base@11.0.2)
 351:            66           1584  javax.swing.plaf.InputMapUIResource (java.desktop@11.0.2)
 352:             4           1568  javax.swing.JComboBox (java.desktop@11.0.2)
 353:            65           1560  java.util.jar.Attributes$Name (java.base@11.0.2)
 354:            65           1560  javax.swing.plaf.basic.BasicScrollBarUI$ArrowButtonListener (java.desktop@11.0.2)
 355:            65           1560  javax.swing.plaf.basic.BasicScrollBarUI$ScrollListener (java.desktop@11.0.2)
 356:            65           1560  javax.swing.plaf.metal.MetalScrollBarUI$ScrollBarListener (java.desktop@11.0.2)
 357:            48           1536  javax.swing.plaf.ColorUIResource (java.desktop@11.0.2)
 358:            27           1512  adams.core.Properties
 359:             6           1488  adams.flow.sink.SequencePlotter
 360:             4           1472  adams.gui.core.FilterPanel
 361:            46           1472  java.util.LinkedList (java.base@11.0.2)
 362:             4           1472  javax.swing.JSpinner (java.desktop@11.0.2)
 363:             4           1472  javax.swing.plaf.metal.MetalFileChooserUI (java.desktop@11.0.2)
 364:            92           1472  sun.java2d.pipe.PixelToShapeConverter (java.desktop@11.0.2)
 365:            64           1464  [Ljavax.swing.text.AttributeSet; (java.desktop@11.0.2)
 366:            61           1464  java.lang.ProcessEnvironment$Value (java.base@11.0.2)
 367:            61           1464  java.lang.ProcessEnvironment$Variable (java.base@11.0.2)
 368:             7           1456  javax.swing.plaf.basic.BasicSplitPaneUI$1 (java.desktop@11.0.2)
 369:            45           1440  java.io.RandomAccessFile (java.base@11.0.2)
 370:            60           1440  java.lang.module.ResolvedModule (java.base@11.0.2)
 371:             4           1440  javax.swing.JMenuBar (java.desktop@11.0.2)
 372:            30           1440  javax.swing.text.html.HTMLDocument$BlockElement (java.desktop@11.0.2)
 373:            60           1440  jdk.internal.module.SystemModuleFinders$2 (java.base@11.0.2)
 374:            60           1440  jdk.internal.module.SystemModuleFinders$SystemModuleReader (java.base@11.0.2)
 375:            30           1440  sun.java2d.loops.DrawGlyphListAA (java.desktop@11.0.2)
 376:            90           1440  sun.java2d.xr.XRDrawImage (java.desktop@11.0.2)
 377:            20           1440  sun.nio.ch.FileChannelImpl (java.base@11.0.2)
 378:             3           1416  adams.gui.core.TextEditorPanel$TextEditorArea
 379:             3           1416  adams.gui.dialog.ApprovalDialog
 380:            59           1416  jdk.internal.loader.BuiltinClassLoader$LoadedModule (java.base@11.0.2)
 381:             4           1408  javax.swing.JToolBar$Separator (java.desktop@11.0.2)
 382:            35           1400  java.awt.FlowLayout (java.desktop@11.0.2)
 383:            35           1400  javax.swing.text.AbstractDocument$BidiElement (java.desktop@11.0.2)
 384:            35           1400  javax.swing.text.GapContent (java.desktop@11.0.2)
 385:            25           1400  sun.security.ec.SunEC$ProviderService (jdk.crypto.ec@11.0.2)
 386:             1           1376  [Ljdk.internal.math.FDBigInteger; (java.base@11.0.2)
 387:             4           1376  javax.swing.JSpinner$NumberEditor (java.desktop@11.0.2)
 388:            86           1376  sun.util.logging.PlatformLogger (java.base@11.0.2)
 389:             1           1360  [Lsun.security.ssl.CipherSuite; (java.base@11.0.2)
 390:            28           1344  adams.gui.visualization.core.axis.FancyTickGenerator
 391:            56           1344  java.lang.module.ModuleDescriptor$Provides (java.base@11.0.2)
 392:            84           1344  sun.util.logging.internal.LoggingProviderImpl$JULWrapper (java.logging@11.0.2)
 393:             3           1320  adams.gui.dialog.TextPanel
 394:            55           1320  com.googlecode.jfilechooserbookmarks.Bookmark
 395:            33           1320  javax.swing.plaf.basic.BasicTextUI$RootView (java.desktop@11.0.2)
 396:            55           1320  sun.reflect.generics.tree.SimpleClassTypeSignature (java.base@11.0.2)
 397:             4           1312  sun.awt.X11.XFramePeer (java.desktop@11.0.2)
 398:            54           1296  java.security.spec.ECPoint (java.base@11.0.2)
 399:            81           1296  javax.swing.text.html.HTML$Attribute (java.desktop@11.0.2)
 400:            27           1296  sun.java2d.loops.BlitBg (java.desktop@11.0.2)
 401:            40           1280  [Ljava.math.BigInteger; (java.base@11.0.2)
 402:            32           1280  javax.swing.JToggleButton$ToggleButtonModel (java.desktop@11.0.2)
 403:            78           1248  java.util.LinkedHashMap$LinkedKeySet (java.base@11.0.2)
 404:             4           1248  sun.awt.X11.XDialogPeer (java.desktop@11.0.2)
 405:            31           1240  javax.swing.text.AbstractDocument$BranchElement (java.desktop@11.0.2)
 406:            11           1232  java.awt.GridBagConstraints (java.desktop@11.0.2)
 407:             9           1224  adams.flow.control.Tee
 408:             9           1224  adams.flow.control.Trigger
 409:             1           1224  com.mysql.jdbc.JDBC4Connection
 410:             8           1216  sun.awt.X11.XContentWindow (java.desktop@11.0.2)
 411:            25           1200  jdk.internal.loader.URLClassPath$JarLoader (java.base@11.0.2)
 412:            28           1184  [Ljavax.swing.SizeRequirements; (java.desktop@11.0.2)
 413:             2           1184  adams.gui.flow.tree.Tree
 414:            29           1160  javax.swing.plaf.basic.DefaultMenuLayout (java.desktop@11.0.2)
 415:             3           1152  adams.gui.core.TextEditorPanel
 416:             8           1152  java.text.DecimalFormat (java.base@11.0.2)
 417:             2           1120  [Ljava.lang.Integer; (java.base@11.0.2)
 418:            20           1120  adams.gui.visualization.core.DefaultColorProvider
 419:            28           1120  java.lang.Package$VersionInfo (java.base@11.0.2)
 420:            35           1120  javax.swing.text.GapContent$MarkVector (java.desktop@11.0.2)
 421:            28           1120  sun.awt.image.ByteArrayImageSource (java.desktop@11.0.2)
 422:            69           1104  java.util.LinkedHashSet (java.base@11.0.2)
 423:             3           1096  [Lsun.font.CharToGlyphMapper; (java.desktop@11.0.2)
 424:            34           1088  adams.core.io.PlaceholderFile
 425:             9           1080  javax.swing.plaf.metal.MetalComboBoxUI (java.desktop@11.0.2)
 426:            19           1064  sun.java2d.loops.GraphicsPrimitiveProxy (java.desktop@11.0.2)
 427:            33           1056  javax.swing.plaf.basic.BasicTextUI$BasicHighlighter (java.desktop@11.0.2)
 428:            33           1056  javax.swing.plaf.basic.BasicTextUI$FocusAction (java.desktop@11.0.2)
 429:            33           1056  javax.swing.text.DefaultHighlighter$SafeDamager (java.desktop@11.0.2)
 430:            33           1056  javax.swing.text.JTextComponent$MutableCaretEvent (java.desktop@11.0.2)
 431:             1           1040  [Ljava.lang.Byte; (java.base@11.0.2)
 432:             1           1040  [Ljava.lang.Long; (java.base@11.0.2)
 433:             1           1040  [Ljava.lang.Short; (java.base@11.0.2)
 434:            29           1040  [Ljavax.swing.text.html.CSS$Attribute; (java.desktop@11.0.2)
 435:            55           1040  [Lsun.reflect.generics.tree.TypeArgument; (java.base@11.0.2)
 436:            26           1040  java.awt.SystemColor (java.desktop@11.0.2)
 437:            26           1040  javax.swing.BoxLayout (java.desktop@11.0.2)
 438:            65           1040  javax.swing.JScrollBar$ModelListener (java.desktop@11.0.2)
 439:            65           1040  javax.swing.plaf.basic.BasicScrollBarUI$Handler (java.desktop@11.0.2)
 440:            65           1040  javax.swing.plaf.basic.BasicScrollBarUI$ModelListener (java.desktop@11.0.2)
 441:            26           1040  javax.swing.plaf.metal.MetalUtils$OceanDisabledButtonImageFilter (java.desktop@11.0.2)
 442:            43           1032  java.util.zip.Inflater$InflaterZStreamRef (java.base@11.0.2)
 443:            43           1032  javax.swing.plaf.ActionMapUIResource (java.desktop@11.0.2)
 444:            64           1024  [Ladams.flow.core.Actor;
 445:            64           1024  adams.flow.core.Compatibility
 446:             7           1008  [Ljava.lang.invoke.MemberName; (java.base@11.0.2)
 447:            18           1008  java.awt.image.MultiPixelPackedSampleModel (java.desktop@11.0.2)
 448:            18           1008  javax.swing.text.html.StyleSheet$BoxPainter (java.desktop@11.0.2)
 449:            18           1008  sun.awt.image.SunVolatileImage (java.desktop@11.0.2)
 450:            18           1008  sun.java2d.xr.XRPMTransformedBlit (java.desktop@11.0.2)
 451:            14           1008  sun.security.ssl.SSLCipher (java.base@11.0.2)
 452:            44           1000  [Lsun.security.ssl.ProtocolVersion; (java.base@11.0.2)
 453:            31            992  java.lang.invoke.VarHandle$AccessMode (java.base@11.0.2)
 454:            41            984  java.awt.dnd.DropTargetContext (java.desktop@11.0.2)
 455:            40            960  java.lang.RuntimePermission (java.base@11.0.2)
 456:            30            960  java.security.Provider$EngineDescription (java.base@11.0.2)
 457:            30            960  javax.swing.plaf.basic.BasicTextUI$TextActionWrapper (java.desktop@11.0.2)
 458:             2            960  javax.swing.tree.DefaultTreeCellEditor$DefaultTextField (java.desktop@11.0.2)
 459:            20            960  sun.java2d.xr.XRMaskFill (java.desktop@11.0.2)
 460:            39            936  java.sql.JDBCType (java.sql@11.0.2)
 461:            39            936  javax.swing.DefaultSingleSelectionModel (java.desktop@11.0.2)
 462:            13            936  javax.swing.plaf.FontUIResource (java.desktop@11.0.2)
 463:             9            928  [[S (java.base@11.0.2)
 464:             2            928  adams.gui.core.BaseTextArea
 465:            29            928  java.awt.Color (java.desktop@11.0.2)
 466:             2            928  javax.swing.JEditorPane (java.desktop@11.0.2)
 467:            58            928  jdk.internal.module.SystemModuleFinders$3 (java.base@11.0.2)
 468:             2            912  adams.gui.flow.tree.Renderer
 469:            38            912  javax.swing.plaf.metal.MetalPopupMenuSeparatorUI (java.desktop@11.0.2)
 470:            38            912  javax.swing.text.html.StyleSheet$ResolvedStyle (java.desktop@11.0.2)
 471:            56            896  adams.core.WrapperHashSet$Wrapper
 472:             2            896  adams.gui.chooser.BaseFileChooser
 473:             7            896  javax.swing.plaf.metal.MetalSplitPaneUI (java.desktop@11.0.2)
 474:            37            888  java.util.BitSet (java.base@11.0.2)
 475:            22            880  adams.core.License
 476:             2            880  adams.gui.flow.FlowPanel
 477:            22            880  java.lang.invoke.VarHandleObjects$FieldInstanceReadWrite (java.base@11.0.2)
 478:            22            880  java.lang.ref.Finalizer (java.base@11.0.2)
 479:            22            880  javax.swing.plaf.basic.BasicListUI$Handler (java.desktop@11.0.2)
 480:            55            880  sun.reflect.generics.tree.ClassTypeSignature (java.base@11.0.2)
 481:            12            864  java.util.ResourceBundle$CacheKey (java.base@11.0.2)
 482:            36            864  sun.awt.SunHints$Value (java.desktop@11.0.2)
 483:            18            864  sun.java2d.xr.XRPMBlit (java.desktop@11.0.2)
 484:            18            864  sun.java2d.xr.XRPMScaledBlit (java.desktop@11.0.2)
 485:            18            864  sun.java2d.xr.XRVolatileSurfaceManager (java.desktop@11.0.2)
 486:            18            864  sun.util.resources.Bundles$BundleReference (java.base@11.0.2)
 487:            21            840  javax.swing.plaf.metal.MetalTextFieldUI (java.desktop@11.0.2)
 488:            35            840  javax.swing.text.TabStop (java.desktop@11.0.2)
 489:             7            840  sun.font.FileFontStrike (java.desktop@11.0.2)
 490:            21            840  sun.security.ssl.SSLHandshake (java.base@11.0.2)
 491:            15            840  sun.util.calendar.ZoneInfo (java.base@11.0.2)
 492:            34            816  javax.swing.plaf.basic.BasicPopupMenuUI (java.desktop@11.0.2)
 493:            34            816  javax.swing.plaf.basic.BasicPopupMenuUI$BasicMenuKeyListener (java.desktop@11.0.2)
 494:            17            816  sun.awt.X11.XWindowAttributesData (java.desktop@11.0.2)
 495:            17            816  sun.java2d.loops.DrawGlyphList (java.desktop@11.0.2)
 496:            17            816  sun.java2d.loops.FillRect (java.desktop@11.0.2)
 497:            10            800  java.lang.invoke.BoundMethodHandle$Species_LLLLLLLLLLLLL (java.base@11.0.2)
 498:            25            800  java.util.zip.ZipFile$CleanableResource (java.base@11.0.2)
 499:            20            800  javax.swing.text.html.HTMLDocument$RunElement (java.desktop@11.0.2)
 500:            25            800  sun.nio.fs.UnixFileKey (java.base@11.0.2)
 501:            32            792  [Ljavax.swing.text.View; (java.desktop@11.0.2)
 502:            33            792  javax.swing.plaf.basic.BasicTextUI$UpdateHandler (java.desktop@11.0.2)
 503:            33            792  javax.swing.text.JTextComponent$KeymapActionMap (java.desktop@11.0.2)
 504:            33            792  javax.swing.text.JTextComponent$KeymapWrapper (java.desktop@11.0.2)
 505:            14            784  sun.font.StrikeMetrics (java.desktop@11.0.2)
 506:             6            768  adams.flow.transformer.SetVariable
 507:             2            768  adams.gui.core.BaseListWithButtons
 508:             2            768  adams.gui.flow.FlowPanelNotificationArea
 509:            24            768  java.lang.StringBuffer (java.base@11.0.2)
 510:            24            768  java.lang.invoke.VarHandle$AccessDescriptor (java.base@11.0.2)
 511:            24            768  java.security.Permissions (java.base@11.0.2)
 512:            24            768  java.util.ResourceBundle$KeyElementReference (java.base@11.0.2)
 513:             8            768  javax.swing.text.html.InlineView (java.desktop@11.0.2)
 514:            24            768  sun.font.EAttribute (java.desktop@11.0.2)
 515:            16            768  sun.java2d.loops.DrawLine (java.desktop@11.0.2)
 516:            16            768  sun.java2d.loops.DrawPath (java.desktop@11.0.2)
 517:            16            768  sun.java2d.loops.DrawPolygons (java.desktop@11.0.2)
 518:            16            768  sun.java2d.loops.DrawRect (java.desktop@11.0.2)
 519:            16            768  sun.java2d.loops.FillPath (java.desktop@11.0.2)
 520:            16            768  sun.java2d.loops.FillSpans (java.desktop@11.0.2)
 521:            24            768  sun.security.x509.OIDMap$OIDInfo (java.base@11.0.2)
 522:             6            744  [Ljava.lang.ClassValue$Entry; (java.base@11.0.2)
 523:            23            736  java.util.Collections$SynchronizedMap (java.base@11.0.2)
 524:            23            736  java.util.Collections$UnmodifiableMap (java.base@11.0.2)
 525:             6            720  adams.flow.sink.CallableSink
 526:            45            720  adams.gui.application.AbstractBasicMenuItemDefinition$$Lambda$163/0x00000001008e8040
 527:            30            720  adams.gui.core.PropertiesParameterPanel$PropertyType
 528:            18            720  java.io.FilePermission (java.base@11.0.2)
 529:            30            720  java.util.ArrayDeque (java.base@11.0.2)
 530:            30            720  java.util.Collections$SetFromMap (java.base@11.0.2)
 531:            15            720  java.util.Currency$SpecialCaseEntry (java.base@11.0.2)
 532:             9            720  sun.font.FontDesignMetrics (java.desktop@11.0.2)
 533:             1            704  adams.gui.flow.FlowEditorPanel
 534:            11            704  java.nio.DirectByteBuffer (java.base@11.0.2)
 535:            22            704  java.security.BasicPermissionCollection (java.base@11.0.2)
 536:            22            704  java.util.concurrent.locks.AbstractQueuedSynchronizer$Node (java.base@11.0.2)
 537:            22            704  javax.swing.text.html.CSS$FontSize (java.desktop@11.0.2)
 538:             8            704  sun.awt.X11.XFocusProxyWindow (java.desktop@11.0.2)
 539:            29            696  java.awt.Point (java.desktop@11.0.2)
 540:            29            696  javax.swing.JMenu$MenuChangeListener (java.desktop@11.0.2)
 541:             8            688  [Lsun.java2d.loops.RenderCache$Entry; (java.desktop@11.0.2)
 542:            21            672  [Ljava.io.ObjectStreamField; (java.base@11.0.2)
 543:             6            672  adams.flow.transformer.GetArrayElement
 544:            14            672  adams.gui.print.NullWriter
 545:            28            672  java.lang.invoke.Invokers (java.base@11.0.2)
 546:            14            672  java.util.TreeMap (java.base@11.0.2)
 547:             6            672  javax.swing.text.html.BlockView (java.desktop@11.0.2)
 548:            14            672  sun.font.FontStrikeDisposer (java.desktop@11.0.2)
 549:            14            672  sun.font.StrikeCache$SoftDisposerRef (java.desktop@11.0.2)
 550:            14            672  sun.java2d.loops.TransformHelper (java.desktop@11.0.2)
 551:            14            672  sun.java2d.xr.XrSwToPMBlit (java.desktop@11.0.2)
 552:            14            672  sun.java2d.xr.XrSwToPMScaledBlit (java.desktop@11.0.2)
 553:            14            672  sun.java2d.xr.XrSwToPMTransformedBlit (java.desktop@11.0.2)
 554:            21            672  sun.reflect.generics.repository.ClassRepository (java.base@11.0.2)
 555:            14            672  sun.util.locale.provider.LocaleResources$ResourceReference (java.base@11.0.2)
 556:             9            648  [Ljavax.swing.Action; (java.desktop@11.0.2)
 557:             8            640  java.lang.invoke.BoundMethodHandle$Species_LLLLLLLLIILL (java.base@11.0.2)
 558:             3            624  [Ljava.lang.invoke.LambdaForm; (java.base@11.0.2)
 559:            26            624  java.awt.image.FilteredImageSource (java.desktop@11.0.2)
 560:            26            624  java.security.spec.ECFieldF2m (java.base@11.0.2)
 561:            26            624  javax.swing.plaf.basic.BasicMenuUI$Handler (java.desktop@11.0.2)
 562:            26            624  javax.swing.text.html.StyleSheet$ViewAttributeSet (java.desktop@11.0.2)
 563:            13            624  sun.java2d.loops.DrawGlyphListLCD (java.desktop@11.0.2)
 564:            25            600  java.util.zip.ZipFile$Source$Key (java.base@11.0.2)
 565:            25            600  javax.swing.JMenu$WinListener (java.desktop@11.0.2)
 566:            25            600  sun.nio.cs.CharsetMapping$Entry (java.base@11.0.2)
 567:            37            592  javax.swing.JViewport$ViewListener (java.desktop@11.0.2)
 568:            37            592  javax.swing.plaf.basic.BasicScrollPaneUI$Handler (java.desktop@11.0.2)
 569:            37            592  javax.swing.plaf.metal.MetalScrollPaneUI$1 (java.desktop@11.0.2)
 570:            12            576  adams.flow.control.SequentialDirector
 571:            12            576  adams.gui.visualization.core.axis.SimpleTickGenerator
 572:             8            576  java.text.DecimalFormatSymbols (java.base@11.0.2)
 573:            18            576  java.util.RegularEnumSet (java.base@11.0.2)
 574:            12            576  java.util.ResourceBundle$BundleReference (java.base@11.0.2)
 575:            18            576  javax.imageio.spi.DigraphNode (java.desktop@11.0.2)
 576:            24            576  javax.swing.plaf.basic.LazyActionMap (java.desktop@11.0.2)
 577:             9            576  sun.awt.X11.XInputMethod (java.desktop@11.0.2)
 578:            18            576  sun.swing.ImageCache$Entry (java.desktop@11.0.2)
 579:             6            576  sun.util.calendar.Gregorian$Date (java.base@11.0.2)
 580:            18            576  sun.util.resources.Bundles$CacheKey (java.base@11.0.2)
 581:            10            568  [Ljava.util.regex.Pattern$Node; (java.base@11.0.2)
 582:            18            560  [Ljava.awt.Rectangle; (java.desktop@11.0.2)
 583:             7            560  java.util.concurrent.TimeUnit (java.base@11.0.2)
 584:            14            560  sun.font.FontStrikeDesc (java.desktop@11.0.2)
 585:            23            552  java.lang.StringBuilder (java.base@11.0.2)
 586:            23            552  java.util.regex.Pattern$Start (java.base@11.0.2)
 587:             3            552  javax.swing.plaf.metal.MetalTreeUI (java.desktop@11.0.2)
 588:            17            544  javax.swing.plaf.InsetsUIResource (java.desktop@11.0.2)
 589:            34            544  javax.swing.plaf.basic.BasicPopupMenuUI$BasicPopupMenuListener (java.desktop@11.0.2)
 590:             4            544  javax.swing.text.WrappedPlainView (java.desktop@11.0.2)
 591:             4            544  javax.swing.text.html.ParagraphView (java.desktop@11.0.2)
 592:             2            544  javax.swing.tree.DefaultTreeCellEditor$EditorContainer (java.desktop@11.0.2)
 593:            17            544  sun.awt.X11.AwtGraphicsConfigData (java.desktop@11.0.2)
 594:            17            544  sun.security.ssl.CipherSuite$KeyExchange (java.base@11.0.2)
 595:             1            528  [Ljava.lang.Character; (java.base@11.0.2)
 596:            22            528  java.util.concurrent.locks.AbstractQueuedSynchronizer$ConditionObject (java.base@11.0.2)
 597:            22            528  java.util.regex.Pattern$$Lambda$151/0x000000010025f840 (java.base@11.0.2)
 598:            33            528  javax.swing.text.DefaultCaret$Handler (java.desktop@11.0.2)
 599:            11            528  sun.awt.IconInfo (java.desktop@11.0.2)
 600:             1            520  adams.gui.Main
 601:            13            520  javax.swing.plaf.basic.BasicLookAndFeel$AudioAction (java.desktop@11.0.2)
 602:            16            512  [Ljava.lang.invoke.LambdaFormEditor$Transform; (java.base@11.0.2)
 603:            16            512  [Ljava.util.Set; (java.base@11.0.2)
 604:            32            512  adams.core.VariableName
 605:             8            512  java.lang.invoke.BoundMethodHandle$Species_LLLLLLII (java.base@11.0.2)
 606:            16            512  java.time.temporal.ChronoUnit (java.base@11.0.2)
 607:             4            512  javax.swing.text.html.HTMLEditorKit$HTMLFactory$BodyBlockView (java.desktop@11.0.2)
 608:             8            512  sun.awt.im.InputMethodContext (java.desktop@11.0.2)
 609:            16            512  sun.swing.FilePane$ViewTypeAction (java.desktop@11.0.2)
 610:             1            504  adams.gui.goe.classtree.ClassTree
 611:            21            504  java.lang.invoke.MethodHandleNatives$CallSiteContext (java.base@11.0.2)
 612:             9            504  java.util.Properties (java.base@11.0.2)
 613:            21            504  java.util.regex.Pattern$BmpCharProperty (java.base@11.0.2)
 614:            21            504  java.util.regex.Pattern$BmpCharPropertyGreedy (java.base@11.0.2)
 615:             9            504  javax.swing.tree.VariableHeightLayoutCache$TreeStateNode (java.desktop@11.0.2)
 616:            21            504  sun.reflect.generics.tree.ClassSignature (java.base@11.0.2)
 617:             7            496  [Lsun.invoke.util.Wrapper; (java.base@11.0.2)
 618:            10            480  [Lsun.awt.SunHints$Value; (java.desktop@11.0.2)
 619:             4            480  adams.flow.transformer.StringReplace
 620:             1            480  adams.gui.chooser.FlowFileChooser
 621:            10            480  adams.gui.visualization.sequence.NullPaintlet
 622:            15            480  java.security.AlgorithmParameters (java.base@11.0.2)
 623:            30            480  java.util.concurrent.ConcurrentHashMap$EntrySetView (java.base@11.0.2)
 624:            20            480  javax.swing.text.html.CSS$BorderStyle (java.desktop@11.0.2)
 625:            12            480  sun.awt.shell.ShellFolderColumnInfo (java.desktop@11.0.2)
 626:            12            480  sun.font.FontConfigManager$FcCompFont (java.desktop@11.0.2)
 627:            10            480  sun.invoke.util.Wrapper (java.base@11.0.2)
 628:            20            480  sun.nio.ch.NativeThreadSet (java.base@11.0.2)
 629:            20            480  sun.reflect.generics.factory.CoreReflectionFactory (java.base@11.0.2)
 630:            20            480  sun.reflect.generics.scope.ClassScope (java.base@11.0.2)
 631:             1            472  adams.gui.application.ChildFrame
 632:             1            464  adams.gui.scripting.ScriptingLogPanel$1
 633:            29            464  java.util.WeakHashMap$KeySet (java.base@11.0.2)
 634:             1            456  adams.gui.goe.classtree.ClassTreeRenderer
 635:            19            456  javax.swing.text.html.CSS$FontWeight (java.desktop@11.0.2)
 636:            19            456  sun.java2d.loops.CompositeType (java.desktop@11.0.2)
 637:            28            448  adams.data.DecimalFormatString
 638:            14            448  adams.flow.core.displaytype.Default
 639:             2            448  adams.flow.sink.Display
 640:             4            448  adams.flow.source.VariablesArray
 641:             4            448  adams.flow.transformer.MakePlotContainer
 642:             1            448  adams.gui.chooser.TextFileChooser
 643:             1            448  adams.gui.core.BaseFrame
 644:             1            448  adams.gui.dialog.TextDialog
 645:             8            448  java.lang.invoke.BoundMethodHandle$Species_LIILLL (java.base@11.0.2)
 646:             4            448  java.util.GregorianCalendar (java.base@11.0.2)
 647:             4            448  javax.swing.text.html.HTMLEditorKit$HTMLFactory$1 (java.desktop@11.0.2)
 648:             1            448  javax.swing.tree.DefaultTreeCellRenderer (java.desktop@11.0.2)
 649:            14            448  sun.java2d.loops.RenderCache$Entry (java.desktop@11.0.2)
 650:             1            440  adams.gui.flow.FlowMultiPagePane
 651:            11            440  java.lang.ClassLoader$NativeLibrary (java.base@11.0.2)
 652:            11            440  sun.java2d.pipe.Region (java.desktop@11.0.2)
 653:             1            432  [[[C (java.base@11.0.2)
 654:             9            432  adams.data.io.input.DefaultFlowReader
 655:             1            432  adams.gui.core.PropertiesParameterPanel
 656:             1            432  adams.gui.flow.tab.FlowTabManager
 657:             3            432  com.jidesoft.plaf.metal.MetalJideSplitButtonUI
 658:             9            432  java.awt.LightweightDispatcher (java.desktop@11.0.2)
 659:            27            432  java.security.spec.ECFieldFp (java.base@11.0.2)
 660:            18            432  java.text.DateFormat$Field (java.base@11.0.2)
 661:             9            432  javax.swing.plaf.metal.MetalComboBoxButton$1 (java.desktop@11.0.2)
 662:             9            432  sun.font.FontDesignMetrics$KeyReference (java.desktop@11.0.2)
 663:             1            424  javax.swing.SwingUtilities$SharedOwnerFrame (java.desktop@11.0.2)
 664:             2            416  adams.flow.control.Flow
 665:             4            416  adams.flow.source.Start
 666:            13            416  java.lang.ThreadLocal$ThreadLocalMap$Entry (java.base@11.0.2)
 667:            13            416  java.util.Stack (java.base@11.0.2)
 668:            26            416  sun.awt.X11.XBaseWindow$StateLock (java.desktop@11.0.2)
 669:             1            408  adams.gui.chooser.FileChooserPanel
 670:             1            408  adams.gui.core.BaseStatusBar
 671:             1            408  adams.gui.flow.FlowMultiPagePane$FlowTitleRenderer
 672:            17            408  java.io.FilePermissionCollection (java.base@11.0.2)
 673:            17            408  java.time.Duration (java.base@11.0.2)
 674:            17            408  java.util.regex.Pattern$GroupHead (java.base@11.0.2)
 675:            17            408  java.util.regex.Pattern$GroupTail (java.base@11.0.2)
 676:             1            408  javax.swing.Popup$HeavyWeightWindow (java.desktop@11.0.2)
 677:            21            400  [Lsun.reflect.generics.tree.ClassTypeSignature; (java.base@11.0.2)
 678:            10            400  adams.flow.sink.sequenceplotter.NoErrorPaintlet
 679:            10            400  adams.flow.sink.sequenceplotter.NoMarkers
 680:            10            400  adams.flow.sink.sequenceplotter.SimplePlotUpdater
 681:             1            400  adams.gui.core.SearchPanel
 682:            10            400  java.lang.OutOfMemoryError (java.base@11.0.2)
 683:            10            400  java.util.IdentityHashMap (java.base@11.0.2)
 684:            25            400  javax.swing.JTextField$ScrollRepainter (java.desktop@11.0.2)
 685:            25            400  javax.swing.text.html.CSS$Value (java.desktop@11.0.2)
 686:            25            400  sun.nio.fs.UnixFileAttributes$UnixAsBasicFileAttributes (java.base@11.0.2)
 687:             9            392  [Ljava.lang.invoke.MethodType; (java.base@11.0.2)
 688:             1            392  adams.gui.core.BaseComboBox
 689:             1            392  adams.gui.core.ParameterPanel
 690:             1            392  adams.gui.scripting.ScriptingEngineThread
 691:             7            392  com.jidesoft.plaf.basic.BasicJideButtonUI
 692:             1            392  java.awt.EventDispatchThread (java.desktop@11.0.2)
 693:             1            392  javax.swing.plaf.basic.BasicComboBoxRenderer$UIResource (java.desktop@11.0.2)
 694:            16            384  adams.core.base.BaseRegExp
 695:             8            384  adams.data.conversion.StringToString
 696:            24            384  adams.gui.core.BaseShortcut
 697:             1            384  adams.gui.flow.tab.Clipboard
 698:             6            384  adams.gui.visualization.sequence.CirclePaintlet
 699:             1            384  com.intellij.rt.execution.application.AppMainV2$1
 700:             1            384  java.lang.ref.Finalizer$FinalizerThread (java.base@11.0.2)
 701:            24            384  java.util.HashMap$EntrySet (java.base@11.0.2)
 702:             8            384  java.util.concurrent.ThreadPoolExecutor$Worker (java.base@11.0.2)
 703:            16            384  java.util.jar.Manifest (java.base@11.0.2)
 704:             1            384  java.util.logging.LogManager$Cleaner (java.logging@11.0.2)
 705:             8            384  javax.swing.text.html.HTMLEditorKit$InsertHTMLTextAction (java.desktop@11.0.2)
 706:             6            384  javax.swing.text.html.StyleSheet (java.desktop@11.0.2)
 707:             1            384  jdk.internal.misc.InnocuousThread (java.base@11.0.2)
 708:            12            384  sun.security.jca.ProviderConfig (java.base@11.0.2)
 709:            12            384  sun.swing.FilePane$1FilePaneAction (java.desktop@11.0.2)
 710:             1            376  adams.gui.core.AdjustableGridPanel
 711:             1            376  adams.gui.core.MultiPagePane$DetachablePage
 712:             1            376  adams.gui.flow.tab.StorageNamesTab
 713:             1            376  adams.gui.flow.tab.VariablesTab
 714:             1            376  java.lang.ref.Reference$ReferenceHandler (java.base@11.0.2)
 715:             1            368  adams.gui.chooser.TextFileChooser$FileEncodingPanel
 716:             1            368  adams.gui.scripting.ScriptingLogPanel
 717:            23            368  java.awt.font.TextAttribute (java.desktop@11.0.2)
 718:            15            360  java.util.concurrent.atomic.AtomicLong (java.base@11.0.2)
 719:             1            360  javax.swing.JToolBar (java.desktop@11.0.2)
 720:            21            352  [Lsun.reflect.generics.tree.FormalTypeParameter; (java.base@11.0.2)
 721:             2            352  adams.flow.standalone.GridView
 722:             1            352  adams.gui.flow.ActorTreePanel
 723:             1            352  adams.gui.flow.tab.ActorHelpTab
 724:             1            352  adams.gui.flow.tab.ActorParametersTab
 725:             1            352  adams.gui.flow.tab.ActorTreeTab
 726:             1            352  adams.gui.flow.tab.GraphicalActorProcessorTab
 727:             1            352  adams.gui.flow.tab.RegisteredDisplaysTab
 728:            22            352  java.security.SecureClassLoader$CodeSourceKey (java.base@11.0.2)
 729:            22            352  java.util.concurrent.atomic.AtomicInteger (java.base@11.0.2)
 730:            11            352  javax.swing.text.Segment (java.desktop@11.0.2)
 731:            22            352  javax.swing.text.html.CSS$StringValue (java.desktop@11.0.2)
 732:             4            352  sun.swing.FilePane$DetailsTableRowSorter (java.desktop@11.0.2)
 733:             1            344  [Ljavax.swing.text.html.HTML$Attribute; (java.desktop@11.0.2)
 734:            20            336  [Ljava.lang.reflect.TypeVariable; (java.base@11.0.2)
 735:             3            336  [Lsun.font.EAttribute; (java.desktop@11.0.2)
 736:             5            336  [[Ljava.lang.String; (java.base@11.0.2)
 737:            14            336  adams.core.DateTimeType
 738:             6            336  adams.flow.source.valuedefinition.DefaultValueDefinition
 739:             7            336  java.awt.Component$BltSubRegionBufferStrategy (java.desktop@11.0.2)
 740:             6            336  java.nio.DirectLongBufferU (java.base@11.0.2)
 741:             7            336  java.nio.HeapByteBuffer (java.base@11.0.2)
 742:            21            336  java.util.regex.Pattern$$Lambda$119/0x0000000100167840 (java.base@11.0.2)
 743:            14            336  java.util.regex.Pattern$BmpCharPredicate$$Lambda$152/0x000000010025fc40 (java.base@11.0.2)
 744:            14            336  javax.swing.text.html.CSS$ColorValue (java.desktop@11.0.2)
 745:            14            336  javax.swing.text.html.CSS$FontFamily (java.desktop@11.0.2)
 746:             7            336  sun.font.CompositeStrike (java.desktop@11.0.2)
 747:             7            336  sun.java2d.pipe.PixelToParallelogramConverter (java.desktop@11.0.2)
 748:            21            336  sun.nio.ch.FileDispatcherImpl (java.base@11.0.2)
 749:             1            328  java.util.concurrent.ForkJoinPool (java.base@11.0.2)
 750:            10            320  adams.core.Index
 751:            10            320  adams.flow.sink.sequenceplotter.NullClickAction
 752:            10            320  adams.flow.sink.sequenceplotter.PassThrough
 753:            10            320  java.awt.GridLayout (java.desktop@11.0.2)
 754:             5            320  java.lang.ClassValue$ClassValueMap (java.base@11.0.2)
 755:             5            320  java.nio.DirectByteBufferR (java.base@11.0.2)
 756:            20            320  java.nio.channels.spi.AbstractInterruptibleChannel$1 (java.base@11.0.2)
 757:             8            320  java.text.DigitList (java.base@11.0.2)
 758:            10            320  java.util.regex.Pattern$Branch (java.base@11.0.2)
 759:             8            320  javax.swing.plaf.metal.MetalRootPaneUI (java.desktop@11.0.2)
 760:             5            320  javax.swing.text.DefaultStyledDocument$ElementBuffer (java.desktop@11.0.2)
 761:             2            320  sun.java2d.xr.XRSurfaceData$XRInternalSurfaceData (java.desktop@11.0.2)
 762:            10            320  sun.security.ssl.CertificateRequest$ClientCertificateType (java.base@11.0.2)
 763:             8            320  sun.swing.CachedPainter$PainterMultiResolutionCachedImage (java.desktop@11.0.2)
 764:             1            312  [Ljavax.swing.text.html.HTML$Tag; (java.desktop@11.0.2)
 765:            13            312  javax.swing.text.PlainView$FPMethodItem (java.desktop@11.0.2)
 766:             2            304  adams.flow.source.EnterManyValues
 767:            18            288  adams.core.MessageCollection
 768:            12            288  adams.core.PropertiesDataType
 769:             6            288  adams.core.logging.SimpleConsoleHandler
 770:             2            288  adams.flow.standalone.AbstractMultiView$ViewWrapper
 771:            12            288  java.awt.AlphaComposite (java.desktop@11.0.2)
 772:             9            288  java.awt.font.FontRenderContext (java.desktop@11.0.2)
 773:             3            288  java.net.SocksSocketImpl (java.base@11.0.2)
 774:            12            288  java.net.StandardSocketOptions$StdSocketOption (java.base@11.0.2)
 775:             9            288  java.util.logging.Level (java.logging@11.0.2)
 776:             9            288  java.util.logging.Level$KnownLevel (java.logging@11.0.2)
 777:             4            288  javax.swing.JSpinner$NumberEditorFormatter (java.desktop@11.0.2)
 778:            18            288  javax.swing.text.SimpleAttributeSet (java.desktop@11.0.2)
 779:             9            288  javax.swing.text.StyledEditorKit$FontSizeAction (java.desktop@11.0.2)
 780:            18            288  javax.swing.text.html.CSSBorder (java.desktop@11.0.2)
 781:             9            288  jdk.internal.logger.LazyLoggers$LazyLoggerAccessor (java.base@11.0.2)
 782:             9            288  jdk.internal.org.objectweb.asm.Type (java.base@11.0.2)
 783:             9            288  sun.awt.X11.XSizeHints (java.desktop@11.0.2)
 784:             9            288  sun.awt.X11.XWMHints (java.desktop@11.0.2)
 785:             9            288  sun.security.ssl.ProtocolVersion (java.base@11.0.2)
 786:             2            288  sun.security.ssl.SSLSessionImpl (java.base@11.0.2)
 787:            12            288  sun.swing.FilePane$DirectoriesFirstComparatorWrapper (java.desktop@11.0.2)
 788:             9            288  sun.swing.SwingUtilities2$$Lambda$36/0x0000000100149840 (java.desktop@11.0.2)
 789:             1            280  [Ljava.lang.invoke.LambdaForm$Kind; (java.base@11.0.2)
 790:             1            280  [Lsun.security.ssl.SSLExtension; (java.base@11.0.2)
 791:             7            280  javax.swing.plaf.basic.BasicSplitPaneUI$BasicHorizontalLayoutManager (java.desktop@11.0.2)
 792:             2            272  [Ladams.gui.core.PropertiesParameterPanel$PropertyType;
 793:             2            272  adams.flow.control.ConditionalTrigger
 794:             2            272  adams.flow.control.IfThenElse
 795:            17            272  sun.awt.X11.XRepaintArea (java.desktop@11.0.2)
 796:            17            272  sun.invoke.util.ValueConversions$WrapperCache (java.base@11.0.2)
 797:            11            264  adams.data.spreadsheet.Cell$ContentType
 798:            11            264  java.awt.event.FocusEvent$Cause (java.desktop@11.0.2)
 799:            11            264  java.lang.invoke.MethodHandleImpl$Intrinsic (java.base@11.0.2)
 800:            11            264  javax.swing.border.CompoundBorder (java.desktop@11.0.2)
 801:            11            264  javax.swing.tree.TreePath (java.desktop@11.0.2)
 802:             1            264  sun.awt.X11.XWindowPeer (java.desktop@11.0.2)
 803:            11            264  sun.security.util.DisabledAlgorithmConstraints$DisabledConstraint (java.base@11.0.2)
 804:             8            256  adams.core.logging.LoggingLevel
 805:             8            256  adams.flow.condition.bool.Expression
 806:             2            256  adams.flow.standalone.CallableActors
 807:             2            256  adams.flow.transformer.IncVariable
 808:             2            256  adams.flow.transformer.StringJoin
 809:             8            256  adams.gui.core.BaseTabbedPaneWithTabHiding$PageBackup
 810:             1            256  com.mysql.jdbc.MysqlIO
 811:            16            256  java.awt.ImageCapabilities (java.desktop@11.0.2)
 812:             8            256  java.lang.ClassValue$Entry (java.base@11.0.2)
 813:             8            256  java.lang.invoke.VarHandleInts$FieldInstanceReadWrite (java.base@11.0.2)
 814:             4            256  java.text.DateFormatSymbols (java.base@11.0.2)
 815:            16            256  java.util.jar.Attributes (java.base@11.0.2)
 816:             8            256  javax.swing.text.DefaultEditorKit$NextVisualPositionAction (java.desktop@11.0.2)
 817:             8            256  javax.swing.text.html.CSS$BorderWidthValue (java.desktop@11.0.2)
 818:             8            256  sun.awt.X11.PropMwmHints (java.desktop@11.0.2)
 819:             8            256  sun.awt.X11.WindowDimensions (java.desktop@11.0.2)
 820:             4            256  sun.java2d.loops.RenderLoops (java.desktop@11.0.2)
 821:             8            256  sun.security.util.DisabledAlgorithmConstraints$KeySizeConstraint (java.base@11.0.2)
 822:             8            240  [Ljava.awt.Component; (java.desktop@11.0.2)
 823:             3            240  [Ljava.lang.ThreadLocal$ThreadLocalMap$Entry; (java.base@11.0.2)
 824:             3            240  [Ljava.util.concurrent.RunnableScheduledFuture; (java.base@11.0.2)
 825:             2            240  [Lsun.nio.cs.CharsetMapping$Entry; (java.base@11.0.2)
 826:            10            240  adams.flow.core.CallableActorHelper
 827:             2            240  adams.flow.standalone.SetVariable
 828:             6            240  adams.gui.visualization.sequence.CircleHitDetector
 829:            10            240  java.awt.Window$WindowDisposerRecord (java.desktop@11.0.2)
 830:             3            240  java.lang.invoke.BoundMethodHandle$Species_LLLLLLLLLIIL (java.base@11.0.2)
 831:             3            240  java.lang.invoke.BoundMethodHandle$Species_LLLLLLLLLLIIL (java.base@11.0.2)
 832:             6            240  java.lang.invoke.DirectMethodHandle$Interface (java.base@11.0.2)
 833:            10            240  java.nio.charset.CoderResult (java.base@11.0.2)
 834:            10            240  java.nio.file.StandardOpenOption (java.base@11.0.2)
 835:            10            240  java.security.CryptoPrimitive (java.base@11.0.2)
 836:             3            240  java.util.concurrent.ScheduledThreadPoolExecutor (java.base@11.0.2)
 837:            10            240  javax.swing.plaf.basic.BasicSplitPaneDivider$OneTouchActionHandler (java.desktop@11.0.2)
 838:             5            240  javax.swing.text.FlowView$LogicalView (java.desktop@11.0.2)
 839:            10            240  javax.swing.text.StyleContext$FontKey (java.desktop@11.0.2)
 840:            10            240  sun.awt.SunHints$Key (java.desktop@11.0.2)
 841:             6            240  sun.awt.X11.XCustomCursor (java.desktop@11.0.2)
 842:             5            240  sun.java2d.loops.DrawParallelogram (java.desktop@11.0.2)
 843:             5            240  sun.java2d.loops.FillParallelogram (java.desktop@11.0.2)
 844:             3            240  sun.net.www.protocol.jar.URLJarFile (java.base@11.0.2)
 845:             2            232  [Lsun.security.ssl.SupportedGroupsExtension$NamedGroup; (java.base@11.0.2)
 846:             4            224  [Ljava.lang.Thread; (java.base@11.0.2)
 847:             5            224  [Ljava.lang.invoke.LambdaForm$NamedFunction; (java.base@11.0.2)
 848:            14            224  adams.flow.core.CallableActorReference
 849:             2            224  adams.flow.source.Variable
 850:             2            224  adams.flow.transformer.ArrayToSequence
 851:             2            224  adams.flow.transformer.MapToVariables
 852:             2            224  adams.flow.transformer.StringMatcher
 853:             2            224  adams.flow.transformer.StringSplit
 854:             2            224  adams.flow.transformer.TextFileReader
 855:             7            224  adams.gui.visualization.core.axis.Type
 856:             4            224  adams.gui.visualization.sequence.LinePaintlet
 857:             7            224  com.jidesoft.plaf.basic.BasicJideButtonListener
 858:             7            224  javax.swing.BufferStrategyPaintManager$BufferInfo (java.desktop@11.0.2)
 859:            14            224  javax.swing.UIDefaults$LazyInputMap (java.desktop@11.0.2)
 860:             7            224  javax.swing.text.JTextComponent$DefaultKeymap (java.desktop@11.0.2)
 861:            14            224  jdk.internal.reflect.BootstrapConstructorAccessorImpl (java.base@11.0.2)
 862:             4            224  sun.awt.X11.XSelection (java.desktop@11.0.2)
 863:             7            224  sun.awt.im.CompositionAreaHandler (java.desktop@11.0.2)
 864:             4            224  sun.security.util.MemoryCache$SoftCacheEntry (java.base@11.0.2)
 865:             3            216  com.mysql.jdbc.ConnectionPropertiesImpl$MemorySizeConnectionProperty
 866:             3            216  java.lang.invoke.BoundMethodHandle$Species_LLLLLLLIIL (java.base@11.0.2)
 867:             9            216  java.nio.file.attribute.PosixFilePermission (java.base@11.0.2)
 868:             3            216  java.security.SecureRandom (java.base@11.0.2)
 869:             3            216  java.util.concurrent.ThreadPoolExecutor (java.base@11.0.2)
 870:             9            216  java.util.regex.Pattern$CharPropertyGreedy (java.base@11.0.2)
 871:             9            216  javax.crypto.spec.DHParameterSpec (java.base@11.0.2)
 872:             9            216  javax.swing.AncestorNotifier (java.desktop@11.0.2)
 873:             9            216  javax.swing.DefaultListModel (java.desktop@11.0.2)
 874:             9            216  javax.swing.plaf.basic.BasicComboBoxUI$DefaultKeySelectionManager (java.desktop@11.0.2)
 875:             9            216  javax.swing.plaf.metal.MetalComboBoxEditor$UIResource (java.desktop@11.0.2)
 876:             9            216  javax.swing.plaf.metal.MetalComboBoxUI$MetalComboBoxLayoutManager (java.desktop@11.0.2)
 877:             9            216  javax.swing.plaf.metal.MetalComboBoxUI$MetalPropertyChangeListener (java.desktop@11.0.2)
 878:             9            216  sun.awt.OSInfo$WindowsVersion (java.desktop@11.0.2)
 879:             9            216  sun.awt.im.InputMethodLocator (java.desktop@11.0.2)
 880:             9            216  sun.font.FontDesignMetrics$MetricsKey (java.desktop@11.0.2)
 881:             3            216  sun.security.provider.NativePRNG$RandomIO (java.base@11.0.2)
 882:             9            216  sun.util.logging.PlatformLogger$Level (java.base@11.0.2)
 883:            13            208  adams.core.base.BaseCharset
 884:            13            208  adams.gui.action.AbstractPropertiesCheckBoxMenuItemAction$1
 885:            13            208  java.util.Collections$SingletonSet (java.base@11.0.2)
 886:            13            208  java.util.LinkedHashMap$LinkedEntrySet (java.base@11.0.2)
 887:             1            208  javax.swing.ImageIcon$2$1 (java.desktop@11.0.2)
 888:             1            208  javax.swing.ImageIcon$3 (java.desktop@11.0.2)
 889:             1            208  javax.swing.plaf.metal.MetalTabbedPaneUI (java.desktop@11.0.2)
 890:             2            208  javax.swing.text.ParagraphView$Row (java.desktop@11.0.2)
 891:             1            208  sun.java2d.SunGraphics2D (java.desktop@11.0.2)
 892:             2            208  sun.util.calendar.ImmutableGregorianDate (java.base@11.0.2)
 893:             2            200  [Ljava.text.DateFormat$Field; (java.base@11.0.2)
 894:             5            200  java.awt.Cursor (java.desktop@11.0.2)
 895:             5            200  java.lang.invoke.DirectMethodHandle$Constructor (java.base@11.0.2)
 896:             5            200  java.util.EnumMap (java.base@11.0.2)
 897:             5            200  java.util.stream.StreamOpFlag (java.base@11.0.2)
 898:             5            200  javax.swing.plaf.basic.BasicTextAreaUI (java.desktop@11.0.2)
 899:             5            200  sun.security.ssl.CipherSuite$MacAlg (java.base@11.0.2)
 900:             6            192  adams.core.io.MessageDigestType
 901:             4            192  adams.data.conversion.StringToDouble
 902:             4            192  adams.data.io.input.LineArrayTextReader
 903:             6            192  adams.flow.execution.ExecutionStage
 904:             8            192  adams.flow.transformer.FileInfo$InfoType
 905:             6            192  adams.gui.visualization.sequence.metadatacolor.Dummy
 906:            12            192  adams.parser.BooleanExpressionText
 907:             8            192  java.lang.NamedPackage (java.base@11.0.2)
 908:            12            192  java.lang.ThreadLocal (java.base@11.0.2)
 909:             6            192  java.lang.invoke.LambdaForm$BasicType (java.base@11.0.2)
 910:             8            192  java.math.RoundingMode (java.base@11.0.2)
 911:             8            192  javax.swing.DropMode (java.desktop@11.0.2)
 912:             8            192  javax.swing.plaf.DimensionUIResource (java.desktop@11.0.2)
 913:             4            192  javax.swing.plaf.basic.BasicDirectoryModel (java.desktop@11.0.2)
 914:             2            192  javax.swing.plaf.basic.BasicHTML$BasicDocument (java.desktop@11.0.2)
 915:             8            192  javax.swing.plaf.basic.BasicRootPaneUI$RootPaneInputMap (java.desktop@11.0.2)
 916:             6            192  javax.swing.text.DefaultStyledDocument$AbstractChangeHandler$DocReference (java.desktop@11.0.2)
 917:             6            192  javax.swing.text.html.CSS$BackgroundPosition (java.desktop@11.0.2)
 918:             2            192  javax.swing.text.html.HTMLDocument (java.desktop@11.0.2)
 919:             3            192  javax.swing.text.html.HTMLEditorKit (java.desktop@11.0.2)
 920:             4            192  sun.java2d.xr.XRMaskBlit (java.desktop@11.0.2)
 921:             6            192  sun.security.ssl.SSLKeyExchange$T12KeyAgreement (java.base@11.0.2)
 922:             6            192  sun.security.util.MemoryCache (java.base@11.0.2)
 923:             6            192  sun.security.x509.AlgorithmId (java.base@11.0.2)
 924:             4            192  sun.security.x509.X500Name (java.base@11.0.2)
 925:             1            176  [Ljava.sql.JDBCType; (java.sql@11.0.2)
 926:            11            176  java.text.NumberFormat$Field (java.base@11.0.2)
 927:             2            176  java.util.jar.JarVerifier (java.base@11.0.2)
 928:             7            168  [Ljava.awt.image.VolatileImage; (java.desktop@11.0.2)
 929:             1            168  [[Ljava.math.BigInteger; (java.base@11.0.2)
 930:             7            168  java.awt.BufferCapabilities (java.desktop@11.0.2)
 931:             7            168  java.io.ExpiringCache$Entry (java.base@11.0.2)
 932:             7            168  java.lang.System$Logger$Level (java.base@11.0.2)
 933:             7            168  java.lang.invoke.VarForm (java.base@11.0.2)
 934:             7            168  java.net.NetPermission (java.base@11.0.2)
 935:             7            168  java.util.Date (java.base@11.0.2)
 936:             7            168  java.util.regex.Pattern$BitClass (java.base@11.0.2)
 937:             7            168  javax.swing.text.StyleContext$SmallAttributeSet (java.desktop@11.0.2)
 938:             7            168  javax.swing.text.html.StyleSheet$SearchBuffer (java.desktop@11.0.2)
 939:             3            168  javax.swing.tree.VariableHeightLayoutCache (java.desktop@11.0.2)
 940:             3            168  sun.security.provider.SHA (java.base@11.0.2)
 941:             8            160  [Ladams.core.VariableName;
 942:             3            160  [Ljava.util.logging.Level; (java.logging@11.0.2)
 943:             1            160  [Ljavax.swing.text.TabStop; (java.desktop@11.0.2)
 944:             5            160  [[Lsun.awt.FontDescriptor; (java.desktop@11.0.2)
 945:             5            160  adams.core.BusinessDays
 946:            10            160  adams.core.base.BaseText
 947:             4            160  adams.gui.visualization.sequence.LineHitDetector
 948:             2            160  java.lang.invoke.BoundMethodHandle$Species_LLLLLLLIILLLL (java.base@11.0.2)
 949:             5            160  java.lang.invoke.VarHandle$AccessType (java.base@11.0.2)
 950:             5            160  java.util.ImmutableCollections$MapN (java.base@11.0.2)
 951:            10            160  java.util.regex.Pattern$BranchConn (java.base@11.0.2)
 952:             5            160  javax.imageio.spi.SubRegistry (java.desktop@11.0.2)
 953:             4            160  javax.swing.SpinnerNumberModel (java.desktop@11.0.2)
 954:             4            160  javax.swing.plaf.basic.BasicFormattedTextFieldUI (java.desktop@11.0.2)
 955:             4            160  javax.swing.plaf.metal.MetalFileChooserUI$DirectoryComboBoxModel (java.desktop@11.0.2)
 956:             4            160  javax.swing.text.WrappedPlainView$WrappedLine (java.desktop@11.0.2)
 957:            10            160  sun.awt.X11.XAtomList (java.desktop@11.0.2)
 958:             1            160  sun.awt.X11FontManager (java.desktop@11.0.2)
 959:             5            160  sun.java2d.xr.XRColor (java.desktop@11.0.2)
 960:             5            160  sun.security.ssl.ContentType (java.base@11.0.2)
 961:             5            160  sun.security.ssl.X509Authentication (java.base@11.0.2)
 962:            10            160  sun.security.util.ECParameters (java.base@11.0.2)
 963:             2            160  sun.security.x509.X509CertImpl (java.base@11.0.2)
 964:             4            160  sun.swing.FilePane$1 (java.desktop@11.0.2)
 965:             4            160  sun.swing.FilePane$DetailsTableModel (java.desktop@11.0.2)
 966:             5            160  sun.util.locale.provider.LocaleProviderAdapter$Type (java.base@11.0.2)
 967:             5            160  sun.util.locale.provider.LocaleResources (java.base@11.0.2)
 968:             2            144  [Ljava.awt.Cursor; (java.desktop@11.0.2)
 969:             1            144  [Ljava.lang.invoke.VarHandle$AccessMode; (java.base@11.0.2)
 970:             1            144  [Ljava.util.concurrent.ForkJoinTask$ExceptionNode; (java.base@11.0.2)
 971:             6            144  [Ljavax.swing.text.Position$Bias; (java.desktop@11.0.2)
 972:             9            144  adams.core.logging.LevelComparator
 973:             6            144  adams.data.statistics.ArrayHistogram$BinCalculation
 974:             6            144  adams.flow.control.PlotContainerUpdater$PlotContainerValue
 975:             1            144  adams.flow.control.SubProcess
 976:             6            144  adams.flow.core.VariableValueType
 977:             6            144  adams.flow.execution.debug.View
 978:             3            144  adams.gui.core.DelayedActionRunnable
 979:             6            144  adams.gui.event.PaintEvent$PaintMoment
 980:             6            144  adams.gui.flow.FlowEditorPanel$$Lambda$245/0x00000001009ef040
 981:             6            144  adams.gui.flow.FlowMultiPagePane$FlowPanelFilter
 982:             6            144  adams.gui.flow.tab.FlowTabManager$7
 983:             1            144  adams.gui.scripting.SyntaxDocument
 984:             3            144  java.awt.dnd.DropTarget (java.desktop@11.0.2)
 985:             3            144  java.io.BufferedReader (java.base@11.0.2)
 986:             3            144  java.lang.ThreadGroup (java.base@11.0.2)
 987:             6            144  java.lang.invoke.StringConcatFactory$Strategy (java.base@11.0.2)
 988:             3            144  java.nio.HeapCharBuffer (java.base@11.0.2)
 989:             3            144  java.util.concurrent.LinkedBlockingQueue (java.base@11.0.2)
 990:             9            144  java.util.logging.ErrorManager (java.logging@11.0.2)
 991:             6            144  javax.net.ssl.SSLEngineResult$HandshakeStatus (java.base@11.0.2)
 992:             9            144  javax.swing.JComboBox$1 (java.desktop@11.0.2)
 993:             3            144  javax.swing.JEditorPane$1 (java.desktop@11.0.2)
 994:             9            144  javax.swing.plaf.basic.BasicComboBoxUI$Handler (java.desktop@11.0.2)
 995:             9            144  javax.swing.plaf.basic.BasicComboPopup$Handler (java.desktop@11.0.2)
 996:             6            144  javax.swing.plaf.basic.BasicFileChooserUI$Handler (java.desktop@11.0.2)
 997:             3            144  javax.swing.plaf.basic.BasicTreeUI$Handler (java.desktop@11.0.2)
 998:             9            144  javax.swing.plaf.metal.MetalComboBoxEditor$EditorBorder (java.desktop@11.0.2)
 999:             9            144  javax.swing.plaf.metal.MetalComboBoxIcon (java.desktop@11.0.2)
1000:             6            144  javax.swing.plaf.metal.MetalLookAndFeel$FontActiveValue (java.desktop@11.0.2)
1001:             9            144  javax.swing.text.StyleConstants$ParagraphConstants (java.desktop@11.0.2)
1002:             6            144  javax.swing.text.html.CSS (java.desktop@11.0.2)
1003:             6            144  javax.swing.text.html.CSS$BackgroundImage (java.desktop@11.0.2)
1004:             9            144  jdk.internal.logger.LazyLoggers$JdkLazyLogger (java.base@11.0.2)
1005:             6            144  jdk.internal.perf.PerfCounter (java.base@11.0.2)
1006:             2            144  sun.awt.X11.XClipboard (java.desktop@11.0.2)
1007:             6            144  sun.awt.util.IdentityArrayList (java.desktop@11.0.2)
1008:             3            144  sun.font.CMap$CMapFormat12 (java.desktop@11.0.2)
1009:             2            144  sun.nio.cs.DoubleByte$Encoder_DBCSONLY (java.base@11.0.2)
1010:             3            144  sun.nio.cs.StreamDecoder (java.base@11.0.2)
1011:             3            144  sun.nio.cs.UTF_8$Encoder (java.base@11.0.2)
1012:             6            144  sun.security.util.DisabledAlgorithmConstraints$Constraint$Operator (java.base@11.0.2)
1013:             4            136  [Lsun.invoke.util.ValueConversions$WrapperCache; (java.base@11.0.2)
1014:             4            128  [Ljava.util.Comparator; (java.base@11.0.2)
1015:             2            128  [Lsun.awt.image.BufferedImageGraphicsConfig; (java.desktop@11.0.2)
1016:             4            128  [Lsun.awt.shell.ShellFolderColumnInfo; (java.desktop@11.0.2)
1017:             4            128  adams.core.io.FlowFile
1018:             4            128  adams.data.io.output.NullWriter
1019:             4            128  adams.data.report.DataType
1020:             4            128  adams.flow.execution.NullListener
1021:             1            128  adams.flow.source.SequenceSource
1022:             1            128  adams.flow.standalone.Standalones
1023:             4            128  adams.gui.application.UserMode
1024:             2            128  adams.gui.flow.tree.CellEditor
1025:             2            128  adams.gui.flow.tree.SelectionModel
1026:             4            128  adams.gui.visualization.core.plot.Axis
1027:             2            128  com.sun.crypto.provider.CipherCore (java.base@11.0.2)
1028:             2            128  java.io.ExpiringCache$1 (java.base@11.0.2)
1029:             4            128  java.lang.ProcessImpl$Platform (java.base@11.0.2)
1030:             2            128  java.text.SimpleDateFormat (java.base@11.0.2)
1031:             4            128  java.util.regex.Pattern$BnM (java.base@11.0.2)
1032:             2            128  javax.crypto.Cipher (java.base@11.0.2)
1033:             2            128  javax.swing.JRootPane$1 (java.desktop@11.0.2)
1034:             8            128  javax.swing.JRootPane$RootLayout (java.desktop@11.0.2)
1035:             8            128  javax.swing.plaf.basic.BasicBorders$MarginBorder (java.desktop@11.0.2)
1036:             4            128  javax.swing.plaf.basic.BasicFileChooserUI$ApproveSelectionAction (java.desktop@11.0.2)
1037:             4            128  javax.swing.plaf.basic.BasicFileChooserUI$CancelSelectionAction (java.desktop@11.0.2)
1038:             4            128  javax.swing.plaf.basic.BasicFileChooserUI$ChangeToParentDirectoryAction (java.desktop@11.0.2)
1039:             4            128  javax.swing.plaf.basic.BasicFileChooserUI$GoHomeAction (java.desktop@11.0.2)
1040:             4            128  javax.swing.plaf.basic.BasicFileChooserUI$UpdateAction (java.desktop@11.0.2)
1041:             4            128  javax.swing.plaf.metal.MetalFileChooserUI$DirectoryComboBoxAction (java.desktop@11.0.2)
1042:             4            128  javax.swing.plaf.metal.MetalMenuBarUI (java.desktop@11.0.2)
1043:             1            128  javax.swing.plaf.metal.MetalToolBarUI (java.desktop@11.0.2)
1044:             4            128  javax.swing.text.DefaultEditorKit$VerticalPageAction (java.desktop@11.0.2)
1045:             4            128  javax.swing.text.DefaultFormatterFactory (java.desktop@11.0.2)
1046:             4            128  javax.swing.text.html.HTMLEditorKit$LinkController (java.desktop@11.0.2)
1047:             1            128  sun.awt.X11.XNETProtocol (java.desktop@11.0.2)
1048:             8            128  sun.java2d.loops.RenderCache (java.desktop@11.0.2)
1049:             2            128  sun.nio.cs.DoubleByte$Decoder_DBCSONLY (java.base@11.0.2)
1050:             4            128  sun.security.ssl.Finished$VerifyDataScheme (java.base@11.0.2)
1051:             4            128  sun.security.ssl.SSLTrafficKeyDerivation (java.base@11.0.2)
1052:             4            128  sun.security.util.DerInputBuffer (java.base@11.0.2)
1053:             4            128  sun.security.util.DerValue (java.base@11.0.2)
1054:             4            128  sun.swing.FilePane$9 (java.desktop@11.0.2)
1055:             8            128  sun.swing.StringUIClientPropertyKey (java.desktop@11.0.2)
1056:             1            120  [Ljava.awt.SystemColor; (java.desktop@11.0.2)
1057:             3            120  [Ljava.lang.invoke.LambdaForm$BasicType; (java.base@11.0.2)
1058:             5            120  adams.core.BasicDateTimeType
1059:             5            120  adams.core.ObjectCopyHelper$CopyType
1060:             5            120  adams.core.XPathResult
1061:             5            120  adams.gui.core.AbstractRecentItemsHandler$$Lambda$246/0x00000001009ed040
1062:             5            120  adams.gui.core.ExtensionFileFilter
1063:             5            120  adams.gui.core.RecentFilesHandlerWithCommandline$Setup
1064:             5            120  adams.gui.core.TitleGenerator
1065:             5            120  adams.gui.core.ToolBarPanel$ToolBarLocation
1066:             5            120  adams.gui.event.UndoEvent$UndoType
1067:             5            120  adams.gui.flow.menu.ViewZoom$$Lambda$253/0x00000001009ea440
1068:             3            120  com.jidesoft.swing.DefaultSplitButtonModel
1069:             5            120  com.mysql.jdbc.StringUtils$SearchMode
1070:             5            120  com.sun.crypto.provider.DHParameters (java.base@11.0.2)
1071:             3            120  java.io.FileInputStream (java.base@11.0.2)
1072:             3            120  java.io.FileOutputStream (java.base@11.0.2)
1073:             5            120  java.util.stream.StreamOpFlag$Type (java.base@11.0.2)
1074:             5            120  javax.imageio.spi.PartiallyOrderedSet (java.desktop@11.0.2)
1075:             5            120  javax.swing.text.FlowView$FlowStrategy (java.desktop@11.0.2)
1076:             1            120  javax.swing.text.ParagraphView (java.desktop@11.0.2)
1077:             5            120  javax.swing.text.StyledEditorKit$1 (java.desktop@11.0.2)
1078:             5            120  javax.xml.namespace.QName (java.xml@11.0.2)
1079:             1            120  jdk.internal.loader.ClassLoaders$AppClassLoader (java.base@11.0.2)
1080:             5            120  jdk.internal.math.FloatingDecimal$PreparedASCIIToBinaryBuffer (java.base@11.0.2)
1081:             5            120  jdk.net.ExtendedSocketOptions$ExtSocketOption (jdk.net@11.0.2)
1082:             5            120  sun.awt.OSInfo$OSType (java.desktop@11.0.2)
1083:             1            120  sun.awt.X11.XDragSourceContextPeer (java.desktop@11.0.2)
1084:             5            120  sun.security.jca.ServiceId (java.base@11.0.2)
1085:             5            120  sun.security.ssl.SupportedGroupsExtension$NamedGroupType (java.base@11.0.2)
1086:             2            112  [Ljava.nio.file.attribute.PosixFilePermission; (java.base@11.0.2)
1087:             2            112  [Ljava.security.CryptoPrimitive; (java.base@11.0.2)
1088:             4            112  [Ljavax.swing.filechooser.FileFilter; (java.desktop@11.0.2)
1089:             1            112  [Ljavax.swing.text.html.CSS$Value; (java.desktop@11.0.2)
1090:             7            112  adams.core.NamedCounter
1091:             7            112  adams.gui.core.BaseSplitPane$$Lambda$204/0x000000010094f040
1092:             2            112  java.net.SocketInputStream (java.base@11.0.2)
1093:             2            112  java.nio.DirectIntBufferRU (java.base@11.0.2)
1094:             7            112  java.util.HashMap$Values (java.base@11.0.2)
1095:             7            112  java.util.regex.Pattern$$Lambda$121/0x0000000100167040 (java.base@11.0.2)
1096:             7            112  java.util.regex.Pattern$BitClass$$Lambda$120/0x0000000100167c40 (java.base@11.0.2)
1097:             7            112  javax.swing.JList$ListSelectionHandler (java.desktop@11.0.2)
1098:             7            112  javax.swing.plaf.basic.BasicSplitPaneDivider$DividerLayout (java.desktop@11.0.2)
1099:             7            112  javax.swing.plaf.basic.BasicSplitPaneDivider$MouseHandler (java.desktop@11.0.2)
1100:             7            112  javax.swing.plaf.basic.BasicSplitPaneUI$Handler (java.desktop@11.0.2)
1101:             7            112  javax.swing.text.StyleConstants$CharacterConstants (java.desktop@11.0.2)
1102:             1            112  jdk.internal.loader.ClassLoaders$BootClassLoader (java.base@11.0.2)
1103:             1            112  jdk.internal.loader.ClassLoaders$PlatformClassLoader (java.base@11.0.2)
1104:             1            112  sun.font.FcFontConfiguration (java.desktop@11.0.2)
1105:             2            112  sun.security.x509.X509CertInfo (java.base@11.0.2)
1106:             1            104  [Ladams.core.License;
1107:             1            104  [Lsun.security.ssl.SSLHandshake; (java.base@11.0.2)
1108:             2            104  [Lsun.util.logging.PlatformLogger$Level; (java.base@11.0.2)
1109:             1            104  com.sun.crypto.provider.SunJCE (java.base@11.0.2)
1110:             1            104  com.sun.net.ssl.internal.ssl.Provider (java.base@11.0.2)
1111:             1            104  sun.security.ec.SunEC (jdk.crypto.ec@11.0.2)
1112:             1            104  sun.security.jca.ProviderList$1 (java.base@11.0.2)
1113:             1            104  sun.security.provider.Sun (java.base@11.0.2)
1114:             1            104  sun.security.rsa.SunRsaSign (java.base@11.0.2)
1115:             2             96  [Ladams.core.logging.LoggingLevel;
1116:             4             96  [Ladams.flow.source.valuedefinition.AbstractValueDefinition;
1117:             4             96  [Ljavax.swing.JPanel; (java.desktop@11.0.2)
1118:             4             96  [Ljavax.swing.plaf.metal.MetalFileChooserUI$AlignedLabel; (java.desktop@11.0.2)
1119:             1             96  [Lsun.font.CompositeFont; (java.desktop@11.0.2)
1120:             1             96  [Lsun.font.FileFont; (java.desktop@11.0.2)
1121:             4             96  [Lsun.security.x509.AVA; (java.base@11.0.2)
1122:             4             96  [Lsun.security.x509.RDN; (java.base@11.0.2)
1123:             3             96  adams.core.AutoOnOff
1124:             4             96  adams.core.ShorteningType
1125:             3             96  adams.core.TriState
1126:             2             96  adams.core.io.filechanged.FlowFileDigest
1127:             2             96  adams.core.io.filechanged.LastModified
1128:             2             96  adams.core.io.filechanged.MultiMonitor
1129:             2             96  adams.core.logging.MultiHandler
1130:             4             96  adams.core.management.OS$OperatingSystems
1131:             4             96  adams.flow.container.SequencePlotterContainer$ContentType
1132:             3             96  adams.flow.control.flowrestart.NullManager
1133:             2             96  adams.flow.core.FlowVariables
1134:             4             96  adams.flow.source.EnterManyValues$OutputType
1135:             4             96  adams.flow.transformer.Copy$CopyType
1136:             3             96  adams.gui.core.MaximizationFixWindowListener
1137:             3             96  adams.gui.core.TextEditorPanel$2
1138:             3             96  adams.gui.core.TextEditorPanel$3
1139:             2             96  adams.gui.core.Undo
1140:             3             96  adams.gui.flow.tree.Tree$TreeState
1141:             2             96  adams.gui.flow.tree.keyboardaction.QuickSearchActorAfter
1142:             2             96  adams.gui.flow.tree.keyboardaction.QuickSearchActorBeneath
1143:             2             96  adams.gui.flow.tree.keyboardaction.QuickSearchActorHere
1144:             4             96  adams.gui.menu.ProgramUserMode$1
1145:             4             96  java.awt.Dialog$ModalityType (java.desktop@11.0.2)
1146:             2             96  java.awt.GridBagLayout (java.desktop@11.0.2)
1147:             4             96  java.awt.Queue (java.desktop@11.0.2)
1148:             3             96  java.awt.Toolkit$SelectiveAWTEventListener (java.desktop@11.0.2)
1149:             3             96  java.awt.geom.Rectangle2D$Float (java.desktop@11.0.2)
1150:             3             96  java.io.BufferedOutputStream (java.base@11.0.2)
1151:             2             96  java.lang.ProcessHandleImpl (java.base@11.0.2)
1152:             3             96  java.lang.Runtime$Version (java.base@11.0.2)
1153:             3             96  java.lang.invoke.SimpleMethodHandle (java.base@11.0.2)
1154:             4             96  java.lang.module.ModuleDescriptor$Modifier (java.base@11.0.2)
1155:             4             96  java.lang.module.ModuleDescriptor$Opens (java.base@11.0.2)
1156:             4             96  java.lang.module.ModuleDescriptor$Requires$Modifier (java.base@11.0.2)
1157:             3             96  java.net.InetAddress$InetAddressHolder (java.base@11.0.2)
1158:             2             96  java.net.SocketCleanable (java.base@11.0.2)
1159:             3             96  java.security.MessageDigest$Delegate (java.base@11.0.2)
1160:             4             96  java.sql.SQLPermission (java.sql@11.0.2)
1161:             4             96  java.text.EntryPair (java.base@11.0.2)
1162:             1             96  java.util.SimpleTimeZone (java.base@11.0.2)
1163:             2             96  java.util.concurrent.ArrayBlockingQueue (java.base@11.0.2)
1164:             4             96  java.util.concurrent.ConcurrentHashMap$KeySetView (java.base@11.0.2)
1165:             6             96  java.util.concurrent.ConcurrentHashMap$ValuesView (java.base@11.0.2)
1166:             4             96  java.util.concurrent.ConcurrentLinkedQueue (java.base@11.0.2)
1167:             4             96  java.util.concurrent.ConcurrentLinkedQueue$Node (java.base@11.0.2)
1168:             4             96  java.util.concurrent.Executors$DefaultThreadFactory (java.base@11.0.2)
1169:             3             96  java.util.concurrent.ScheduledThreadPoolExecutor$DelayedWorkQueue (java.base@11.0.2)
1170:             4             96  java.util.regex.Pattern$Qtype (java.base@11.0.2)
1171:             4             96  java.util.regex.Pattern$SliceI (java.base@11.0.2)
1172:             4             96  java.util.stream.StreamShape (java.base@11.0.2)
1173:             3             96  java.util.zip.ZipFile$CleanableResource$FinalizableResource (java.base@11.0.2)
1174:             4             96  javax.swing.ButtonGroup (java.desktop@11.0.2)
1175:             4             96  javax.swing.ClientPropertyKey (java.desktop@11.0.2)
1176:             4             96  javax.swing.UIManager$LookAndFeelInfo (java.desktop@11.0.2)
1177:             4             96  javax.swing.border.LineBorder (java.desktop@11.0.2)
1178:             4             96  javax.swing.plaf.BorderUIResource$CompoundBorderUIResource (java.desktop@11.0.2)
1179:             4             96  javax.swing.plaf.basic.BasicFileChooserUI$BasicFileView (java.desktop@11.0.2)
1180:             2             96  javax.swing.plaf.basic.BasicHTML$Renderer (java.desktop@11.0.2)
1181:             6             96  javax.swing.plaf.basic.BasicPopupMenuUI$Actions (java.desktop@11.0.2)
1182:             4             96  javax.swing.plaf.basic.BasicSpinnerUI (java.desktop@11.0.2)
1183:             4             96  javax.swing.plaf.basic.BasicSpinnerUI$Handler (java.desktop@11.0.2)
1184:             4             96  javax.swing.plaf.basic.BasicToolBarSeparatorUI (java.desktop@11.0.2)
1185:             4             96  javax.swing.plaf.metal.MetalFileChooserUI$ButtonAreaLayout (java.desktop@11.0.2)
1186:             4             96  javax.swing.plaf.metal.MetalFileChooserUI$FilterComboBoxModel (java.desktop@11.0.2)
1187:             4             96  javax.swing.plaf.metal.MetalFileChooserUI$IndentIcon (java.desktop@11.0.2)
1188:             1             96  javax.swing.text.BoxView (java.desktop@11.0.2)
1189:             3             96  javax.swing.text.DefaultEditorKit$BeginLineAction (java.desktop@11.0.2)
1190:             3             96  javax.swing.text.DefaultEditorKit$BeginParagraphAction (java.desktop@11.0.2)
1191:             3             96  javax.swing.text.DefaultEditorKit$BeginWordAction (java.desktop@11.0.2)
1192:             3             96  javax.swing.text.DefaultEditorKit$EndLineAction (java.desktop@11.0.2)
1193:             3             96  javax.swing.text.DefaultEditorKit$EndParagraphAction (java.desktop@11.0.2)
1194:             3             96  javax.swing.text.DefaultEditorKit$EndWordAction (java.desktop@11.0.2)
1195:             6             96  javax.swing.text.JTextComponent$InputMethodRequestsHandler (java.desktop@11.0.2)
1196:             4             96  javax.swing.text.PlainView$FPMethodArgs (java.desktop@11.0.2)
1197:             3             96  javax.swing.text.StyledEditorKit$AlignmentAction (java.desktop@11.0.2)
1198:             3             96  javax.swing.text.StyledEditorKit$FontFamilyAction (java.desktop@11.0.2)
1199:             6             96  javax.swing.text.html.CSS$CssValue (java.desktop@11.0.2)
1200:             6             96  javax.swing.text.html.CSS$CssValueMapper (java.desktop@11.0.2)
1201:             3             96  javax.swing.undo.UndoManager (java.desktop@11.0.2)
1202:             1             96  jdk.internal.jimage.ImageReader$SharedImageReader (java.base@11.0.2)
1203:             4             96  jdk.internal.logger.BootstrapLogger$LoggingBackend (java.base@11.0.2)
1204:             3             96  sun.awt.X11.XMouseDragGestureRecognizer (java.desktop@11.0.2)
1205:             1             96  sun.font.AttributeValues (java.desktop@11.0.2)
1206:             3             96  sun.font.CompositeGlyphMapper (java.desktop@11.0.2)
1207:             3             96  sun.font.FreetypeFontScaler (java.desktop@11.0.2)
1208:             3             96  sun.font.TrueTypeGlyphMapper (java.desktop@11.0.2)
1209:             4             96  sun.java2d.StateTrackable$State (java.desktop@11.0.2)
1210:             6             96  sun.java2d.pipe.AAShapePipe (java.desktop@11.0.2)
1211:             6             96  sun.java2d.pipe.TextRenderer (java.desktop@11.0.2)
1212:             1             96  sun.java2d.xr.XRCompositeManager (java.desktop@11.0.2)
1213:             3             96  sun.net.spi.DefaultProxySelector$NonProxyInfo (java.base@11.0.2)
1214:             2             96  sun.nio.cs.StreamEncoder (java.base@11.0.2)
1215:             1             96  sun.reflect.misc.MethodUtil (java.base@11.0.2)
1216:             2             96  sun.security.rsa.RSAPublicKeyImpl (java.base@11.0.2)
1217:             3             96  sun.security.ssl.CipherSuite$HashAlg (java.base@11.0.2)
1218:             4             96  sun.security.ssl.CipherType (java.base@11.0.2)
1219:             3             96  sun.security.ssl.ECPointFormatsExtension$ECPointFormat (java.base@11.0.2)
1220:             4             96  sun.security.util.DerInputStream (java.base@11.0.2)
1221:             4             96  sun.security.x509.AVA (java.base@11.0.2)
1222:             4             96  sun.security.x509.RDN (java.base@11.0.2)
1223:             4             96  sun.swing.FilePane$5 (java.desktop@11.0.2)
1224:             4             96  sun.swing.FilePane$DetailsTableRowSorter$1 (java.desktop@11.0.2)
1225:             4             96  sun.swing.FilePane$Handler (java.desktop@11.0.2)
1226:             4             96  sun.swing.FilePane$SortableListModel (java.desktop@11.0.2)
1227:             1             88  [Ljava.awt.geom.AffineTransform; (java.desktop@11.0.2)
1228:             1             88  [Lsun.security.ssl.CipherSuite$KeyExchange; (java.base@11.0.2)
1229:             1             88  com.sun.imageio.plugins.bmp.BMPImageReaderSpi (java.desktop@11.0.2)
1230:             1             88  com.sun.imageio.plugins.bmp.BMPImageWriterSpi (java.desktop@11.0.2)
1231:             1             88  com.sun.imageio.plugins.gif.GIFImageReaderSpi (java.desktop@11.0.2)
1232:             1             88  com.sun.imageio.plugins.gif.GIFImageWriterSpi (java.desktop@11.0.2)
1233:             1             88  com.sun.imageio.plugins.jpeg.JPEGImageReaderSpi (java.desktop@11.0.2)
1234:             1             88  com.sun.imageio.plugins.jpeg.JPEGImageWriterSpi (java.desktop@11.0.2)
1235:             1             88  com.sun.imageio.plugins.png.PNGImageReaderSpi (java.desktop@11.0.2)
1236:             1             88  com.sun.imageio.plugins.png.PNGImageWriterSpi (java.desktop@11.0.2)
1237:             1             88  com.sun.imageio.plugins.tiff.TIFFImageReaderSpi (java.desktop@11.0.2)
1238:             1             88  com.sun.imageio.plugins.tiff.TIFFImageWriterSpi (java.desktop@11.0.2)
1239:             1             88  com.sun.imageio.plugins.wbmp.WBMPImageReaderSpi (java.desktop@11.0.2)
1240:             1             88  com.sun.imageio.plugins.wbmp.WBMPImageWriterSpi (java.desktop@11.0.2)
1241:             1             88  javax.swing.ToolTipManager (java.desktop@11.0.2)
1242:             1             88  javax.swing.text.LabelView (java.desktop@11.0.2)
1243:             1             88  javax.swing.text.html.parser.DTD (java.desktop@11.0.2)
1244:             1             88  sun.awt.X11.XToolkit (java.desktop@11.0.2)
1245:             1             88  sun.nio.cs.CharsetMapping (java.base@11.0.2)
1246:             1             88  sun.security.ssl.TransportContext (java.base@11.0.2)
1247:             4             80  [Ladams.core.io.filechanged.FileChangeMonitor;
1248:             2             80  [Ladams.gui.core.ToolBarPanel$ToolBarLocation;
1249:             2             80  [Lcom.mysql.jdbc.StringUtils$SearchMode;
1250:             1             80  [Ljava.time.temporal.ChronoUnit; (java.base@11.0.2)
1251:             1             80  [Ljava.util.concurrent.ForkJoinPool$WorkQueue; (java.base@11.0.2)
1252:             2             80  [Ljava.util.stream.StreamOpFlag$Type; (java.base@11.0.2)
1253:             2             80  [Lsun.security.jca.ProviderConfig; (java.base@11.0.2)
1254:             2             80  [Lsun.security.ssl.SupportedGroupsExtension$NamedGroupType; (java.base@11.0.2)
1255:             1             80  [[Z (java.base@11.0.2)
1256:             2             80  adams.core.io.FilenameProposer
1257:             1             80  adams.db.DatabaseConnection
1258:             2             80  adams.env.Environment
1259:             5             80  adams.gui.chooser.FileChooserBookmarksPanel$FileChooserBookmarksFactory
1260:             5             80  adams.gui.chooser.FileChooserBookmarksPanel$FileChooserBookmarksIconLoader
1261:             2             80  adams.gui.flow.tree.keyboardaction.ActionQuickSearch
1262:             2             80  adams.gui.flow.tree.keyboardaction.EncloseActor
1263:             2             80  adams.gui.flow.tree.keyboardaction.FavoriteActorAfter
1264:             2             80  adams.gui.flow.tree.keyboardaction.FavoriteActorBeneath
1265:             2             80  adams.gui.flow.tree.keyboardaction.FavoriteActorHere
1266:             2             80  adams.gui.flow.tree.keyboardaction.PullUpActor
1267:             2             80  adams.gui.flow.tree.keyboardaction.SearchActorAfter
1268:             2             80  adams.gui.flow.tree.keyboardaction.SearchActorBeneath
1269:             2             80  adams.gui.flow.tree.keyboardaction.SearchActorHere
1270:             1             80  adams.gui.goe.GenericObjectEditor
1271:             2             80  com.github.fracpete.processoutput4j.reader.CollectingProcessReader
1272:             5             80  com.googlecode.jfilechooserbookmarks.AbstractBookmarksPanel$1
1273:             5             80  com.googlecode.jfilechooserbookmarks.AbstractBookmarksPanel$2
1274:             5             80  com.googlecode.jfilechooserbookmarks.AbstractBookmarksPanel$3
1275:             5             80  com.googlecode.jfilechooserbookmarks.AbstractBookmarksPanel$4
1276:             5             80  com.googlecode.jfilechooserbookmarks.AbstractBookmarksPanel$5
1277:             5             80  com.googlecode.jfilechooserbookmarks.AbstractBookmarksPanel$6
1278:             5             80  com.googlecode.jfilechooserbookmarks.AbstractBookmarksPanel$7
1279:             5             80  com.googlecode.jfilechooserbookmarks.AbstractBookmarksPanel$8
1280:             5             80  com.googlecode.jfilechooserbookmarks.AbstractBookmarksPanel$9
1281:             5             80  com.googlecode.jfilechooserbookmarks.gui.BaseList$1
1282:             2             80  com.sun.crypto.provider.CipherBlockChaining (java.base@11.0.2)
1283:             1             80  java.awt.EventQueue (java.desktop@11.0.2)
1284:             2             80  java.io.BufferedWriter (java.base@11.0.2)
1285:             2             80  java.io.ExpiringCache (java.base@11.0.2)
1286:             2             80  java.io.PrintStream (java.base@11.0.2)
1287:             2             80  java.lang.ModuleLayer (java.base@11.0.2)
1288:             2             80  java.lang.Process$PipeInputStream (java.base@11.0.2)
1289:             2             80  java.lang.ProcessImpl$ProcessPipeInputStream (java.base@11.0.2)
1290:             2             80  java.lang.VirtualMachineError (java.base@11.0.2)
1291:             1             80  java.lang.invoke.BoundMethodHandle$Species_LLLLLLLLLLLII (java.base@11.0.2)
1292:             2             80  java.lang.module.Configuration (java.base@11.0.2)
1293:             2             80  java.util.Locale$Category (java.base@11.0.2)
1294:             2             80  javax.crypto.Mac (java.base@11.0.2)
1295:             1             80  javax.swing.RepaintManager (java.desktop@11.0.2)
1296:             5             80  javax.swing.plaf.BorderUIResource (java.desktop@11.0.2)
1297:             2             80  javax.swing.plaf.basic.BasicDirectoryModel$DoChangeContents (java.desktop@11.0.2)
1298:             2             80  javax.swing.plaf.basic.BasicEditorPaneUI (java.desktop@11.0.2)
1299:             2             80  javax.swing.plaf.basic.BasicSpinnerUI$ArrowButtonHandler (java.desktop@11.0.2)
1300:             1             80  javax.swing.text.PlainView (java.desktop@11.0.2)
1301:             2             80  javax.swing.text.StyleContext (java.desktop@11.0.2)
1302:             5             80  javax.swing.text.StyledEditorKit$AttributeTracker (java.desktop@11.0.2)
1303:             2             80  javax.swing.tree.DefaultTreeCellEditor$1 (java.desktop@11.0.2)
1304:             2             80  jdk.internal.math.FloatingDecimal$BinaryToASCIIBuffer (java.base@11.0.2)
1305:             1             80  sun.awt.X11.MotifDnDDropTargetProtocol (java.desktop@11.0.2)
1306:             1             80  sun.awt.X11.XDnDDropTargetProtocol (java.desktop@11.0.2)
1307:             1             80  sun.awt.X11.XRootWindow (java.desktop@11.0.2)
1308:             2             80  sun.awt.image.BufferedImageGraphicsConfig (java.desktop@11.0.2)
1309:             1             80  sun.font.GlyphList (java.desktop@11.0.2)
1310:             2             80  sun.nio.cs.UTF_8$Decoder (java.base@11.0.2)
1311:             2             80  sun.nio.cs.ext.ExtendedCharsets (jdk.charsets@11.0.2)
1312:             2             80  sun.security.ssl.CertStatusExtension$OCSPStatusRequest (java.base@11.0.2)
1313:             5             80  sun.security.ssl.SSLCipher$T10BlockReadCipherGenerator (java.base@11.0.2)
1314:             5             80  sun.security.ssl.SSLCipher$T10BlockWriteCipherGenerator (java.base@11.0.2)
1315:             5             80  sun.security.ssl.X509Authentication$X509PossessionGenerator (java.base@11.0.2)
1316:             2             80  sun.swing.PrintColorUIResource (java.desktop@11.0.2)
1317:             1             80  sun.text.normalizer.NormalizerImpl (java.base@11.0.2)
1318:             2             80  sun.util.calendar.Era (java.base@11.0.2)
1319:             1             80  sun.util.cldr.CLDRLocaleProviderAdapter (java.base@11.0.2)
1320:             1             80  sun.util.locale.provider.JRELocaleProviderAdapter (java.base@11.0.2)
1321:             1             80  sun.util.locale.provider.LocaleProviderAdapter$NonExistentAdapter (java.base@11.0.2)
1322:             1             72  [Ladams.core.DateTimeType;
1323:             1             72  [Ljavax.imageio.ImageTypeSpecifier; (java.desktop@11.0.2)
1324:             3             72  [Ljavax.swing.tree.TreePath; (java.desktop@11.0.2)
1325:             1             72  [Lsun.security.ssl.SSLCipher; (java.base@11.0.2)
1326:             3             72  adams.core.io.lister.Sorting
1327:             3             72  adams.data.RoundingType
1328:             3             72  adams.data.io.input.AbstractFlowReader$InputType
1329:             3             72  adams.data.report.FieldType
1330:             3             72  adams.data.sequence.XYSequencePointComparator$Comparison
1331:             3             72  adams.event.DatabaseConnectionChangeEvent$EventType
1332:             3             72  adams.event.VariableChangeEvent$Type
1333:             3             72  adams.flow.control.ForceFlush$FlushScope
1334:             3             72  adams.flow.control.Injector$Location
1335:             3             72  adams.flow.control.ScopeHandler$ScopeHandling
1336:             3             72  adams.flow.core.ActorExecution
1337:             3             72  adams.flow.core.ObjectRetriever$RetrievalType
1338:             3             72  adams.flow.core.ReportUpdateType
1339:             3             72  adams.flow.source.DumpStorage$OutputType
1340:             3             72  adams.flow.source.DumpVariables$OutputType
1341:             3             72  adams.flow.source.Exec$OutputType
1342:             3             72  adams.flow.source.NewList$QuoteType
1343:             3             72  adams.flow.source.SelectDateTime$Type
1344:             3             72  adams.flow.standalone.ExternalFlow$ExecutionType
1345:             3             72  adams.flow.transformer.ConvertFeatures$OutputType
1346:             3             72  adams.flow.transformer.Diff$DiffType
1347:             3             72  adams.flow.transformer.IncStorageValue$IncrementType
1348:             3             72  adams.flow.transformer.IncVariable$IncrementType
1349:             3             72  adams.flow.transformer.MergeReport$MergeType
1350:             3             72  adams.flow.transformer.SetMapValue$SourceType
1351:             3             72  adams.flow.transformer.SetVariable$UpdateType
1352:             3             72  adams.flow.transformer.StringArraySplit$SplitHandling
1353:             3             72  adams.flow.transformer.StringReplace$ReplaceType
1354:             3             72  adams.flow.transformer.StringSplit$Delimiter
1355:             3             72  adams.gui.core.ColorHelper$ColorNotation
1356:             3             72  adams.gui.core.Undo$UndoPoint
1357:             3             72  adams.gui.sendto.SendToActionUtils$2
1358:             3             72  adams.gui.visualization.core.axis.Visibility
1359:             3             72  com.github.fracpete.processoutput4j.core.StreamingProcessOutputType
1360:             1             72  java.awt.DefaultKeyboardFocusManager (java.desktop@11.0.2)
1361:             3             72  java.awt.Dialog$ModalExclusionType (java.desktop@11.0.2)
1362:             3             72  java.awt.EventFilter$FilterAction (java.desktop@11.0.2)
1363:             3             72  java.awt.Window$Type (java.desktop@11.0.2)
1364:             3             72  java.io.InputStreamReader (java.base@11.0.2)
1365:             3             72  java.lang.ProcessImpl$LaunchMechanism (java.base@11.0.2)
1366:             3             72  java.lang.StringCoding$Result (java.base@11.0.2)
1367:             3             72  java.lang.ThreadLocal$ThreadLocalMap (java.base@11.0.2)
1368:             3             72  java.lang.WeakPairMap (java.base@11.0.2)
1369:             1             72  java.lang.invoke.BoundMethodHandle$Species_LLLLLLLLLII (java.base@11.0.2)
1370:             3             72  java.lang.invoke.MethodHandles$Lookup (java.base@11.0.2)
1371:             3             72  java.lang.invoke.StringConcatFactory$Mode (java.base@11.0.2)
1372:             3             72  java.net.Inet4Address (java.base@11.0.2)
1373:             3             72  java.net.Proxy$Type (java.base@11.0.2)
1374:             3             72  java.nio.file.AccessMode (java.base@11.0.2)
1375:             3             72  java.security.SecurityPermission (java.base@11.0.2)
1376:             3             72  java.time.Instant (java.base@11.0.2)
1377:             3             72  java.time.ZoneOffset (java.base@11.0.2)
1378:             3             72  java.util.Base64$Encoder (java.base@11.0.2)
1379:             3             72  java.util.concurrent.LinkedBlockingQueue$Node (java.base@11.0.2)
1380:             3             72  java.util.stream.Collector$Characteristics (java.base@11.0.2)
1381:             1             72  javax.swing.BufferStrategyPaintManager (java.desktop@11.0.2)
1382:             3             72  javax.swing.SwingWorker$StateValue (java.desktop@11.0.2)
1383:             3             72  javax.swing.text.html.CSS$LengthUnit (java.desktop@11.0.2)
1384:             3             72  javax.swing.text.html.StyleSheet$LargeConversionSet (java.desktop@11.0.2)
1385:             3             72  javax.swing.tree.DefaultTreeModel (java.desktop@11.0.2)
1386:             3             72  jdk.internal.math.FloatingDecimal$ExceptionalBinaryToASCIIBuffer (java.base@11.0.2)
1387:             3             72  jdk.internal.misc.Signal (java.base@11.0.2)
1388:             3             72  jdk.internal.module.IllegalAccessLogger$Mode (java.base@11.0.2)
1389:             3             72  sun.awt.AppContext$State (java.desktop@11.0.2)
1390:             3             72  sun.awt.X11.XBaseWindow$InitialiseState (java.desktop@11.0.2)
1391:             1             72  sun.awt.X11GraphicsDevice (java.desktop@11.0.2)
1392:             3             72  sun.security.provider.NativePRNG$Variant (java.base@11.0.2)
1393:             3             72  sun.security.ssl.ClientAuthType (java.base@11.0.2)
1394:             1             72  sun.security.ssl.SSLConfiguration (java.base@11.0.2)
1395:             3             72  sun.security.ssl.SSLMasterKeyDerivation (java.base@11.0.2)
1396:             3             72  sun.security.util.DisabledAlgorithmConstraints (java.base@11.0.2)
1397:             3             72  sun.swing.SwingUtilities2$LSBCacheEntry (java.desktop@11.0.2)
1398:             3             72  sun.util.locale.provider.LocaleServiceProviderPool (java.base@11.0.2)
1399:             1             64  [Ladams.core.PropertiesDataType;
1400:             2             64  [Ladams.core.management.OS$OperatingSystems;
1401:             1             64  [Ladams.data.spreadsheet.Cell$ContentType;
1402:             2             64  [Ladams.flow.source.EnterManyValues$OutputType;
1403:             2             64  [Ladams.flow.transformer.StringReplace$ReplaceType;
1404:             2             64  [Ladams.gui.application.UserMode;
1405:             1             64  [Ljava.awt.event.FocusEvent$Cause; (java.desktop@11.0.2)
1406:             2             64  [Ljava.lang.ProcessImpl$LaunchMechanism; (java.base@11.0.2)
1407:             1             64  [Ljava.lang.invoke.MethodHandleImpl$Intrinsic; (java.base@11.0.2)
1408:             2             64  [Ljava.net.Proxy$Type; (java.base@11.0.2)
1409:             2             64  [Ljava.nio.charset.CoderResult; (java.base@11.0.2)
1410:             3             64  [Ljava.util.logging.Handler; (java.logging@11.0.2)
1411:             2             64  [Ljava.util.stream.Collector$Characteristics; (java.base@11.0.2)
1412:             4             64  [Ljavax.swing.RowSorter$SortKey; (java.desktop@11.0.2)
1413:             1             64  [Lsun.font.FontConfigManager$FcCompFont; (java.desktop@11.0.2)
1414:             2             64  adams.flow.core.CallableNamesRecorder
1415:             2             64  adams.flow.core.PauseStateManager
1416:             2             64  adams.flow.core.displaytype.NoDisplay
1417:             4             64  adams.gui.chooser.BaseFileChooser$$Lambda$162/0x000000010037b840
1418:             2             64  adams.gui.chooser.ExtensionFileFilterWithClass
1419:             4             64  adams.gui.core.BaseList$1
1420:             4             64  adams.gui.core.FilterPanel$1
1421:             4             64  adams.gui.core.FilterPanel$2
1422:             2             64  adams.gui.flow.notificationareaaction.CloseAndCleanUp
1423:             2             64  adams.gui.flow.notificationareaaction.Copy
1424:             2             64  adams.gui.flow.notificationareaaction.Print
1425:             2             64  adams.gui.flow.notificationareaaction.Save
1426:             2             64  adams.gui.flow.tabhandler.GraphicalActorProcessorHandler
1427:             2             64  adams.gui.flow.tabhandler.RegisteredDisplaysHandler
1428:             2             64  adams.gui.flow.tree.menu.AddActorAfter
1429:             2             64  adams.gui.flow.tree.menu.AddActorBeneath
1430:             2             64  adams.gui.flow.tree.menu.AddActorHere
1431:             2             64  adams.gui.flow.tree.menu.AddBookmark
1432:             2             64  adams.gui.flow.tree.menu.AnnotateActor
1433:             2             64  adams.gui.flow.tree.menu.CopyActor
1434:             2             64  adams.gui.flow.tree.menu.CutActor
1435:             2             64  adams.gui.flow.tree.menu.EditActor
1436:             2             64  adams.gui.flow.tree.menu.EditExternalFlow
1437:             2             64  adams.gui.flow.tree.menu.Help
1438:             2             64  adams.gui.flow.tree.menu.PasteActorAfter
1439:             2             64  adams.gui.flow.tree.menu.PasteActorBeneath
1440:             2             64  adams.gui.flow.tree.menu.PasteActorHere
1441:             2             64  adams.gui.flow.tree.menu.RemoveActor
1442:             2             64  adams.gui.flow.tree.menu.RemoveBookmark
1443:             2             64  adams.gui.flow.tree.menu.RenameActor
1444:             2             64  adams.gui.flow.tree.menu.ToggleState
1445:             1             64  adams.gui.menu.JMap$1
1446:             2             64  com.mysql.jdbc.Buffer
1447:             1             64  com.mysql.jdbc.ConnectionPropertiesImpl$LongConnectionProperty
1448:             2             64  com.sun.crypto.provider.AESCrypt (java.base@11.0.2)
1449:             2             64  com.sun.crypto.provider.HmacSHA1 (java.base@11.0.2)
1450:             1             64  java.awt.GridBagLayoutInfo (java.desktop@11.0.2)
1451:             1             64  java.awt.color.ICC_ColorSpace (java.desktop@11.0.2)
1452:             1             64  java.lang.invoke.BoundMethodHandle$Species_LLLLLLLII (java.base@11.0.2)
1453:             2             64  java.lang.invoke.VarHandleLongs$FieldInstanceReadWrite (java.base@11.0.2)
1454:             2             64  java.lang.ref.ReferenceQueue$Null (java.base@11.0.2)
1455:             2             64  java.net.Socket (java.base@11.0.2)
1456:             2             64  java.util.ArrayList$SubList (java.base@11.0.2)
1457:             4             64  java.util.TreeMap$KeySet (java.base@11.0.2)
1458:             1             64  java.util.logging.LogManager$RootLogger (java.logging@11.0.2)
1459:             2             64  java.util.stream.FindOps$FindOp (java.base@11.0.2)
1460:             2             64  javax.swing.DefaultCellEditor$1 (java.desktop@11.0.2)
1461:             4             64  javax.swing.JFileChooser$FCHierarchyListener (java.desktop@11.0.2)
1462:             4             64  javax.swing.JFormattedTextField$DocumentHandler (java.desktop@11.0.2)
1463:             4             64  javax.swing.JSpinner$ModelListener (java.desktop@11.0.2)
1464:             4             64  javax.swing.LayoutComparator (java.desktop@11.0.2)
1465:             1             64  javax.swing.MultiUIDefaults (java.desktop@11.0.2)
1466:             1             64  javax.swing.UIDefaults (java.desktop@11.0.2)
1467:             2             64  javax.swing.border.BevelBorder (java.desktop@11.0.2)
1468:             2             64  javax.swing.plaf.basic.BasicBorders$RadioButtonBorder (java.desktop@11.0.2)
1469:             2             64  javax.swing.plaf.basic.BasicDirectoryModel$FilesLoader (java.desktop@11.0.2)
1470:             4             64  javax.swing.plaf.basic.BasicFileChooserUI$AcceptAllFileFilter (java.desktop@11.0.2)
1471:             1             64  javax.swing.plaf.basic.BasicHTML$BasicEditorKit (java.desktop@11.0.2)
1472:             4             64  javax.swing.plaf.basic.BasicMenuBarUI$Handler (java.desktop@11.0.2)
1473:             2             64  javax.swing.plaf.metal.MetalBorders$RolloverMarginBorder (java.desktop@11.0.2)
1474:             4             64  javax.swing.plaf.metal.MetalFileChooserUI$2 (java.desktop@11.0.2)
1475:             4             64  javax.swing.plaf.metal.MetalFileChooserUI$4 (java.desktop@11.0.2)
1476:             4             64  javax.swing.plaf.metal.MetalFileChooserUI$5 (java.desktop@11.0.2)
1477:             4             64  javax.swing.plaf.metal.MetalFileChooserUI$MetalFileChooserUIAccessor (java.desktop@11.0.2)
1478:             2             64  javax.swing.plaf.metal.MetalLookAndFeel$AATextListener (java.desktop@11.0.2)
1479:             4             64  javax.swing.text.DefaultCaret$DefaultFilterBypass (java.desktop@11.0.2)
1480:             2             64  javax.swing.text.DefaultEditorKit$BeginAction (java.desktop@11.0.2)
1481:             2             64  javax.swing.text.DefaultEditorKit$EndAction (java.desktop@11.0.2)
1482:             2             64  javax.swing.text.DefaultEditorKit$NextWordAction (java.desktop@11.0.2)
1483:             2             64  javax.swing.text.DefaultEditorKit$PageAction (java.desktop@11.0.2)
1484:             2             64  javax.swing.text.DefaultEditorKit$PreviousWordAction (java.desktop@11.0.2)
1485:             4             64  javax.swing.text.DefaultFormatter$DefaultDocumentFilter (java.desktop@11.0.2)
1486:             4             64  javax.swing.text.DefaultFormatter$DefaultNavigationFilter (java.desktop@11.0.2)
1487:             4             64  javax.swing.text.StyleConstants (java.desktop@11.0.2)
1488:             4             64  javax.swing.text.StyleConstants$FontConstants (java.desktop@11.0.2)
1489:             2             64  javax.swing.text.html.HTMLEditorKit$BeginAction (java.desktop@11.0.2)
1490:             2             64  javax.swing.text.html.HTMLEditorKit$NavigateLinkAction (java.desktop@11.0.2)
1491:             1             64  javax.swing.tree.DefaultTreeSelectionModel (java.desktop@11.0.2)
1492:             1             64  org.apache.commons.math3.distribution.NormalDistribution
1493:             2             64  sun.awt.SoftCache (java.desktop@11.0.2)
1494:             2             64  sun.awt.image.BufferedImageDevice (java.desktop@11.0.2)
1495:             2             64  sun.java2d.ReentrantContextProviderTL$1 (java.desktop@11.0.2)
1496:             1             64  sun.java2d.xr.XRGraphicsConfig (java.desktop@11.0.2)
1497:             2             64  sun.nio.fs.LinuxFileSystem (java.base@11.0.2)
1498:             2             64  sun.reflect.generics.reflectiveObjects.TypeVariableImpl (java.base@11.0.2)
1499:             2             64  sun.security.provider.FileInputStreamPool$StreamRef (java.base@11.0.2)
1500:             2             64  sun.security.ssl.CertStatusExtension$CertStatusRequestType (java.base@11.0.2)
1501:             2             64  sun.security.ssl.EphemeralKeyManager$EphemeralKeyPair (java.base@11.0.2)
1502:             4             64  sun.security.ssl.SSLCipher$T11BlockReadCipherGenerator (java.base@11.0.2)
1503:             4             64  sun.security.ssl.SSLCipher$T11BlockWriteCipherGenerator (java.base@11.0.2)
1504:             2             64  sun.security.ssl.SSLSessionContextImpl (java.base@11.0.2)
1505:             1             64  sun.security.ssl.SSLSocketImpl (java.base@11.0.2)
1506:             2             64  sun.security.x509.BasicConstraintsExtension (java.base@11.0.2)
1507:             4             64  sun.swing.FilePane$2 (java.desktop@11.0.2)
1508:             4             64  sun.swing.FilePane$DetailsTableRowSorter$SorterModelWrapper (java.desktop@11.0.2)
1509:             2             64  sun.swing.MenuItemLayoutHelper$ColumnAlignment (java.desktop@11.0.2)
1510:             1             64  sun.text.RuleBasedBreakIterator (java.base@11.0.2)
1511:             1             64  sun.text.normalizer.Trie2_16 (java.base@11.0.2)
1512:             1             56  [Ljava.lang.Runnable; (java.base@11.0.2)
1513:             1             56  [Ljava.nio.file.StandardOpenOption; (java.base@11.0.2)
1514:             1             56  [Lsun.security.ssl.CertificateRequest$ClientCertificateType; (java.base@11.0.2)
1515:             1             56  [[Lsun.awt.SunHints$Value; (java.desktop@11.0.2)
1516:             1             56  adams.core.ClassLister
1517:             1             56  adams.gui.core.RecentFilesHandlerWithCommandline
1518:             1             56  adams.gui.scripting.ScriptingEngine
1519:             1             56  com.github.fracpete.processoutput4j.output.CollectingProcessOutput
1520:             1             56  java.lang.invoke.BoundMethodHandle$Specializer (java.base@11.0.2)
1521:             1             56  java.lang.invoke.BoundMethodHandle$Species_LLLLLII (java.base@11.0.2)
1522:             1             56  java.net.SocketOutputStream (java.base@11.0.2)
1523:             1             56  java.net.SocketPermission (java.base@11.0.2)
1524:             1             56  java.util.ServiceLoader (java.base@11.0.2)
1525:             1             56  java.util.logging.LogManager (java.logging@11.0.2)
1526:             1             56  javax.swing.plaf.metal.MetalCheckBoxUI (java.desktop@11.0.2)
1527:             1             56  jdk.internal.ref.CleanerImpl$SoftCleanableRef (java.base@11.0.2)
1528:             1             56  org.apache.commons.math3.random.Well19937c
1529:             1             56  sun.awt.AppContext (java.desktop@11.0.2)
1530:             1             56  sun.awt.X11.MotifDnDDragSourceProtocol (java.desktop@11.0.2)
1531:             1             56  sun.awt.X11.XWINProtocol (java.desktop@11.0.2)
1532:             1             56  sun.awt.im.ExecutableInputMethodManager (java.desktop@11.0.2)
1533:             1             56  sun.font.XRGlyphCache (java.desktop@11.0.2)
1534:             1             56  sun.java2d.NullSurfaceData (java.desktop@11.0.2)
1535:             1             56  sun.java2d.xr.MaskTileManager (java.desktop@11.0.2)
1536:             1             56  sun.security.ssl.SSLSocketInputRecord (java.base@11.0.2)
1537:             1             56  sun.security.ssl.SSLSocketOutputRecord (java.base@11.0.2)
1538:             1             48  [Ladams.flow.transformer.FileInfo$InfoType;
1539:             1             48  [Ladams.gui.visualization.core.axis.Type;
1540:             1             48  [Ljava.beans.WeakIdentityMap$Entry; (java.desktop@11.0.2)
1541:             1             48  [Ljava.lang.System$Logger$Level; (java.base@11.0.2)
1542:             3             48  [Ljava.lang.annotation.Annotation; (java.base@11.0.2)
1543:             1             48  [Ljava.math.RoundingMode; (java.base@11.0.2)
1544:             1             48  [Ljava.util.concurrent.TimeUnit; (java.base@11.0.2)
1545:             1             48  [Ljavax.swing.DropMode; (java.desktop@11.0.2)
1546:             1             48  [Lsun.font.FontStrike; (java.desktop@11.0.2)
1547:             2             48  [Lsun.reflect.generics.tree.FieldTypeSignature; (java.base@11.0.2)
1548:             2             48  [Lsun.util.calendar.Era; (java.base@11.0.2)
1549:             2             48  adams.core.PositionType
1550:             3             48  adams.core.WrapperHashSet
1551:             2             48  adams.core.discovery.NumericValueType
1552:             2             48  adams.core.io.filechanged.MultiMonitor$CombinationType
1553:             1             48  adams.core.logging.ConsolePanelHandler
1554:             2             48  adams.core.option.help.HelpFormat
1555:             1             48  adams.env.Modules$Module
1556:             2             48  adams.flow.control.CallableActorScreenshot$OutputType
1557:             2             48  adams.flow.control.Flow$ErrorHandling
1558:             2             48  adams.flow.control.Injector$DataType
1559:             2             48  adams.flow.core.StopMode
1560:             2             48  adams.flow.source.OptionTraverser$TraversalStart
1561:             2             48  adams.flow.source.SQLIdSupplier$Type
1562:             2             48  adams.flow.standalone.DeleteStorageValue$MatchingType
1563:             2             48  adams.flow.standalone.DeleteVariable$MatchingType
1564:             2             48  adams.flow.standalone.MemoryMonitor$MemoryType
1565:             2             48  adams.flow.transformer.AbstractDeleteReportValue$MatchType
1566:             2             48  adams.flow.transformer.AbstractReportDbUpdater$QueryType
1567:             2             48  adams.flow.transformer.ArrayCombinations$SubsetsType
1568:             2             48  adams.flow.transformer.ArrayStatisticDataType
1569:             2             48  adams.flow.transformer.DeleteStorageValue$MatchingType
1570:             2             48  adams.flow.transformer.DeleteVariable$MatchingType
1571:             2             48  adams.flow.transformer.MergeReport$SourceType
1572:             2             48  adams.flow.transformer.SetArrayElement$Origin
1573:             2             48  adams.flow.transformer.StringArraySplit$RemainderHandling
1574:             2             48  adams.flow.transformer.StringCut$CutType
1575:             2             48  adams.flow.transformer.StringRangeCut$Type
1576:             1             48  adams.gui.application.ApplicationMenu
1577:             2             48  adams.gui.core.GUIHelper$2
1578:             2             48  adams.gui.core.SearchPanel$LayoutType
1579:             3             48  adams.gui.core.TextEditorPanel$$Lambda$225/0x00000001009b5440
1580:             3             48  adams.gui.core.TextEditorPanel$$Lambda$226/0x00000001009b4840
1581:             3             48  adams.gui.core.TextEditorPanel$$Lambda$227/0x00000001009b4c40
1582:             3             48  adams.gui.core.TextEditorPanel$1
1583:             3             48  adams.gui.dialog.ApprovalDialog$1
1584:             3             48  adams.gui.dialog.ApprovalDialog$2
1585:             3             48  adams.gui.dialog.ApprovalDialog$3
1586:             3             48  adams.gui.dialog.TextPanel$$Lambda$228/0x00000001009b4040
1587:             2             48  adams.gui.event.TabVisibilityChangeEvent$Type
1588:             2             48  adams.gui.flow.tree.TreeOperations
1589:             1             48  adams.gui.menu.RemoteCommands
1590:             2             48  adams.gui.visualization.core.axis.Direction
1591:             2             48  adams.gui.visualization.core.axis.Orientation
1592:             1             48  com.jidesoft.icons.IconsFactory$1
1593:             2             48  com.jidesoft.plaf.basic.LazyActionMap
1594:             3             48  com.jidesoft.plaf.metal.MetalJideSplitButtonUI$1
1595:             3             48  com.jidesoft.plaf.metal.MetalJideSplitButtonUI$MouseInputHandler
1596:             3             48  com.jidesoft.plaf.metal.MetalJideSplitButtonUI$PropertyChangeHandler
1597:             3             48  com.jidesoft.plaf.metal.MetalMenuItemUI$PropertyChangeHandler
1598:             3             48  com.jidesoft.plaf.metal.MetalMenuUI$MenuDragMouseHandler
1599:             3             48  com.jidesoft.plaf.metal.MetalMenuUI$MenuKeyHandler
1600:             3             48  com.jidesoft.plaf.metal.MetalMenuUI$PropertyChangeHandler
1601:             3             48  com.jidesoft.swing.JideMenu$1
1602:             2             48  com.mysql.jdbc.SingleByteCharsetConverter
1603:             3             48  com.sun.beans.WeakCache (java.desktop@11.0.2)
1604:             2             48  com.sun.crypto.provider.AESCipher$General (java.base@11.0.2)
1605:             3             48  java.awt.ComponentOrientation (java.desktop@11.0.2)
1606:             2             48  java.awt.MediaTracker (java.desktop@11.0.2)
1607:             2             48  java.awt.ModalEventFilter$ApplicationModalEventFilter (java.desktop@11.0.2)
1608:             2             48  java.awt.Toolkit$ToolkitEventMulticaster (java.desktop@11.0.2)
1609:             2             48  java.io.File$PathStatus (java.base@11.0.2)
1610:             2             48  java.io.OutputStreamWriter (java.base@11.0.2)
1611:             2             48  java.lang.ClassValue$Version (java.base@11.0.2)
1612:             2             48  java.lang.ProcessEnvironment$StringEnvironment (java.base@11.0.2)
1613:             1             48  java.lang.ProcessImpl (java.base@11.0.2)
1614:             1             48  java.lang.invoke.BoundMethodHandle$Specializer$Factory (java.base@11.0.2)
1615:             1             48  java.lang.invoke.BoundMethodHandle$Species_LLLL (java.base@11.0.2)
1616:             2             48  java.lang.reflect.ReflectPermission (java.base@11.0.2)
1617:             3             48  java.nio.channels.FileChannel$MapMode (java.base@11.0.2)
1618:             3             48  java.nio.charset.CodingErrorAction (java.base@11.0.2)
1619:             2             48  java.security.AllPermissionCollection (java.base@11.0.2)
1620:             2             48  java.sql.DriverInfo (java.sql@11.0.2)
1621:             3             48  java.text.AttributedCharacterIterator$Attribute (java.base@11.0.2)
1622:             1             48  java.text.AttributedString$AttributedStringIterator (java.base@11.0.2)
1623:             1             48  java.text.RuleBasedCollator (java.base@11.0.2)
1624:             3             48  java.util.Base64$Decoder (java.base@11.0.2)
1625:             2             48  java.util.Collections$SynchronizedCollection (java.base@11.0.2)
1626:             3             48  java.util.IdentityHashMap$KeySet (java.base@11.0.2)
1627:             3             48  java.util.ResourceBundle$NoFallbackControl (java.base@11.0.2)
1628:             1             48  java.util.concurrent.ConcurrentSkipListMap (java.base@11.0.2)
1629:             2             48  java.util.concurrent.ConcurrentSkipListMap$Node (java.base@11.0.2)
1630:             2             48  java.util.logging.Logger$LoggerBundle (java.logging@11.0.2)
1631:             2             48  java.util.logging.LoggingPermission (java.logging@11.0.2)
1632:             2             48  javax.crypto.CryptoPermissions (java.base@11.0.2)
1633:             3             48  javax.swing.JTree$TreeModelHandler (java.desktop@11.0.2)
1634:             1             48  javax.swing.TransferHandler$DropHandler (java.desktop@11.0.2)
1635:             3             48  javax.swing.TransferHandler$TransferAction (java.desktop@11.0.2)
1636:             1             48  javax.swing.UIDefaults$TextAndMnemonicHashMap (java.desktop@11.0.2)
1637:             1             48  javax.swing.UIManager$LAFState (java.desktop@11.0.2)
1638:             3             48  javax.swing.event.DocumentEvent$EventType (java.desktop@11.0.2)
1639:             2             48  javax.swing.plaf.BorderUIResource$LineBorderUIResource (java.desktop@11.0.2)
1640:             1             48  javax.swing.plaf.basic.BasicPopupMenuUI$MenuKeyboardHelper (java.desktop@11.0.2)
1641:             1             48  javax.swing.plaf.basic.BasicTextUI$TextTransferHandler (java.desktop@11.0.2)
1642:             3             48  javax.swing.plaf.basic.BasicTreeUI$NodeDimensionsHandler (java.desktop@11.0.2)
1643:             3             48  javax.swing.plaf.metal.MetalBorders$ButtonBorder (java.desktop@11.0.2)
1644:             3             48  javax.swing.plaf.metal.MetalBorders$MenuItemBorder (java.desktop@11.0.2)
1645:             3             48  javax.swing.plaf.metal.MetalTreeUI$LineListener (java.desktop@11.0.2)
1646:             2             48  javax.swing.text.DefaultEditorKit$DefaultKeyTypedAction (java.desktop@11.0.2)
1647:             2             48  javax.swing.text.DefaultEditorKit$DeleteWordAction (java.desktop@11.0.2)
1648:             1             48  javax.swing.text.DefaultStyledDocument$SectionElement (java.desktop@11.0.2)
1649:             3             48  javax.swing.text.DefaultStyledDocument$StyleChangeHandler (java.desktop@11.0.2)
1650:             3             48  javax.swing.text.DefaultStyledDocument$StyleContextChangeHandler (java.desktop@11.0.2)
1651:             1             48  javax.swing.text.html.HTMLEditorKit$InsertHRAction (java.desktop@11.0.2)
1652:             2             48  javax.swing.text.html.StyleSheet$BoxPainter$HorizontalMargin (java.desktop@11.0.2)
1653:             1             48  jdk.internal.jimage.ImageHeader (java.base@11.0.2)
1654:             3             48  jdk.internal.loader.ClassLoaderValue (java.base@11.0.2)
1655:             2             48  jdk.internal.misc.Signal$NativeHandler (java.base@11.0.2)
1656:             3             48  jdk.internal.module.ServicesCatalog (java.base@11.0.2)
1657:             1             48  jdk.internal.ref.CleanerImpl$WeakCleanableRef (java.base@11.0.2)
1658:             2             48  sun.awt.MostRecentKeyValue (java.desktop@11.0.2)
1659:             1             48  sun.awt.X11.XCreateWindowParams (java.desktop@11.0.2)
1660:             1             48  sun.awt.X11.XDnDDragSourceProtocol (java.desktop@11.0.2)
1661:             1             48  sun.java2d.SurfaceData$PixelToPgramLoopConverter (java.desktop@11.0.2)
1662:             1             48  sun.java2d.loops.Blit$GeneralMaskBlit (java.desktop@11.0.2)
1663:             1             48  sun.java2d.loops.TransformBlit (java.desktop@11.0.2)
1664:             3             48  sun.java2d.pipe.SpanClipRenderer (java.desktop@11.0.2)
1665:             1             48  sun.java2d.xr.XRMaskImage (java.desktop@11.0.2)
1666:             2             48  sun.nio.cs.EUC_KR (java.base@11.0.2)
1667:             2             48  sun.nio.cs.ext.Big5_HKSCS_2001 (jdk.charsets@11.0.2)
1668:             2             48  sun.nio.cs.ext.IBM037 (jdk.charsets@11.0.2)
1669:             2             48  sun.nio.cs.ext.IBM1006 (jdk.charsets@11.0.2)
1670:             2             48  sun.nio.cs.ext.IBM1025 (jdk.charsets@11.0.2)
1671:             2             48  sun.nio.cs.ext.IBM1026 (jdk.charsets@11.0.2)
1672:             2             48  sun.nio.cs.ext.IBM1046 (jdk.charsets@11.0.2)
1673:             2             48  sun.nio.cs.ext.IBM1047 (jdk.charsets@11.0.2)
1674:             2             48  sun.nio.cs.ext.IBM1097 (jdk.charsets@11.0.2)
1675:             2             48  sun.nio.cs.ext.IBM1098 (jdk.charsets@11.0.2)
1676:             2             48  sun.nio.cs.ext.IBM1112 (jdk.charsets@11.0.2)
1677:             2             48  sun.nio.cs.ext.IBM1122 (jdk.charsets@11.0.2)
1678:             2             48  sun.nio.cs.ext.IBM1123 (jdk.charsets@11.0.2)
1679:             2             48  sun.nio.cs.ext.IBM1124 (jdk.charsets@11.0.2)
1680:             2             48  sun.nio.cs.ext.IBM1140 (jdk.charsets@11.0.2)
1681:             2             48  sun.nio.cs.ext.IBM1141 (jdk.charsets@11.0.2)
1682:             2             48  sun.nio.cs.ext.IBM1142 (jdk.charsets@11.0.2)
1683:             2             48  sun.nio.cs.ext.IBM1143 (jdk.charsets@11.0.2)
1684:             2             48  sun.nio.cs.ext.IBM1144 (jdk.charsets@11.0.2)
1685:             2             48  sun.nio.cs.ext.IBM1145 (jdk.charsets@11.0.2)
1686:             2             48  sun.nio.cs.ext.IBM1146 (jdk.charsets@11.0.2)
1687:             2             48  sun.nio.cs.ext.IBM1147 (jdk.charsets@11.0.2)
1688:             2             48  sun.nio.cs.ext.IBM1148 (jdk.charsets@11.0.2)
1689:             2             48  sun.nio.cs.ext.IBM1149 (jdk.charsets@11.0.2)
1690:             2             48  sun.nio.cs.ext.IBM1166 (jdk.charsets@11.0.2)
1691:             2             48  sun.nio.cs.ext.IBM1364 (jdk.charsets@11.0.2)
1692:             2             48  sun.nio.cs.ext.IBM1381 (jdk.charsets@11.0.2)
1693:             2             48  sun.nio.cs.ext.IBM1383 (jdk.charsets@11.0.2)
1694:             2             48  sun.nio.cs.ext.IBM273 (jdk.charsets@11.0.2)
1695:             2             48  sun.nio.cs.ext.IBM277 (jdk.charsets@11.0.2)
1696:             2             48  sun.nio.cs.ext.IBM278 (jdk.charsets@11.0.2)
1697:             2             48  sun.nio.cs.ext.IBM280 (jdk.charsets@11.0.2)
1698:             2             48  sun.nio.cs.ext.IBM284 (jdk.charsets@11.0.2)
1699:             2             48  sun.nio.cs.ext.IBM285 (jdk.charsets@11.0.2)
1700:             2             48  sun.nio.cs.ext.IBM290 (jdk.charsets@11.0.2)
1701:             2             48  sun.nio.cs.ext.IBM297 (jdk.charsets@11.0.2)
1702:             2             48  sun.nio.cs.ext.IBM300 (jdk.charsets@11.0.2)
1703:             2             48  sun.nio.cs.ext.IBM33722 (jdk.charsets@11.0.2)
1704:             2             48  sun.nio.cs.ext.IBM420 (jdk.charsets@11.0.2)
1705:             2             48  sun.nio.cs.ext.IBM424 (jdk.charsets@11.0.2)
1706:             2             48  sun.nio.cs.ext.IBM500 (jdk.charsets@11.0.2)
1707:             2             48  sun.nio.cs.ext.IBM833 (jdk.charsets@11.0.2)
1708:             2             48  sun.nio.cs.ext.IBM834 (jdk.charsets@11.0.2)
1709:             2             48  sun.nio.cs.ext.IBM838 (jdk.charsets@11.0.2)
1710:             2             48  sun.nio.cs.ext.IBM856 (jdk.charsets@11.0.2)
1711:             2             48  sun.nio.cs.ext.IBM860 (jdk.charsets@11.0.2)
1712:             2             48  sun.nio.cs.ext.IBM861 (jdk.charsets@11.0.2)
1713:             2             48  sun.nio.cs.ext.IBM863 (jdk.charsets@11.0.2)
1714:             2             48  sun.nio.cs.ext.IBM864 (jdk.charsets@11.0.2)
1715:             2             48  sun.nio.cs.ext.IBM865 (jdk.charsets@11.0.2)
1716:             2             48  sun.nio.cs.ext.IBM868 (jdk.charsets@11.0.2)
1717:             2             48  sun.nio.cs.ext.IBM869 (jdk.charsets@11.0.2)
1718:             2             48  sun.nio.cs.ext.IBM870 (jdk.charsets@11.0.2)
1719:             2             48  sun.nio.cs.ext.IBM871 (jdk.charsets@11.0.2)
1720:             2             48  sun.nio.cs.ext.IBM875 (jdk.charsets@11.0.2)
1721:             2             48  sun.nio.cs.ext.IBM918 (jdk.charsets@11.0.2)
1722:             2             48  sun.nio.cs.ext.IBM921 (jdk.charsets@11.0.2)
1723:             2             48  sun.nio.cs.ext.IBM922 (jdk.charsets@11.0.2)
1724:             2             48  sun.nio.cs.ext.IBM930 (jdk.charsets@11.0.2)
1725:             2             48  sun.nio.cs.ext.IBM933 (jdk.charsets@11.0.2)
1726:             2             48  sun.nio.cs.ext.IBM935 (jdk.charsets@11.0.2)
1727:             2             48  sun.nio.cs.ext.IBM937 (jdk.charsets@11.0.2)
1728:             2             48  sun.nio.cs.ext.IBM939 (jdk.charsets@11.0.2)
1729:             2             48  sun.nio.cs.ext.IBM942 (jdk.charsets@11.0.2)
1730:             2             48  sun.nio.cs.ext.IBM942C (jdk.charsets@11.0.2)
1731:             2             48  sun.nio.cs.ext.IBM943 (jdk.charsets@11.0.2)
1732:             2             48  sun.nio.cs.ext.IBM943C (jdk.charsets@11.0.2)
1733:             2             48  sun.nio.cs.ext.IBM948 (jdk.charsets@11.0.2)
1734:             2             48  sun.nio.cs.ext.IBM949 (jdk.charsets@11.0.2)
1735:             2             48  sun.nio.cs.ext.IBM949C (jdk.charsets@11.0.2)
1736:             2             48  sun.nio.cs.ext.IBM950 (jdk.charsets@11.0.2)
1737:             2             48  sun.nio.cs.ext.IBM964 (jdk.charsets@11.0.2)
1738:             2             48  sun.nio.cs.ext.IBM970 (jdk.charsets@11.0.2)
1739:             2             48  sun.nio.cs.ext.ISCII91 (jdk.charsets@11.0.2)
1740:             2             48  sun.nio.cs.ext.ISO2022_CN (jdk.charsets@11.0.2)
1741:             2             48  sun.nio.cs.ext.ISO2022_CN_CNS (jdk.charsets@11.0.2)
1742:             2             48  sun.nio.cs.ext.ISO2022_CN_GB (jdk.charsets@11.0.2)
1743:             2             48  sun.nio.cs.ext.ISO2022_JP (jdk.charsets@11.0.2)
1744:             2             48  sun.nio.cs.ext.ISO2022_JP_2 (jdk.charsets@11.0.2)
1745:             2             48  sun.nio.cs.ext.ISO2022_KR (jdk.charsets@11.0.2)
1746:             2             48  sun.nio.cs.ext.JISAutoDetect (jdk.charsets@11.0.2)
1747:             2             48  sun.nio.cs.ext.JIS_X_0208_MS5022X (jdk.charsets@11.0.2)
1748:             2             48  sun.nio.cs.ext.JIS_X_0212_MS5022X (jdk.charsets@11.0.2)
1749:             2             48  sun.nio.cs.ext.MS1255 (jdk.charsets@11.0.2)
1750:             2             48  sun.nio.cs.ext.MS1256 (jdk.charsets@11.0.2)
1751:             2             48  sun.nio.cs.ext.MS1258 (jdk.charsets@11.0.2)
1752:             2             48  sun.nio.cs.ext.MS50220 (jdk.charsets@11.0.2)
1753:             2             48  sun.nio.cs.ext.MS50221 (jdk.charsets@11.0.2)
1754:             2             48  sun.nio.cs.ext.MS874 (jdk.charsets@11.0.2)
1755:             2             48  sun.nio.cs.ext.MS932_0213 (jdk.charsets@11.0.2)
1756:             2             48  sun.nio.cs.ext.MS936 (jdk.charsets@11.0.2)
1757:             2             48  sun.nio.cs.ext.MS949 (jdk.charsets@11.0.2)
1758:             2             48  sun.nio.cs.ext.MS950 (jdk.charsets@11.0.2)
1759:             2             48  sun.nio.cs.ext.MS950_HKSCS (jdk.charsets@11.0.2)
1760:             2             48  sun.nio.cs.ext.MS950_HKSCS_XP (jdk.charsets@11.0.2)
1761:             2             48  sun.nio.cs.ext.MSISO2022JP (jdk.charsets@11.0.2)
1762:             2             48  sun.nio.cs.ext.MacArabic (jdk.charsets@11.0.2)
1763:             2             48  sun.nio.cs.ext.MacCentralEurope (jdk.charsets@11.0.2)
1764:             2             48  sun.nio.cs.ext.MacCroatian (jdk.charsets@11.0.2)
1765:             2             48  sun.nio.cs.ext.MacCyrillic (jdk.charsets@11.0.2)
1766:             2             48  sun.nio.cs.ext.MacDingbat (jdk.charsets@11.0.2)
1767:             2             48  sun.nio.cs.ext.MacGreek (jdk.charsets@11.0.2)
1768:             2             48  sun.nio.cs.ext.MacHebrew (jdk.charsets@11.0.2)
1769:             2             48  sun.nio.cs.ext.MacIceland (jdk.charsets@11.0.2)
1770:             2             48  sun.nio.cs.ext.MacRoman (jdk.charsets@11.0.2)
1771:             2             48  sun.nio.cs.ext.MacRomania (jdk.charsets@11.0.2)
1772:             2             48  sun.nio.cs.ext.MacSymbol (jdk.charsets@11.0.2)
1773:             2             48  sun.nio.cs.ext.MacThai (jdk.charsets@11.0.2)
1774:             2             48  sun.nio.cs.ext.MacTurkish (jdk.charsets@11.0.2)
1775:             2             48  sun.nio.cs.ext.MacUkraine (jdk.charsets@11.0.2)
1776:             2             48  sun.nio.cs.ext.SJIS_0213 (jdk.charsets@11.0.2)
1777:             2             48  sun.reflect.generics.tree.FormalTypeParameter (java.base@11.0.2)
1778:             2             48  sun.security.jca.ProviderList (java.base@11.0.2)
1779:             2             48  sun.security.jca.ProviderList$3 (java.base@11.0.2)
1780:             3             48  sun.security.provider.NativePRNG (java.base@11.0.2)
1781:             2             48  sun.security.rsa.RSAUtil$KeyType (java.base@11.0.2)
1782:             2             48  sun.security.ssl.Authenticator$MacImpl (java.base@11.0.2)
1783:             2             48  sun.security.ssl.Authenticator$TLS10Mac (java.base@11.0.2)
1784:             2             48  sun.security.ssl.SSLAlgorithmConstraints (java.base@11.0.2)
1785:             3             48  sun.security.ssl.SSLCipher$StreamReadCipherGenerator (java.base@11.0.2)
1786:             3             48  sun.security.ssl.SSLCipher$StreamWriteCipherGenerator (java.base@11.0.2)
1787:             1             48  sun.security.ssl.SSLCipher$T11BlockWriteCipherGenerator$BlockWriteCipher (java.base@11.0.2)
1788:             1             48  sun.security.ssl.SSLContextImpl$TLSContext (java.base@11.0.2)
1789:             2             48  sun.security.util.BitArray (java.base@11.0.2)
1790:             2             48  sun.security.util.Cache$EqualByteArray (java.base@11.0.2)
1791:             3             48  sun.security.util.DisabledAlgorithmConstraints$Constraints (java.base@11.0.2)
1792:             2             48  sun.security.util.DisabledAlgorithmConstraints$UsageConstraint (java.base@11.0.2)
1793:             2             48  sun.security.util.DisabledAlgorithmConstraints$jdkCAConstraint (java.base@11.0.2)
1794:             2             48  sun.security.x509.CertificateExtensions (java.base@11.0.2)
1795:             2             48  sun.security.x509.CertificateValidity (java.base@11.0.2)
1796:             2             48  sun.swing.ImageCache (java.desktop@11.0.2)
1797:             2             48  sun.util.locale.provider.CurrencyNameProviderImpl (java.base@11.0.2)
1798:             3             48  sun.util.resources.LocaleData (java.base@11.0.2)
1799:             1             48  sun.util.resources.cldr.CurrencyNames (java.base@11.0.2)
1800:             1             48  sun.util.resources.cldr.CurrencyNames_en (java.base@11.0.2)
1801:             1             48  sun.util.resources.cldr.TimeZoneNames (java.base@11.0.2)
1802:             1             48  sun.util.resources.cldr.TimeZoneNames_en (java.base@11.0.2)
1803:             1             48  sun.util.resources.cldr.ext.CurrencyNames_en_001 (jdk.localedata@11.0.2)
1804:             1             48  sun.util.resources.cldr.ext.CurrencyNames_en_NZ (jdk.localedata@11.0.2)
1805:             1             40  [Ladams.core.BasicDateTimeType;
1806:             1             40  [Ladams.core.BusinessDays;
1807:             1             40  [Ladams.core.ObjectCopyHelper$CopyType;
1808:             1             40  [Ladams.core.XPathResult;
1809:             1             40  [Ladams.core.io.MessageDigestType;
1810:             1             40  [Ladams.data.statistics.ArrayHistogram$BinCalculation;
1811:             1             40  [Ladams.flow.control.PlotContainerUpdater$PlotContainerValue;
1812:             1             40  [Ladams.flow.core.VariableValueType;
1813:             1             40  [Ladams.flow.execution.ExecutionStage;
1814:             1             40  [Ladams.flow.execution.debug.View;
1815:             1             40  [Ladams.gui.event.PaintEvent$PaintMoment;
1816:             1             40  [Ladams.gui.event.UndoEvent$UndoType;
1817:             1             40  [Ladams.gui.flow.FlowMultiPagePane$FlowPanelFilter;
1818:             1             40  [Ljava.lang.invoke.StringConcatFactory$Strategy; (java.base@11.0.2)
1819:             1             40  [Ljava.lang.invoke.VarHandle$AccessType; (java.base@11.0.2)
1820:             1             40  [Ljava.util.stream.StreamOpFlag; (java.base@11.0.2)
1821:             1             40  [Ljavax.net.ssl.SSLEngineResult$HandshakeStatus; (java.base@11.0.2)
1822:             1             40  [Ljavax.swing.plaf.FontUIResource; (java.desktop@11.0.2)
1823:             1             40  [Lsun.awt.OSInfo$OSType; (java.desktop@11.0.2)
1824:             2             40  [Lsun.awt.X11.XAtom; (java.desktop@11.0.2)
1825:             1             40  [Lsun.font.FontDesignMetrics; (java.desktop@11.0.2)
1826:             1             40  [Lsun.java2d.loops.RenderLoops; (java.desktop@11.0.2)
1827:             1             40  [Lsun.java2d.loops.SurfaceType; (java.desktop@11.0.2)
1828:             1             40  [Lsun.security.ssl.CipherSuite$MacAlg; (java.base@11.0.2)
1829:             1             40  [Lsun.security.ssl.ContentType; (java.base@11.0.2)
1830:             1             40  [Lsun.security.ssl.SSLKeyExchange$T12KeyAgreement; (java.base@11.0.2)
1831:             1             40  [Lsun.security.ssl.X509Authentication; (java.base@11.0.2)
1832:             1             40  [Lsun.security.util.DisabledAlgorithmConstraints$Constraint$Operator; (java.base@11.0.2)
1833:             1             40  [Lsun.swing.SwingUtilities2$LSBCacheEntry; (java.desktop@11.0.2)
1834:             1             40  [Lsun.util.locale.provider.LocaleProviderAdapter$Type; (java.base@11.0.2)
1835:             1             40  [[Ljava.lang.invoke.LambdaForm$Name; (java.base@11.0.2)
1836:             1             40  [[[I (java.base@11.0.2)
1837:             1             40  [[[Lsun.awt.FontDescriptor; (java.desktop@11.0.2)
1838:             1             40  [[[S (java.base@11.0.2)
1839:             1             40  adams.core.Variables
1840:             1             40  adams.core.option.Conversion
1841:             1             40  adams.flow.control.IfThenElse$IfThenElseDirector
1842:             1             40  adams.flow.standalone.CallableActors$CallableActorsDirector
1843:             1             40  adams.gui.core.MultiPagePane$PageContainer
1844:             1             40  adams.gui.flow.menu.FileExport
1845:             1             40  adams.gui.flow.menu.FileImport
1846:             1             40  adams.gui.flow.tree.Renderer$ActorIcon
1847:             1             40  adams.gui.flow.tree.Renderer$DisabledIcon
1848:             1             40  com.mysql.jdbc.StandardSocketFactory
1849:             1             40  com.sun.beans.introspect.ClassInfo$1 (java.desktop@11.0.2)
1850:             1             40  com.sun.management.internal.DiagnosticCommandImpl (jdk.management@11.0.2)
1851:             1             40  com.sun.swing.internal.plaf.basic.resources.basic (java.desktop@11.0.2)
1852:             1             40  com.sun.swing.internal.plaf.metal.resources.metal (java.desktop@11.0.2)
1853:             1             40  java.awt.BasicStroke (java.desktop@11.0.2)
1854:             1             40  java.awt.datatransfer.SystemFlavorMap (java.datatransfer@11.0.2)
1855:             1             40  java.beans.WeakIdentityMap$Entry (java.desktop@11.0.2)
1856:             1             40  java.io.BufferedInputStream (java.base@11.0.2)
1857:             1             40  java.lang.ArithmeticException (java.base@11.0.2)
1858:             1             40  java.lang.NullPointerException (java.base@11.0.2)
1859:             1             40  java.lang.invoke.MethodHandleImpl$IntrinsicMethodHandle (java.base@11.0.2)
1860:             1             40  java.lang.invoke.VarHandleObjects$Array (java.base@11.0.2)
1861:             1             40  java.net.InetAddress$CachedAddresses (java.base@11.0.2)
1862:             1             40  java.text.RBCollationTables (java.base@11.0.2)
1863:             1             40  java.util.PropertyResourceBundle (java.base@11.0.2)
1864:             1             40  java.util.ResourceBundle$2 (java.base@11.0.2)
1865:             1             40  java.util.ServiceLoader$LazyClassPathLookupIterator (java.base@11.0.2)
1866:             1             40  java.util.SimpleTimeZone$Cache (java.base@11.0.2)
1867:             1             40  java.util.concurrent.CompletableFuture$UniHandle (java.base@11.0.2)
1868:             1             40  java.util.regex.Pattern$Loop (java.base@11.0.2)
1869:             1             40  javax.crypto.CryptoAllPermission (java.base@11.0.2)
1870:             1             40  javax.swing.LayoutFocusTraversalPolicy (java.desktop@11.0.2)
1871:             1             40  javax.swing.SwingWorker$2 (java.desktop@11.0.2)
1872:             1             40  javax.swing.plaf.basic.BasicTextPaneUI (java.desktop@11.0.2)
1873:             1             40  javax.swing.plaf.basic.BasicTextUI$BasicCursor (java.desktop@11.0.2)
1874:             1             40  javax.swing.plaf.metal.MetalButtonUI (java.desktop@11.0.2)
1875:             1             40  javax.swing.plaf.metal.MetalToggleButtonUI (java.desktop@11.0.2)
1876:             1             40  javax.swing.plaf.metal.MetalToolBarUI$MetalDockingListener (java.desktop@11.0.2)
1877:             1             40  javax.swing.text.JTextComponent$4 (java.desktop@11.0.2)
1878:             1             40  jdk.internal.loader.URLClassPath (java.base@11.0.2)
1879:             1             40  jdk.internal.ref.Cleaner (java.base@11.0.2)
1880:             1             40  jdk.internal.ref.CleanerImpl$CleanerCleanable (java.base@11.0.2)
1881:             1             40  nz.ac.waikato.cms.locator.ClassLocator
1882:             1             40  sun.awt.AWTAutoShutdown (java.desktop@11.0.2)
1883:             1             40  sun.awt.X11.XMSelection (java.desktop@11.0.2)
1884:             1             40  sun.awt.resources.awt (java.desktop@11.0.2)
1885:             1             40  sun.java2d.SurfaceDataProxy$1 (java.desktop@11.0.2)
1886:             1             40  sun.nio.cs.StandardCharsets$Aliases (java.base@11.0.2)
1887:             1             40  sun.nio.cs.StandardCharsets$Cache (java.base@11.0.2)
1888:             1             40  sun.nio.cs.StandardCharsets$Classes (java.base@11.0.2)
1889:             1             40  sun.nio.cs.US_ASCII$Decoder (java.base@11.0.2)
1890:             1             40  sun.security.ssl.Plaintext (java.base@11.0.2)
1891:             1             40  sun.security.ssl.SSLCipher$T11BlockReadCipherGenerator$BlockReadCipher (java.base@11.0.2)
1892:             1             40  sun.text.IntHashtable (java.base@11.0.2)
1893:             1             40  sun.text.UCompactIntArray (java.base@11.0.2)
1894:             1             40  sun.text.normalizer.Trie2$UTrie2Header (java.base@11.0.2)
1895:             1             40  sun.text.resources.BreakIteratorInfo (java.base@11.0.2)
1896:             1             40  sun.text.resources.BreakIteratorResources (java.base@11.0.2)
1897:             1             40  sun.text.resources.CollationData (java.base@11.0.2)
1898:             1             40  sun.text.resources.cldr.FormatData (java.base@11.0.2)
1899:             1             40  sun.text.resources.cldr.FormatData_en (java.base@11.0.2)
1900:             1             40  sun.text.resources.cldr.ext.FormatData_en_001 (jdk.localedata@11.0.2)
1901:             1             40  sun.text.resources.cldr.ext.FormatData_en_NZ (jdk.localedata@11.0.2)
1902:             1             40  sun.util.resources.Bundles$1 (java.base@11.0.2)
1903:             1             40  sun.util.resources.cldr.CalendarData (java.base@11.0.2)
1904:             1             32  [Ladams.core.AutoOnOff;
1905:             1             32  [Ladams.core.ShorteningType;
1906:             1             32  [Ladams.core.TriState;
1907:             1             32  [Ladams.core.io.lister.Sorting;
1908:             1             32  [Ladams.data.RoundingType;
1909:             1             32  [Ladams.data.io.input.AbstractFlowReader$InputType;
1910:             1             32  [Ladams.data.report.DataType;
1911:             1             32  [Ladams.data.report.FieldType;
1912:             1             32  [Ladams.data.sequence.XYSequencePointComparator$Comparison;
1913:             1             32  [Ladams.event.DatabaseConnectionChangeEvent$EventType;
1914:             1             32  [Ladams.event.VariableChangeEvent$Type;
1915:             1             32  [Ladams.flow.container.SequencePlotterContainer$ContentType;
1916:             1             32  [Ladams.flow.control.ForceFlush$FlushScope;
1917:             1             32  [Ladams.flow.control.Injector$Location;
1918:             1             32  [Ladams.flow.control.ScopeHandler$ScopeHandling;
1919:             1             32  [Ladams.flow.core.ActorExecution;
1920:             1             32  [Ladams.flow.core.ObjectRetriever$RetrievalType;
1921:             1             32  [Ladams.flow.core.ReportUpdateType;
1922:             1             32  [Ladams.flow.source.DumpStorage$OutputType;
1923:             1             32  [Ladams.flow.source.DumpVariables$OutputType;
1924:             1             32  [Ladams.flow.source.Exec$OutputType;
1925:             1             32  [Ladams.flow.source.NewList$QuoteType;
1926:             1             32  [Ladams.flow.source.SelectDateTime$Type;
1927:             1             32  [Ladams.flow.standalone.ExternalFlow$ExecutionType;
1928:             1             32  [Ladams.flow.transformer.ConvertFeatures$OutputType;
1929:             1             32  [Ladams.flow.transformer.Copy$CopyType;
1930:             1             32  [Ladams.flow.transformer.Diff$DiffType;
1931:             1             32  [Ladams.flow.transformer.IncStorageValue$IncrementType;
1932:             1             32  [Ladams.flow.transformer.IncVariable$IncrementType;
1933:             1             32  [Ladams.flow.transformer.MergeReport$MergeType;
1934:             1             32  [Ladams.flow.transformer.SetMapValue$SourceType;
1935:             1             32  [Ladams.flow.transformer.SetVariable$UpdateType;
1936:             1             32  [Ladams.flow.transformer.StringArraySplit$SplitHandling;
1937:             1             32  [Ladams.flow.transformer.StringSplit$Delimiter;
1938:             1             32  [Ladams.gui.core.ColorHelper$ColorNotation;
1939:             1             32  [Ladams.gui.visualization.core.axis.Visibility;
1940:             1             32  [Ladams.gui.visualization.core.plot.Axis;
1941:             1             32  [Lcom.github.fracpete.processoutput4j.core.StreamingProcessOutputType;
1942:             1             32  [Lcom.sun.beans.util.Cache$Kind; (java.desktop@11.0.2)
1943:             1             32  [Ljava.awt.Dialog$ModalExclusionType; (java.desktop@11.0.2)
1944:             1             32  [Ljava.awt.Dialog$ModalityType; (java.desktop@11.0.2)
1945:             1             32  [Ljava.awt.EventFilter$FilterAction; (java.desktop@11.0.2)
1946:             1             32  [Ljava.awt.Queue; (java.desktop@11.0.2)
1947:             1             32  [Ljava.awt.Window$Type; (java.desktop@11.0.2)
1948:             1             32  [Ljava.awt.image.ColorModel; (java.desktop@11.0.2)
1949:             1             32  [Ljava.lang.OutOfMemoryError; (java.base@11.0.2)
1950:             1             32  [Ljava.lang.ProcessImpl$Platform; (java.base@11.0.2)
1951:             2             32  [Ljava.lang.StackTraceElement; (java.base@11.0.2)
1952:             1             32  [Ljava.lang.ThreadGroup; (java.base@11.0.2)
1953:             1             32  [Ljava.lang.invoke.StringConcatFactory$Mode; (java.base@11.0.2)
1954:             1             32  [Ljava.lang.module.ModuleDescriptor$Modifier; (java.base@11.0.2)
1955:             1             32  [Ljava.lang.module.ModuleDescriptor$Requires$Modifier; (java.base@11.0.2)
1956:             1             32  [Ljava.nio.file.AccessMode; (java.base@11.0.2)
1957:             2             32  [Ljava.security.CodeSigner; (java.base@11.0.2)
1958:             1             32  [Ljava.util.Map; (java.base@11.0.2)
1959:             1             32  [Ljava.util.regex.Pattern$Qtype; (java.base@11.0.2)
1960:             1             32  [Ljava.util.stream.StreamShape; (java.base@11.0.2)
1961:             1             32  [Ljavax.swing.ClientPropertyKey; (java.desktop@11.0.2)
1962:             2             32  [Ljavax.swing.MenuElement; (java.desktop@11.0.2)
1963:             1             32  [Ljavax.swing.SwingWorker$StateValue; (java.desktop@11.0.2)
1964:             1             32  [Ljavax.swing.UIManager$LookAndFeelInfo; (java.desktop@11.0.2)
1965:             1             32  [Ljavax.swing.text.PlainView$FPMethodArgs; (java.desktop@11.0.2)
1966:             1             32  [Ljavax.swing.text.html.CSS$CssValue; (java.desktop@11.0.2)
1967:             1             32  [Ljdk.internal.logger.BootstrapLogger$LoggingBackend; (java.base@11.0.2)
1968:             1             32  [Ljdk.internal.module.IllegalAccessLogger$Mode; (java.base@11.0.2)
1969:             1             32  [Lsun.awt.AppContext$State; (java.desktop@11.0.2)
1970:             1             32  [Lsun.awt.X11.XBaseWindow$InitialiseState; (java.desktop@11.0.2)
1971:             1             32  [Lsun.java2d.StateTrackable$State; (java.desktop@11.0.2)
1972:             1             32  [Lsun.nio.fs.NativeBuffer; (java.base@11.0.2)
1973:             1             32  [Lsun.security.provider.NativePRNG$Variant; (java.base@11.0.2)
1974:             1             32  [Lsun.security.ssl.CipherSuite$HashAlg; (java.base@11.0.2)
1975:             1             32  [Lsun.security.ssl.CipherType; (java.base@11.0.2)
1976:             1             32  [Lsun.security.ssl.ClientAuthType; (java.base@11.0.2)
1977:             1             32  [Lsun.security.ssl.ECPointFormatsExtension$ECPointFormat; (java.base@11.0.2)
1978:             1             32  [Lsun.security.ssl.Finished$VerifyDataScheme; (java.base@11.0.2)
1979:             1             32  [Lsun.security.ssl.SSLMasterKeyDerivation; (java.base@11.0.2)
1980:             1             32  [Lsun.security.ssl.SSLTrafficKeyDerivation; (java.base@11.0.2)
1981:             1             32  [Lsun.text.normalizer.NormalizerBase$Mode; (java.base@11.0.2)
1982:             1             32  [[Ljavax.swing.text.html.CSS$Attribute; (java.desktop@11.0.2)
1983:             2             32  adams.core.DateFormat
1984:             1             32  adams.core.PlaceholderFileHistory
1985:             1             32  adams.core.base.BaseDateTime
1986:             2             32  adams.core.base.BasePassword
1987:             1             32  adams.core.management.LocaleHelper
1988:             1             32  adams.data.textrenderer.DefaultTextRenderer
1989:             1             32  adams.db.Drivers
1990:             2             32  adams.env.ActorSuggestionDefinition
1991:             2             32  adams.env.ActorTemplateSuggestionDefinition
1992:             2             32  adams.env.AdvancedScriptEditorTemplatesDefinition
1993:             2             32  adams.env.BrowserDefinition
1994:             2             32  adams.env.CharsetDefinition
1995:             2             32  adams.env.ClassListerBlacklistDefinition
1996:             2             32  adams.env.ClassListerDefinition
1997:             2             32  adams.env.ConditionsDefinition
1998:             2             32  adams.env.ConversionDefinition
1999:             2             32  adams.env.DatabaseConnectionDefinition
2000:             2             32  adams.env.DbBackendDefinition
2001:             2             32  adams.env.DriversDefinition
2002:             2             32  adams.env.ExternalActorSuggestionDefinition
2003:             2             32  adams.env.FlowControlCenterPanelDefinition
2004:             2             32  adams.env.FlowDefinition
2005:             2             32  adams.env.FlowEditorPanelDefinition
2006:             2             32  adams.env.FlowEditorPanelMenuDefinition
2007:             2             32  adams.env.FlowEditorTreePopupMenuDefinition
2008:             2             32  adams.env.FlowRunnerPanelDefinition
2009:             2             32  adams.env.GOEBlacklistDefinition
2010:             2             32  adams.env.GOEEditorsDefinition
2011:             2             32  adams.env.GUIHelperDefinition
2012:             2             32  adams.env.ImageViewerPanelDefinition
2013:             2             32  adams.env.JVisualVMDefinition
2014:             2             32  adams.env.JenericCmdlineDefinition
2015:             2             32  adams.env.LocaleDefinition
2016:             2             32  adams.env.LogEntryDBViewerPanelDefinition
2017:             2             32  adams.env.LogEntryDefinition
2018:             2             32  adams.env.LogEntryViewerPanelDefinition
2019:             2             32  adams.env.MemoryMonitorDefinition
2020:             2             32  adams.env.ModuleDefinition
2021:             2             32  adams.env.NewInstanceDefinition
2022:             2             32  adams.env.OptionsDefinition
2023:             2             32  adams.env.PerformanceDefinition
2024:             2             32  adams.env.PlaceholdersDefinition
2025:             2             32  adams.env.PreviewBrowserPanelDefinition
2026:             2             32  adams.env.ProxyDefinition
2027:             2             32  adams.env.ScriptingDialogDefinition
2028:             2             32  adams.env.ScriptingEngineDefinition
2029:             2             32  adams.env.ScriptingLoggerDefinition
2030:             2             32  adams.env.SequenceViewerDefinition
2031:             2             32  adams.env.SimpleScriptEditorTemplatesDefinition
2032:             2             32  adams.env.TableDefinition
2033:             2             32  adams.env.TimeZoneDefinition
2034:             2             32  adams.env.WineDefinition
2035:             1             32  adams.flow.control.RunningFlowsRegistry
2036:             2             32  adams.gui.core.AbstractDoubleClickableComponentWithButtons$1
2037:             2             32  adams.gui.core.BaseListWithButtons$1
2038:             2             32  adams.gui.core.BaseListWithButtons$2
2039:             2             32  adams.gui.core.BrowserHelper$DefaultHyperlinkListener
2040:             2             32  adams.gui.flow.FlowPanel$$Lambda$222/0x00000001009b5840
2041:             2             32  adams.gui.flow.FlowPanel$$Lambda$223/0x00000001009b5c40
2042:             2             32  adams.gui.flow.FlowPanel$$Lambda$224/0x00000001009b5040
2043:             2             32  adams.gui.flow.FlowPanel$$Lambda$231/0x00000001009b3c40
2044:             2             32  adams.gui.flow.FlowPanelNotificationArea$$Lambda$229/0x00000001009b4440
2045:             2             32  adams.gui.flow.FlowPanelNotificationArea$$Lambda$230/0x00000001009b3840
2046:             1             32  adams.gui.flow.menu.ActiveClearGraphicalOutput
2047:             1             32  adams.gui.flow.menu.ActiveDebug
2048:             1             32  adams.gui.flow.menu.ActiveDisplayErrors
2049:             1             32  adams.gui.flow.menu.ActiveGC
2050:             1             32  adams.gui.flow.menu.ActiveHeadless
2051:             1             32  adams.gui.flow.menu.ActiveKill
2052:             1             32  adams.gui.flow.menu.ActivePauseResume
2053:             1             32  adams.gui.flow.menu.ActiveRun
2054:             1             32  adams.gui.flow.menu.ActiveStop
2055:             1             32  adams.gui.flow.menu.ActiveStorage
2056:             1             32  adams.gui.flow.menu.ActiveValidateSetup
2057:             1             32  adams.gui.flow.menu.ActiveVariables
2058:             1             32  adams.gui.flow.menu.EditCheckVariables
2059:             1             32  adams.gui.flow.menu.EditCleanUpFlow
2060:             1             32  adams.gui.flow.menu.EditClearClipboard
2061:             1             32  adams.gui.flow.menu.EditDiff
2062:             1             32  adams.gui.flow.menu.EditEnableUndo
2063:             1             32  adams.gui.flow.menu.EditFind
2064:             1             32  adams.gui.flow.menu.EditIgnoreNameChanges
2065:             1             32  adams.gui.flow.menu.EditInteractiveActors
2066:             1             32  adams.gui.flow.menu.EditListTODOs
2067:             1             32  adams.gui.flow.menu.EditLocateActor
2068:             1             32  adams.gui.flow.menu.EditLocateStorageName
2069:             1             32  adams.gui.flow.menu.EditLocateVariable
2070:             1             32  adams.gui.flow.menu.EditProcessActors
2071:             1             32  adams.gui.flow.menu.EditRedo
2072:             1             32  adams.gui.flow.menu.EditTimedActors
2073:             1             32  adams.gui.flow.menu.EditUndo
2074:             1             32  adams.gui.flow.menu.FileCheckOnSave
2075:             1             32  adams.gui.flow.menu.FileClose
2076:             1             32  adams.gui.flow.menu.FileClosePage
2077:             1             32  adams.gui.flow.menu.FileNewFlow
2078:             1             32  adams.gui.flow.menu.FileNewFromClipboard
2079:             1             32  adams.gui.flow.menu.FileOpen
2080:             1             32  adams.gui.flow.menu.FileProperties
2081:             1             32  adams.gui.flow.menu.FileRevert
2082:             1             32  adams.gui.flow.menu.FileSave
2083:             1             32  adams.gui.flow.menu.FileSaveAs
2084:             1             32  adams.gui.flow.menu.HelpActors
2085:             1             32  adams.gui.flow.menu.HelpBooleanExpression
2086:             1             32  adams.gui.flow.menu.HelpMathematicalExpression
2087:             1             32  adams.gui.flow.menu.HelpStringExpression
2088:             1             32  adams.gui.flow.menu.HelpVariables
2089:             1             32  adams.gui.flow.menu.RunClearGraphicalOutput
2090:             1             32  adams.gui.flow.menu.RunDebug
2091:             1             32  adams.gui.flow.menu.RunDisableAllBreakpoints
2092:             1             32  adams.gui.flow.menu.RunDisplayErrors
2093:             1             32  adams.gui.flow.menu.RunEnableAllBreakpoints
2094:             1             32  adams.gui.flow.menu.RunGC
2095:             1             32  adams.gui.flow.menu.RunHeadless
2096:             1             32  adams.gui.flow.menu.RunKill
2097:             1             32  adams.gui.flow.menu.RunPauseResume
2098:             1             32  adams.gui.flow.menu.RunRemoveAllBreakpoints
2099:             1             32  adams.gui.flow.menu.RunRun
2100:             1             32  adams.gui.flow.menu.RunStop
2101:             1             32  adams.gui.flow.menu.RunStorage
2102:             1             32  adams.gui.flow.menu.RunValidateSetup
2103:             1             32  adams.gui.flow.menu.RunVariables
2104:             1             32  adams.gui.flow.menu.ViewFullExpansion
2105:             1             32  adams.gui.flow.menu.ViewRedraw
2106:             1             32  adams.gui.flow.menu.ViewShowAnnotations
2107:             1             32  adams.gui.flow.menu.ViewShowInputOutput
2108:             1             32  adams.gui.flow.menu.ViewShowQuickInfo
2109:             1             32  adams.gui.flow.menu.ViewShowSource
2110:             1             32  adams.gui.flow.menu.ViewShowToolbar
2111:             1             32  adams.gui.flow.menu.ViewStatistics
2112:             1             32  adams.gui.flow.menu.ViewZoom
2113:             1             32  adams.gui.flow.menu.WindowDuplicateInTab
2114:             1             32  adams.gui.flow.menu.WindowDuplicateInWindow
2115:             1             32  adams.gui.flow.menu.WindowMoveToNewWindow
2116:             1             32  adams.gui.flow.menu.WindowNew
2117:             2             32  adams.gui.flow.tree.Tree$$Lambda$220/0x00000001009b6040
2118:             2             32  adams.gui.flow.tree.Tree$1
2119:             2             32  adams.gui.flow.tree.Tree$2
2120:             1             32  adams.gui.flow.tree.annotations.PlainText
2121:             1             32  adams.gui.scripting.ScriptingLogger
2122:             1             32  com.jidesoft.plaf.metal.MetalPainter
2123:             1             32  com.jidesoft.plaf.vsnet.ResizeFrameBorder
2124:             1             32  com.jidesoft.utils.SystemInfo$JavaVersion
2125:             2             32  com.mysql.jdbc.Driver
2126:             1             32  com.mysql.jdbc.ExportControlled$StandardSSLSocketFactory
2127:             1             32  com.mysql.jdbc.ExportControlled$X509TrustManagerWrapper
2128:             1             32  com.mysql.jdbc.JDBC4DatabaseMetaData
2129:             1             32  com.mysql.jdbc.NonRegisteringDriver$ConnectionPhantomReference
2130:             1             32  com.mysql.jdbc.authentication.Sha256PasswordPlugin
2131:             1             32  com.sun.beans.finder.PropertyEditorFinder (java.desktop@11.0.2)
2132:             2             32  java.awt.RenderingHints (java.desktop@11.0.2)
2133:             1             32  java.awt.color.ICC_ProfileRGB (java.desktop@11.0.2)
2134:             2             32  java.awt.datatransfer.SystemFlavorMap$SoftCache (java.datatransfer@11.0.2)
2135:             1             32  java.beans.ThreadGroupContext (java.desktop@11.0.2)
2136:             1             32  java.beans.ThreadGroupContext$1 (java.desktop@11.0.2)
2137:             1             32  java.io.UnixFileSystem (java.base@11.0.2)
2138:             2             32  java.lang.Boolean (java.base@11.0.2)
2139:             2             32  java.lang.ClassValue$Identity (java.base@11.0.2)
2140:             1             32  java.lang.ProcessBuilder (java.base@11.0.2)
2141:             1             32  java.lang.ProcessHandleImpl$1 (java.base@11.0.2)
2142:             1             32  java.lang.ProcessImpl$ProcessPipeOutputStream (java.base@11.0.2)
2143:             2             32  java.lang.Shutdown$Lock (java.base@11.0.2)
2144:             1             32  java.lang.module.ModuleDescriptor$Version (java.base@11.0.2)
2145:             1             32  java.net.InetAddress$CachedLocalHost (java.base@11.0.2)
2146:             2             32  java.nio.ByteOrder (java.base@11.0.2)
2147:             1             32  java.nio.DirectByteBuffer$Deallocator (java.base@11.0.2)
2148:             2             32  java.nio.file.attribute.PosixFilePermissions$1 (java.base@11.0.2)
2149:             2             32  java.security.spec.NamedParameterSpec (java.base@11.0.2)
2150:             1             32  java.text.AttributedString (java.base@11.0.2)
2151:             1             32  java.text.DontCareFieldPosition (java.base@11.0.2)
2152:             1             32  java.util.AbstractList$RandomAccessSubList (java.base@11.0.2)
2153:             2             32  java.util.Collections$ReverseComparator2 (java.base@11.0.2)
2154:             2             32  java.util.Collections$UnmodifiableCollection (java.base@11.0.2)
2155:             2             32  java.util.IdentityHashMap$Values (java.base@11.0.2)
2156:             2             32  java.util.LinkedHashMap$LinkedValues (java.base@11.0.2)
2157:             2             32  java.util.Optional (java.base@11.0.2)
2158:             1             32  java.util.PriorityQueue (java.base@11.0.2)
2159:             1             32  java.util.Random (java.base@11.0.2)
2160:             2             32  java.util.ResourceBundle$SingleFormatControl (java.base@11.0.2)
2161:             1             32  java.util.ServiceLoader$ModuleServicesLookupIterator (java.base@11.0.2)
2162:             1             32  java.util.concurrent.DelayQueue (java.base@11.0.2)
2163:             1             32  java.util.concurrent.SynchronousQueue (java.base@11.0.2)
2164:             1             32  java.util.concurrent.ThreadLocalRandom (java.base@11.0.2)
2165:             1             32  java.util.concurrent.atomic.AtomicReferenceFieldUpdater$AtomicReferenceFieldUpdaterImpl (java.base@11.0.2)
2166:             1             32  java.util.concurrent.atomic.LongAdder (java.base@11.0.2)
2167:             1             32  java.util.logging.LogManager$SystemLoggerContext (java.logging@11.0.2)
2168:             1             32  java.util.regex.Pattern$NotBehind (java.base@11.0.2)
2169:             2             32  javax.swing.JTree$TreeSelectionRedirector (java.desktop@11.0.2)
2170:             1             32  javax.swing.PopupFactory$LightWeightPopup (java.desktop@11.0.2)
2171:             1             32  javax.swing.SwingContainerOrderFocusTraversalPolicy (java.desktop@11.0.2)
2172:             1             32  javax.swing.SwingDefaultFocusTraversalPolicy (java.desktop@11.0.2)
2173:             1             32  javax.swing.TransferHandler$TransferSupport (java.desktop@11.0.2)
2174:             1             32  javax.swing.plaf.BorderUIResource$EmptyBorderUIResource (java.desktop@11.0.2)
2175:             1             32  javax.swing.plaf.basic.BasicBorders$RolloverMarginBorder (java.desktop@11.0.2)
2176:             1             32  javax.swing.plaf.basic.BasicToolBarUI$Handler (java.desktop@11.0.2)
2177:             1             32  javax.swing.plaf.basic.BasicTreeUI$TreeTransferHandler (java.desktop@11.0.2)
2178:             1             32  javax.swing.plaf.metal.BumpBuffer (java.desktop@11.0.2)
2179:             2             32  javax.swing.plaf.metal.MetalBorders$ScrollPaneBorder (java.desktop@11.0.2)
2180:             1             32  javax.swing.plaf.metal.MetalLookAndFeel (java.desktop@11.0.2)
2181:             1             32  javax.swing.text.DefaultEditorKit$SelectLineAction (java.desktop@11.0.2)
2182:             1             32  javax.swing.text.DefaultEditorKit$SelectParagraphAction (java.desktop@11.0.2)
2183:             1             32  javax.swing.text.DefaultEditorKit$SelectWordAction (java.desktop@11.0.2)
2184:             2             32  javax.swing.text.Position$Bias (java.desktop@11.0.2)
2185:             1             32  javax.swing.text.SegmentCache$CachedSegment (java.desktop@11.0.2)
2186:             2             32  javax.swing.text.StyleConstants$ColorConstants (java.desktop@11.0.2)
2187:             1             32  javax.swing.text.StyledEditorKit (java.desktop@11.0.2)
2188:             1             32  javax.swing.text.StyledEditorKit$StyledInsertBreakAction (java.desktop@11.0.2)
2189:             2             32  javax.swing.text.html.CSSBorder$DottedDashedPainter (java.desktop@11.0.2)
2190:             2             32  javax.swing.text.html.CSSBorder$GrooveRidgePainter (java.desktop@11.0.2)
2191:             2             32  javax.swing.text.html.CSSBorder$InsetOutsetPainter (java.desktop@11.0.2)
2192:             2             32  javax.swing.text.html.CSSBorder$NullPainter (java.desktop@11.0.2)
2193:             1             32  jdk.internal.module.IllegalAccessLogger (java.base@11.0.2)
2194:             1             32  jdk.internal.ref.CleanerImpl (java.base@11.0.2)
2195:             1             32  sun.awt.PostEventQueue (java.desktop@11.0.2)
2196:             2             32  sun.awt.SunDisplayChanger (java.desktop@11.0.2)
2197:             1             32  sun.awt.X11.XAWTXSettings (java.desktop@11.0.2)
2198:             1             32  sun.awt.X11.XEvent (java.desktop@11.0.2)
2199:             1             32  sun.awt.X11.XGlobalCursorManager (java.desktop@11.0.2)
2200:             1             32  sun.awt.X11.XWM (java.desktop@11.0.2)
2201:             1             32  sun.awt.image.FetcherInfo (java.desktop@11.0.2)
2202:             1             32  sun.font.XRTextRenderer (java.desktop@11.0.2)
2203:             1             32  sun.java2d.cmm.ProfileDeferralInfo (java.desktop@11.0.2)
2204:             2             32  sun.java2d.pipe.SpanShapeRenderer$Composite (java.desktop@11.0.2)
2205:             1             32  sun.java2d.xr.GrowableEltArray (java.desktop@11.0.2)
2206:             1             32  sun.java2d.xr.XRSolidSrcPict (java.desktop@11.0.2)
2207:             1             32  sun.nio.cs.StandardCharsets (java.base@11.0.2)
2208:             2             32  sun.nio.fs.LinuxFileSystemProvider (java.base@11.0.2)
2209:             1             32  sun.nio.fs.NativeBuffer (java.base@11.0.2)
2210:             2             32  sun.reflect.generics.tree.TypeVariableSignature (java.base@11.0.2)
2211:             2             32  sun.security.provider.FileInputStreamPool$UnclosableInputStream (java.base@11.0.2)
2212:             1             32  sun.security.provider.SecureRandom (java.base@11.0.2)
2213:             2             32  sun.security.ssl.AlpnExtension$SHAlpnAbsence (java.base@11.0.2)
2214:             2             32  sun.security.ssl.AlpnExtension$SHAlpnConsumer (java.base@11.0.2)
2215:             2             32  sun.security.ssl.AlpnExtension$SHAlpnProducer (java.base@11.0.2)
2216:             2             32  sun.security.ssl.DHKeyExchange$DHEKAGenerator (java.base@11.0.2)
2217:             2             32  sun.security.ssl.DHKeyExchange$DHEPossessionGenerator (java.base@11.0.2)
2218:             2             32  sun.security.ssl.SSLAlgorithmDecomposer (java.base@11.0.2)
2219:             2             32  sun.security.ssl.SSLCipher$NullReadCipherGenerator (java.base@11.0.2)
2220:             2             32  sun.security.ssl.SSLCipher$NullWriteCipherGenerator (java.base@11.0.2)
2221:             2             32  sun.security.ssl.SSLCipher$T12GcmReadCipherGenerator (java.base@11.0.2)
2222:             2             32  sun.security.ssl.SSLCipher$T12GcmWriteCipherGenerator (java.base@11.0.2)
2223:             2             32  sun.security.ssl.SSLCipher$T13GcmReadCipherGenerator (java.base@11.0.2)
2224:             2             32  sun.security.ssl.SSLCipher$T13GcmWriteCipherGenerator (java.base@11.0.2)
2225:             1             32  sun.security.ssl.SSLSocketImpl$AppInputStream (java.base@11.0.2)
2226:             2             32  sun.security.ssl.ServerHello$T12ServerHelloConsumer (java.base@11.0.2)
2227:             2             32  sun.security.ssl.ServerHello$T13HelloRetryRequestConsumer (java.base@11.0.2)
2228:             2             32  sun.security.ssl.ServerHello$T13ServerHelloConsumer (java.base@11.0.2)
2229:             2             32  sun.security.ssl.SessionId (java.base@11.0.2)
2230:             2             32  sun.security.ssl.SupportedVersionsExtension$SHSupportedVersionsStringizer (java.base@11.0.2)
2231:             2             32  sun.security.x509.CertificateAlgorithmId (java.base@11.0.2)
2232:             2             32  sun.security.x509.CertificateSerialNumber (java.base@11.0.2)
2233:             2             32  sun.security.x509.CertificateVersion (java.base@11.0.2)
2234:             2             32  sun.security.x509.CertificateX509Key (java.base@11.0.2)
2235:             2             32  sun.security.x509.SerialNumber (java.base@11.0.2)
2236:             1             32  sun.text.CompactByteArray (java.base@11.0.2)
2237:             1             24  [Ladams.core.PositionType;
2238:             1             24  [Ladams.core.discovery.NumericValueType;
2239:             1             24  [Ladams.core.io.filechanged.MultiMonitor$CombinationType;
2240:             1             24  [Ladams.core.option.help.HelpFormat;
2241:             1             24  [Ladams.flow.control.CallableActorScreenshot$OutputType;
2242:             1             24  [Ladams.flow.control.Flow$ErrorHandling;
2243:             1             24  [Ladams.flow.control.Injector$DataType;
2244:             1             24  [Ladams.flow.core.StopMode;
2245:             1             24  [Ladams.flow.source.OptionTraverser$TraversalStart;
2246:             1             24  [Ladams.flow.source.SQLIdSupplier$Type;
2247:             1             24  [Ladams.flow.standalone.DeleteStorageValue$MatchingType;
2248:             1             24  [Ladams.flow.standalone.DeleteVariable$MatchingType;
2249:             1             24  [Ladams.flow.standalone.MemoryMonitor$MemoryType;
2250:             1             24  [Ladams.flow.transformer.AbstractDeleteReportValue$MatchType;
2251:             1             24  [Ladams.flow.transformer.AbstractReportDbUpdater$QueryType;
2252:             1             24  [Ladams.flow.transformer.ArrayCombinations$SubsetsType;
2253:             1             24  [Ladams.flow.transformer.ArrayStatisticDataType;
2254:             1             24  [Ladams.flow.transformer.DeleteStorageValue$MatchingType;
2255:             1             24  [Ladams.flow.transformer.DeleteVariable$MatchingType;
2256:             1             24  [Ladams.flow.transformer.MergeReport$SourceType;
2257:             1             24  [Ladams.flow.transformer.SetArrayElement$Origin;
2258:             1             24  [Ladams.flow.transformer.StringArraySplit$RemainderHandling;
2259:             1             24  [Ladams.flow.transformer.StringCut$CutType;
2260:             1             24  [Ladams.flow.transformer.StringRangeCut$Type;
2261:             1             24  [Ladams.gui.core.SearchPanel$LayoutType;
2262:             1             24  [Ladams.gui.event.TabVisibilityChangeEvent$Type;
2263:             1             24  [Ladams.gui.visualization.core.axis.Direction;
2264:             1             24  [Ladams.gui.visualization.core.axis.Orientation;
2265:             1             24  [Ljava.awt.GraphicsDevice; (java.desktop@11.0.2)
2266:             1             24  [Ljava.awt.datatransfer.DataFlavor; (java.datatransfer@11.0.2)
2267:             1             24  [Ljava.io.File$PathStatus; (java.base@11.0.2)
2268:             1             24  [Ljava.io.File; (java.base@11.0.2)
2269:             1             24  [Ljava.net.InetAddress; (java.base@11.0.2)
2270:             1             24  [Ljava.nio.charset.spi.CharsetProvider; (java.base@11.0.2)
2271:             1             24  [Ljava.nio.file.LinkOption; (java.base@11.0.2)
2272:             1             24  [Ljava.security.cert.X509Certificate; (java.base@11.0.2)
2273:             1             24  [Ljava.text.AttributedCharacterIterator$Attribute; (java.base@11.0.2)
2274:             1             24  [Ljava.util.Comparators$NaturalOrderComparator; (java.base@11.0.2)
2275:             1             24  [Ljava.util.Locale$Category; (java.base@11.0.2)
2276:             1             24  [Ljavax.swing.UIDefaults; (java.desktop@11.0.2)
2277:             1             24  [Ljavax.swing.text.html.StyleSheet$BoxPainter$HorizontalMargin; (java.desktop@11.0.2)
2278:             1             24  [Lsun.security.rsa.RSAUtil$KeyType; (java.base@11.0.2)
2279:             1             24  [Lsun.security.ssl.CertStatusExtension$CertStatusRequest; (java.base@11.0.2)
2280:             1             24  [Lsun.security.ssl.CertStatusExtension$CertStatusRequestType; (java.base@11.0.2)
2281:             1             24  [Lsun.security.ssl.EphemeralKeyManager$EphemeralKeyPair; (java.base@11.0.2)
2282:             1             24  adams.core.management.CharsetHelper
2283:             1             24  adams.core.management.TimeZoneHelper
2284:             1             24  adams.core.net.ProxyHelper
2285:             1             24  adams.core.option.NestedFormatHelper$Line
2286:             1             24  adams.db.DatabaseManager
2287:             1             24  adams.gui.flow.multipageaction.CleanUp
2288:             1             24  adams.gui.flow.multipageaction.CompareFlows
2289:             1             24  adams.gui.flow.multipageaction.OpenContainingFolder
2290:             1             24  adams.gui.flow.multipageaction.RenameFlow
2291:             1             24  adams.gui.flow.multipageaction.Revert
2292:             1             24  adams.gui.flow.multipageaction.Windows
2293:             1             24  adams.gui.flow.tab.FlowTabManager$4
2294:             1             24  adams.gui.goe.Favorites
2295:             1             24  adams.gui.goe.GlobalInfoCache
2296:             1             24  adams.gui.menu.ActorUsage
2297:             1             24  adams.gui.menu.ConfigureOptionHandler
2298:             1             24  adams.gui.menu.ConsoleOutputAnalyzer
2299:             1             24  adams.gui.menu.Diff
2300:             1             24  adams.gui.menu.FileCommander
2301:             1             24  adams.gui.menu.FileMonitor
2302:             1             24  adams.gui.menu.FlowEditor
2303:             1             24  adams.gui.menu.FlowRunner
2304:             1             24  adams.gui.menu.ImageViewer
2305:             1             24  adams.gui.menu.TextEditor
2306:             1             24  adams.parser.plugin.Env
2307:             1             24  adams.parser.plugin.Println
2308:             1             24  com.googlecode.jfilechooserbookmarks.DefaultBookmarksManager
2309:             1             24  com.mysql.jdbc.NetworkResources
2310:             1             24  com.mysql.jdbc.authentication.MysqlClearPasswordPlugin
2311:             1             24  com.mysql.jdbc.authentication.MysqlNativePasswordPlugin
2312:             1             24  com.mysql.jdbc.authentication.MysqlOldPasswordPlugin
2313:             1             24  com.sun.beans.util.Cache$Kind$1 (java.desktop@11.0.2)
2314:             1             24  com.sun.beans.util.Cache$Kind$2 (java.desktop@11.0.2)
2315:             1             24  com.sun.beans.util.Cache$Kind$3 (java.desktop@11.0.2)
2316:             1             24  com.sun.crypto.provider.TlsMasterSecretGenerator$TlsMasterSecretKey (java.base@11.0.2)
2317:             1             24  com.sun.imageio.spi.FileImageInputStreamSpi (java.desktop@11.0.2)
2318:             1             24  com.sun.imageio.spi.FileImageOutputStreamSpi (java.desktop@11.0.2)
2319:             1             24  com.sun.imageio.spi.InputStreamImageInputStreamSpi (java.desktop@11.0.2)
2320:             1             24  com.sun.imageio.spi.OutputStreamImageOutputStreamSpi (java.desktop@11.0.2)
2321:             1             24  com.sun.imageio.spi.RAFImageInputStreamSpi (java.desktop@11.0.2)
2322:             1             24  com.sun.imageio.spi.RAFImageOutputStreamSpi (java.desktop@11.0.2)
2323:             1             24  com.sun.management.internal.PlatformMBeanProviderImpl$1 (jdk.management@11.0.2)
2324:             1             24  com.sun.management.internal.PlatformMBeanProviderImpl$2 (jdk.management@11.0.2)
2325:             1             24  com.sun.management.internal.PlatformMBeanProviderImpl$3 (jdk.management@11.0.2)
2326:             1             24  com.sun.management.internal.PlatformMBeanProviderImpl$4 (jdk.management@11.0.2)
2327:             1             24  com.sun.management.internal.PlatformMBeanProviderImpl$5 (jdk.management@11.0.2)
2328:             1             24  java.awt.AWTKeyStroke (java.desktop@11.0.2)
2329:             1             24  java.awt.KeyboardFocusManager$HeavyweightFocusRequest (java.desktop@11.0.2)
2330:             1             24  java.awt.Toolkit$DesktopPropertyChangeSupport (java.desktop@11.0.2)
2331:             1             24  java.awt.VKCollection (java.desktop@11.0.2)
2332:             1             24  java.awt.dnd.DragSource (java.desktop@11.0.2)
2333:             1             24  java.io.ByteArrayOutputStream (java.base@11.0.2)
2334:             1             24  java.lang.ProcessHandleImpl$$Lambda$272/0x0000000100a50040 (java.base@11.0.2)
2335:             1             24  java.lang.ProcessHandleImpl$ExitCompletion (java.base@11.0.2)
2336:             1             24  java.lang.invoke.MethodType$ConcurrentWeakInternSet (java.base@11.0.2)
2337:             1             24  java.lang.invoke.StringConcatFactory$Stringifiers$StringifierAny (java.base@11.0.2)
2338:             1             24  java.lang.invoke.StringConcatFactory$Stringifiers$StringifierMost (java.base@11.0.2)
2339:             1             24  java.lang.management.DefaultPlatformMBeanProvider$1 (java.management@11.0.2)
2340:             1             24  java.lang.management.DefaultPlatformMBeanProvider$10 (java.management@11.0.2)
2341:             1             24  java.lang.management.DefaultPlatformMBeanProvider$11 (java.management@11.0.2)
2342:             1             24  java.lang.management.DefaultPlatformMBeanProvider$2 (java.management@11.0.2)
2343:             1             24  java.lang.management.DefaultPlatformMBeanProvider$3 (java.management@11.0.2)
2344:             1             24  java.lang.management.DefaultPlatformMBeanProvider$4 (java.management@11.0.2)
2345:             1             24  java.lang.management.DefaultPlatformMBeanProvider$5 (java.management@11.0.2)
2346:             1             24  java.lang.management.DefaultPlatformMBeanProvider$6 (java.management@11.0.2)
2347:             1             24  java.lang.management.DefaultPlatformMBeanProvider$7 (java.management@11.0.2)
2348:             1             24  java.lang.management.DefaultPlatformMBeanProvider$8 (java.management@11.0.2)
2349:             1             24  java.lang.management.DefaultPlatformMBeanProvider$9 (java.management@11.0.2)
2350:             1             24  java.math.MutableBigInteger (java.base@11.0.2)
2351:             1             24  java.net.Inet6AddressImpl (java.base@11.0.2)
2352:             1             24  java.net.Proxy (java.base@11.0.2)
2353:             1             24  java.nio.file.LinkOption (java.base@11.0.2)
2354:             1             24  java.text.BreakIterator$BreakIteratorCache (java.base@11.0.2)
2355:             1             24  java.time.Clock$SystemClock (java.base@11.0.2)
2356:             1             24  java.util.Collections$EmptyMap (java.base@11.0.2)
2357:             1             24  java.util.Collections$SynchronizedRandomAccessList (java.base@11.0.2)
2358:             1             24  java.util.Collections$SynchronizedSet (java.base@11.0.2)
2359:             1             24  java.util.Collections$UnmodifiableSortedSet (java.base@11.0.2)
2360:             1             24  java.util.Comparators$NaturalOrderComparator (java.base@11.0.2)
2361:             1             24  java.util.Currency (java.base@11.0.2)
2362:             1             24  java.util.Locale$Cache (java.base@11.0.2)
2363:             1             24  java.util.ResourceBundle$Control$CandidateListCache (java.base@11.0.2)
2364:             1             24  java.util.ServiceLoader$2 (java.base@11.0.2)
2365:             1             24  java.util.concurrent.CompletableFuture (java.base@11.0.2)
2366:             1             24  java.util.concurrent.ConcurrentSkipListMap$Index (java.base@11.0.2)
2367:             1             24  java.util.concurrent.CopyOnWriteArrayList$COWIterator (java.base@11.0.2)
2368:             1             24  java.util.logging.LogManager$LoggerContext (java.logging@11.0.2)
2369:             1             24  java.util.regex.Pattern$Prolog (java.base@11.0.2)
2370:             1             24  java.util.zip.ZipCoder$UTF8 (java.base@11.0.2)
2371:             1             24  javax.crypto.CryptoAllPermissionCollection (java.base@11.0.2)
2372:             1             24  javax.imageio.ImageIO$CacheInfo (java.desktop@11.0.2)
2373:             1             24  javax.swing.DefaultComboBoxModel (java.desktop@11.0.2)
2374:             1             24  javax.swing.JComponent$IntVector (java.desktop@11.0.2)
2375:             1             24  javax.swing.JFormattedTextField$CancelAction (java.desktop@11.0.2)
2376:             1             24  javax.swing.JFormattedTextField$CommitAction (java.desktop@11.0.2)
2377:             1             24  javax.swing.JTextField$NotifyAction (java.desktop@11.0.2)
2378:             1             24  javax.swing.JToolBar$DefaultToolBarLayout (java.desktop@11.0.2)
2379:             1             24  javax.swing.KeyboardManager (java.desktop@11.0.2)
2380:             1             24  javax.swing.MenuSelectionManager (java.desktop@11.0.2)
2381:             1             24  javax.swing.PopupFactory$HeavyWeightPopup (java.desktop@11.0.2)
2382:             1             24  javax.swing.RepaintManager$ProcessingRunnable (java.desktop@11.0.2)
2383:             1             24  javax.swing.SwingWorker$SwingWorkerPropertyChangeSupport (java.desktop@11.0.2)
2384:             1             24  javax.swing.TimerQueue (java.desktop@11.0.2)
2385:             1             24  javax.swing.border.EtchedBorder (java.desktop@11.0.2)
2386:             1             24  javax.swing.plaf.basic.BasicBorders$SplitPaneBorder (java.desktop@11.0.2)
2387:             1             24  javax.swing.plaf.basic.BasicBorders$SplitPaneDividerBorder (java.desktop@11.0.2)
2388:             1             24  javax.swing.plaf.basic.BasicFileChooserUI$FileTransferHandler (java.desktop@11.0.2)
2389:             1             24  javax.swing.plaf.basic.BasicLabelUI (java.desktop@11.0.2)
2390:             1             24  javax.swing.plaf.basic.BasicListUI$ListTransferHandler (java.desktop@11.0.2)
2391:             1             24  javax.swing.plaf.basic.BasicPopupMenuUI$MouseGrabber (java.desktop@11.0.2)
2392:             1             24  javax.swing.plaf.metal.MetalLabelUI (java.desktop@11.0.2)
2393:             1             24  javax.swing.plaf.metal.MetalTabbedPaneUI$TabbedPaneLayout (java.desktop@11.0.2)
2394:             1             24  javax.swing.plaf.metal.MetalUtils$GradientPainter (java.desktop@11.0.2)
2395:             1             24  javax.swing.plaf.metal.OceanTheme$COIcon (java.desktop@11.0.2)
2396:             1             24  javax.swing.text.DefaultEditorKit$BeepAction (java.desktop@11.0.2)
2397:             1             24  javax.swing.text.DefaultEditorKit$CopyAction (java.desktop@11.0.2)
2398:             1             24  javax.swing.text.DefaultEditorKit$CutAction (java.desktop@11.0.2)
2399:             1             24  javax.swing.text.DefaultEditorKit$DeleteNextCharAction (java.desktop@11.0.2)
2400:             1             24  javax.swing.text.DefaultEditorKit$DeletePrevCharAction (java.desktop@11.0.2)
2401:             1             24  javax.swing.text.DefaultEditorKit$DumpModelAction (java.desktop@11.0.2)
2402:             1             24  javax.swing.text.DefaultEditorKit$InsertBreakAction (java.desktop@11.0.2)
2403:             1             24  javax.swing.text.DefaultEditorKit$InsertContentAction (java.desktop@11.0.2)
2404:             1             24  javax.swing.text.DefaultEditorKit$InsertTabAction (java.desktop@11.0.2)
2405:             1             24  javax.swing.text.DefaultEditorKit$PasteAction (java.desktop@11.0.2)
2406:             1             24  javax.swing.text.DefaultEditorKit$ReadOnlyAction (java.desktop@11.0.2)
2407:             1             24  javax.swing.text.DefaultEditorKit$SelectAllAction (java.desktop@11.0.2)
2408:             1             24  javax.swing.text.DefaultEditorKit$ToggleComponentOrientationAction (java.desktop@11.0.2)
2409:             1             24  javax.swing.text.DefaultEditorKit$UnselectAction (java.desktop@11.0.2)
2410:             1             24  javax.swing.text.DefaultEditorKit$WritableAction (java.desktop@11.0.2)
2411:             1             24  javax.swing.text.StyledEditorKit$BoldAction (java.desktop@11.0.2)
2412:             1             24  javax.swing.text.StyledEditorKit$ItalicAction (java.desktop@11.0.2)
2413:             1             24  javax.swing.text.StyledEditorKit$UnderlineAction (java.desktop@11.0.2)
2414:             1             24  javax.swing.text.TabSet (java.desktop@11.0.2)
2415:             1             24  javax.swing.text.html.HTMLEditorKit$ActivateLinkAction (java.desktop@11.0.2)
2416:             1             24  jdk.internal.jimage.ImageReader (java.base@11.0.2)
2417:             1             24  jdk.internal.loader.URLClassPath$FileLoader (java.base@11.0.2)
2418:             1             24  jdk.internal.logger.BootstrapLogger$RedirectedLoggers (java.base@11.0.2)
2419:             1             24  jdk.internal.module.ModuleHashes (java.base@11.0.2)
2420:             1             24  jdk.internal.util.jar.JarIndex (java.base@11.0.2)
2421:             1             24  jdk.management.jfr.internal.FlightRecorderMXBeanProvider$SingleMBeanComponent (jdk.management.jfr@11.0.2)
2422:             1             24  nz.ac.waikato.cms.locator.ClassCache
2423:             1             24  org.apache.commons.math3.random.RandomDataGenerator
2424:             1             24  sun.awt.GlobalCursorManager$NativeUpdater (java.desktop@11.0.2)
2425:             1             24  sun.awt.SunHints$LCDContrastKey (java.desktop@11.0.2)
2426:             1             24  sun.awt.WeakIdentityHashMap (java.desktop@11.0.2)
2427:             1             24  sun.awt.X11.XDropTargetRegistry (java.desktop@11.0.2)
2428:             1             24  sun.awt.X11.XKeyboardFocusManagerPeer (java.desktop@11.0.2)
2429:             1             24  sun.awt.X11.XMSelection$3 (java.desktop@11.0.2)
2430:             1             24  sun.awt.X11GraphicsConfig$X11GCDisposerRecord (java.desktop@11.0.2)
2431:             1             24  sun.awt.X11GraphicsEnvironment (java.desktop@11.0.2)
2432:             1             24  sun.awt.datatransfer.TransferableProxy (java.desktop@11.0.2)
2433:             1             24  sun.awt.util.PerformanceLogger$TimeData (java.desktop@11.0.2)
2434:             1             24  sun.font.CMap$NullCMapClass (java.desktop@11.0.2)
2435:             1             24  sun.font.FontConfigManager$FontConfigInfo (java.desktop@11.0.2)
2436:             1             24  sun.java2d.marlin.DMarlinRenderingEngine$1 (java.desktop@11.0.2)
2437:             1             24  sun.java2d.pipe.AAShapePipe$1 (java.desktop@11.0.2)
2438:             1             24  sun.java2d.xr.GrowableIntArray (java.desktop@11.0.2)
2439:             1             24  sun.java2d.xr.GrowableRectArray (java.desktop@11.0.2)
2440:             1             24  sun.java2d.xr.MaskTile (java.desktop@11.0.2)
2441:             1             24  sun.management.RuntimeImpl (java.management@11.0.2)
2442:             1             24  sun.management.VMManagementImpl (java.management@11.0.2)
2443:             1             24  sun.net.ProgressMonitor (java.base@11.0.2)
2444:             1             24  sun.net.sdp.SdpProvider (java.base@11.0.2)
2445:             1             24  sun.net.www.MimeTable (java.base@11.0.2)
2446:             1             24  sun.net.www.protocol.http.Handler (java.base@11.0.2)
2447:             1             24  sun.nio.ch.Util$BufferCache (java.base@11.0.2)
2448:             1             24  sun.nio.cs.Big5 (java.base@11.0.2)
2449:             1             24  sun.nio.cs.Big5_HKSCS (java.base@11.0.2)
2450:             1             24  sun.nio.cs.Big5_Solaris (java.base@11.0.2)
2451:             1             24  sun.nio.cs.CESU_8 (java.base@11.0.2)
2452:             1             24  sun.nio.cs.EUC_CN (java.base@11.0.2)
2453:             1             24  sun.nio.cs.EUC_JP (java.base@11.0.2)
2454:             1             24  sun.nio.cs.EUC_JP_LINUX (java.base@11.0.2)
2455:             1             24  sun.nio.cs.EUC_JP_Open (java.base@11.0.2)
2456:             1             24  sun.nio.cs.EUC_TW (java.base@11.0.2)
2457:             1             24  sun.nio.cs.GB18030 (java.base@11.0.2)
2458:             1             24  sun.nio.cs.GBK (java.base@11.0.2)
2459:             1             24  sun.nio.cs.IBM437 (java.base@11.0.2)
2460:             1             24  sun.nio.cs.IBM737 (java.base@11.0.2)
2461:             1             24  sun.nio.cs.IBM775 (java.base@11.0.2)
2462:             1             24  sun.nio.cs.IBM850 (java.base@11.0.2)
2463:             1             24  sun.nio.cs.IBM852 (java.base@11.0.2)
2464:             1             24  sun.nio.cs.IBM855 (java.base@11.0.2)
2465:             1             24  sun.nio.cs.IBM857 (java.base@11.0.2)
2466:             1             24  sun.nio.cs.IBM858 (java.base@11.0.2)
2467:             1             24  sun.nio.cs.IBM862 (java.base@11.0.2)
2468:             1             24  sun.nio.cs.IBM866 (java.base@11.0.2)
2469:             1             24  sun.nio.cs.IBM874 (java.base@11.0.2)
2470:             1             24  sun.nio.cs.ISO_8859_1 (java.base@11.0.2)
2471:             1             24  sun.nio.cs.ISO_8859_11 (java.base@11.0.2)
2472:             1             24  sun.nio.cs.ISO_8859_13 (java.base@11.0.2)
2473:             1             24  sun.nio.cs.ISO_8859_15 (java.base@11.0.2)
2474:             1             24  sun.nio.cs.ISO_8859_16 (java.base@11.0.2)
2475:             1             24  sun.nio.cs.ISO_8859_2 (java.base@11.0.2)
2476:             1             24  sun.nio.cs.ISO_8859_3 (java.base@11.0.2)
2477:             1             24  sun.nio.cs.ISO_8859_4 (java.base@11.0.2)
2478:             1             24  sun.nio.cs.ISO_8859_5 (java.base@11.0.2)
2479:             1             24  sun.nio.cs.ISO_8859_6 (java.base@11.0.2)
2480:             1             24  sun.nio.cs.ISO_8859_7 (java.base@11.0.2)
2481:             1             24  sun.nio.cs.ISO_8859_8 (java.base@11.0.2)
2482:             1             24  sun.nio.cs.ISO_8859_9 (java.base@11.0.2)
2483:             1             24  sun.nio.cs.JIS_X_0201 (java.base@11.0.2)
2484:             1             24  sun.nio.cs.JIS_X_0208 (java.base@11.0.2)
2485:             1             24  sun.nio.cs.JIS_X_0212 (java.base@11.0.2)
2486:             1             24  sun.nio.cs.Johab (java.base@11.0.2)
2487:             1             24  sun.nio.cs.KOI8_R (java.base@11.0.2)
2488:             1             24  sun.nio.cs.KOI8_U (java.base@11.0.2)
2489:             1             24  sun.nio.cs.MS1250 (java.base@11.0.2)
2490:             1             24  sun.nio.cs.MS1251 (java.base@11.0.2)
2491:             1             24  sun.nio.cs.MS1252 (java.base@11.0.2)
2492:             1             24  sun.nio.cs.MS1253 (java.base@11.0.2)
2493:             1             24  sun.nio.cs.MS1254 (java.base@11.0.2)
2494:             1             24  sun.nio.cs.MS1257 (java.base@11.0.2)
2495:             1             24  sun.nio.cs.MS932 (java.base@11.0.2)
2496:             1             24  sun.nio.cs.PCK (java.base@11.0.2)
2497:             1             24  sun.nio.cs.SJIS (java.base@11.0.2)
2498:             1             24  sun.nio.cs.TIS_620 (java.base@11.0.2)
2499:             1             24  sun.nio.cs.ThreadLocalCoders$1 (java.base@11.0.2)
2500:             1             24  sun.nio.cs.ThreadLocalCoders$2 (java.base@11.0.2)
2501:             1             24  sun.nio.cs.US_ASCII (java.base@11.0.2)
2502:             1             24  sun.nio.cs.UTF_16 (java.base@11.0.2)
2503:             1             24  sun.nio.cs.UTF_16BE (java.base@11.0.2)
2504:             1             24  sun.nio.cs.UTF_16LE (java.base@11.0.2)
2505:             1             24  sun.nio.cs.UTF_16LE_BOM (java.base@11.0.2)
2506:             1             24  sun.nio.cs.UTF_32 (java.base@11.0.2)
2507:             1             24  sun.nio.cs.UTF_32BE (java.base@11.0.2)
2508:             1             24  sun.nio.cs.UTF_32BE_BOM (java.base@11.0.2)
2509:             1             24  sun.nio.cs.UTF_32LE (java.base@11.0.2)
2510:             1             24  sun.nio.cs.UTF_32LE_BOM (java.base@11.0.2)
2511:             1             24  sun.nio.cs.UTF_8 (java.base@11.0.2)
2512:             1             24  sun.nio.fs.NativeBuffer$Deallocator (java.base@11.0.2)
2513:             1             24  sun.security.ssl.HandshakeHash (java.base@11.0.2)
2514:             1             24  sun.security.ssl.SSLKeyExchange (java.base@11.0.2)
2515:             1             24  sun.security.ssl.SSLSocketImpl$AppOutputStream (java.base@11.0.2)
2516:             1             24  sun.swing.SwingUtilities2$KeyPair (java.desktop@11.0.2)
2517:             1             24  sun.text.normalizer.Norm2AllModes (java.base@11.0.2)
2518:             1             24  sun.text.normalizer.Norm2AllModes$ComposeNormalizer2 (java.base@11.0.2)
2519:             1             24  sun.text.normalizer.Norm2AllModes$Norm2AllModesSingleton (java.base@11.0.2)
2520:             1             24  sun.util.cldr.CLDRCalendarDataProviderImpl (java.base@11.0.2)
2521:             1             24  sun.util.cldr.CLDRTimeZoneNameProviderImpl (java.base@11.0.2)
2522:             1             24  sun.util.locale.BaseLocale$Cache (java.base@11.0.2)
2523:             1             24  sun.util.locale.provider.BreakIteratorProviderImpl (java.base@11.0.2)
2524:             1             24  sun.util.locale.provider.CalendarProviderImpl (java.base@11.0.2)
2525:             1             24  sun.util.locale.provider.CollatorProviderImpl (java.base@11.0.2)
2526:             1             24  sun.util.locale.provider.DateFormatSymbolsProviderImpl (java.base@11.0.2)
2527:             1             24  sun.util.locale.provider.DecimalFormatSymbolsProviderImpl (java.base@11.0.2)
2528:             1             24  sun.util.locale.provider.NumberFormatProviderImpl (java.base@11.0.2)
2529:             1             24  sun.util.locale.provider.TimeZoneNameProviderImpl (java.base@11.0.2)
2530:             1             16  [Ladams.core.base.BaseString;
2531:             1             16  [Ladams.core.io.PlaceholderDirectory;
2532:             1             16  [Ljava.beans.EventSetDescriptor; (java.desktop@11.0.2)
2533:             1             16  [Ljava.lang.Throwable; (java.base@11.0.2)
2534:             1             16  [Ljava.nio.file.attribute.FileAttribute; (java.base@11.0.2)
2535:             1             16  [Ljava.security.Provider; (java.base@11.0.2)
2536:             1             16  [Ljava.security.cert.Certificate; (java.base@11.0.2)
2537:             1             16  [Ljava.text.FieldPosition; (java.base@11.0.2)
2538:             1             16  [Ljava.text.Format$Field; (java.base@11.0.2)
2539:             1             16  [Ljavax.swing.text.Highlighter$Highlight; (java.desktop@11.0.2)
2540:             1             16  adams.core.Placeholders
2541:             1             16  adams.core.StaticClassLister
2542:             1             16  adams.core.io.console.Basic
2543:             1             16  adams.core.logging.LogManager
2544:             1             16  adams.data.id.RuntimeIDGenerator
2545:             1             16  adams.env.Database
2546:             1             16  adams.env.Modules
2547:             1             16  adams.flow.standalone.AbstractMultiView$2
2548:             1             16  adams.flow.standalone.AbstractMultiView$3
2549:             1             16  adams.gui.application.AbstractApplicationFrame$$Lambda$180/0x00000001008eb040
2550:             1             16  adams.gui.application.AbstractApplicationFrame$$Lambda$181/0x00000001008eb440
2551:             1             16  adams.gui.application.AbstractApplicationFrame$$Lambda$256/0x0000000100a00040
2552:             1             16  adams.gui.application.AbstractApplicationFrame$1
2553:             1             16  adams.gui.application.ChildFrame$1
2554:             1             16  adams.gui.application.ChildFrame$2
2555:             1             16  adams.gui.chooser.AbstractChooserPanel$$Lambda$268/0x0000000100a36840
2556:             1             16  adams.gui.chooser.AbstractChooserPanel$1
2557:             1             16  adams.gui.chooser.AbstractChooserPanel$2
2558:             1             16  adams.gui.chooser.AbstractChooserPanel$3
2559:             1             16  adams.gui.chooser.AbstractChooserPanel$4
2560:             1             16  adams.gui.chooser.AbstractExtensionFileFilterFileChooser$1
2561:             1             16  adams.gui.chooser.FileChooserBookmarksPanel$FileChooserBookmarksPropertiesHandler
2562:             1             16  adams.gui.core.AbstractRecentItemsHandler$$Lambda$247/0x00000001009ed440
2563:             1             16  adams.gui.core.AdjustableGridPanel$$Lambda$265/0x0000000100a37840
2564:             1             16  adams.gui.core.BaseStatusBar$3
2565:             1             16  adams.gui.core.BaseTabbedPane$1
2566:             1             16  adams.gui.core.DetachablePanel$$Lambda$259/0x0000000100a07040
2567:             1             16  adams.gui.core.MultiPagePane$$Lambda$205/0x000000010094f440
2568:             1             16  adams.gui.core.MultiPagePane$$Lambda$208/0x000000010094d840
2569:             1             16  adams.gui.core.MultiPagePane$$Lambda$209/0x000000010094dc40
2570:             1             16  adams.gui.core.MultiPagePane$$Lambda$210/0x000000010094d040
2571:             1             16  adams.gui.core.MultiPagePane$$Lambda$211/0x000000010094d440
2572:             1             16  adams.gui.core.MultiPagePane$$Lambda$212/0x000000010094c840
2573:             1             16  adams.gui.core.MultiPagePane$1
2574:             1             16  adams.gui.core.MultiPagePane$2
2575:             1             16  adams.gui.core.MultiPagePane$3
2576:             1             16  adams.gui.core.ParameterPanel$1
2577:             1             16  adams.gui.core.ParameterPanel$2
2578:             1             16  adams.gui.core.ParameterPanel$3
2579:             1             16  adams.gui.core.PropertiesParameterPanel$$Lambda$266/0x0000000100a37c40
2580:             1             16  adams.gui.core.PropertiesParameterPanel$$Lambda$267/0x0000000100a37040
2581:             1             16  adams.gui.core.SearchPanel$1
2582:             1             16  adams.gui.core.SearchPanel$2
2583:             1             16  adams.gui.core.dotnotationtree.DotNotationTree$1
2584:             1             16  adams.gui.dialog.TextPanel$$Lambda$275/0x0000000100a52440
2585:             1             16  adams.gui.dialog.TextPanel$$Lambda$276/0x0000000100a57840
2586:             1             16  adams.gui.dialog.TextPanel$$Lambda$277/0x0000000100a57c40
2587:             1             16  adams.gui.dialog.TextPanel$$Lambda$278/0x0000000100a57040
2588:             1             16  adams.gui.dialog.TextPanel$$Lambda$279/0x0000000100a57440
2589:             1             16  adams.gui.dialog.TextPanel$$Lambda$280/0x0000000100a56840
2590:             1             16  adams.gui.dialog.TextPanel$$Lambda$281/0x0000000100a56c40
2591:             1             16  adams.gui.dialog.TextPanel$$Lambda$282/0x0000000100a56040
2592:             1             16  adams.gui.dialog.TextPanel$$Lambda$283/0x0000000100a56440
2593:             1             16  adams.gui.dialog.TextPanel$$Lambda$284/0x0000000100a55840
2594:             1             16  adams.gui.dialog.TextPanel$$Lambda$285/0x0000000100a55c40
2595:             1             16  adams.gui.dialog.TextPanel$$Lambda$286/0x0000000100a55040
2596:             1             16  adams.gui.dialog.TextPanel$$Lambda$287/0x0000000100a55440
2597:             1             16  adams.gui.dialog.TextPanel$$Lambda$288/0x0000000100a54840
2598:             1             16  adams.gui.dialog.TextPanel$$Lambda$289/0x0000000100a54c40
2599:             1             16  adams.gui.dialog.TextPanel$$Lambda$290/0x0000000100a54040
2600:             1             16  adams.gui.dialog.TextPanel$$Lambda$291/0x0000000100a54440
2601:             1             16  adams.gui.flow.ActorTreePanel$1
2602:             1             16  adams.gui.flow.ActorTreePanel$2
2603:             1             16  adams.gui.flow.FlowEditorPanel$$Lambda$242/0x00000001009e9440
2604:             1             16  adams.gui.flow.FlowEditorPanel$$Lambda$243/0x00000001009ef840
2605:             1             16  adams.gui.flow.FlowEditorPanel$$Lambda$244/0x00000001009efc40
2606:             1             16  adams.gui.flow.FlowEditorPanel$$Lambda$249/0x00000001009ebc40
2607:             1             16  adams.gui.flow.FlowEditorPanel$$Lambda$250/0x00000001009eb040
2608:             1             16  adams.gui.flow.FlowEditorPanel$$Lambda$251/0x00000001009eb440
2609:             1             16  adams.gui.flow.FlowEditorPanel$$Lambda$252/0x00000001009ea840
2610:             1             16  adams.gui.flow.FlowEditorPanel$$Lambda$254/0x00000001009e9840
2611:             1             16  adams.gui.flow.FlowEditorPanel$$Lambda$255/0x00000001009e9c40
2612:             1             16  adams.gui.flow.FlowEditorPanel$1
2613:             1             16  adams.gui.flow.FlowEditorPanel$3
2614:             1             16  adams.gui.flow.FlowMultiPagePane$$Lambda$213/0x000000010094cc40
2615:             1             16  adams.gui.flow.FlowMultiPagePane$$Lambda$214/0x000000010094c040
2616:             1             16  adams.gui.flow.FlowMultiPagePane$1
2617:             1             16  adams.gui.flow.tab.Clipboard$1
2618:             1             16  adams.gui.flow.tab.Clipboard$2
2619:             1             16  adams.gui.flow.tab.Clipboard$3
2620:             1             16  adams.gui.flow.tab.Clipboard$4
2621:             1             16  adams.gui.flow.tab.Clipboard$5
2622:             1             16  adams.gui.flow.tab.FlowTabManager$1
2623:             1             16  adams.gui.flow.tab.FlowTabManager$5
2624:             1             16  adams.gui.flow.tab.FlowTabManager$6
2625:             1             16  adams.gui.flow.tab.StorageNamesTab$$Lambda$236/0x00000001009b2440
2626:             1             16  adams.gui.flow.tab.StorageNamesTab$$Lambda$237/0x00000001009e8040
2627:             1             16  adams.gui.flow.tab.StorageNamesTab$$Lambda$238/0x00000001009e8440
2628:             1             16  adams.gui.flow.tab.VariablesTab$$Lambda$239/0x00000001009e8840
2629:             1             16  adams.gui.flow.tab.VariablesTab$$Lambda$240/0x00000001009e8c40
2630:             1             16  adams.gui.flow.tab.VariablesTab$$Lambda$241/0x00000001009e9040
2631:             1             16  adams.gui.goe.classtree.GlobalInfoNodeGenerator
2632:             1             16  adams.gui.menu.About
2633:             1             16  adams.gui.menu.ClassHelp
2634:             1             16  adams.gui.menu.ConnectToDatabases
2635:             1             16  adams.gui.menu.ConsoleWindow
2636:             1             16  adams.gui.menu.ContainerNesting
2637:             1             16  adams.gui.menu.DateTest
2638:             1             16  adams.gui.menu.FavoritesManagement
2639:             1             16  adams.gui.menu.FileChooserBookmarksManagement
2640:             1             16  adams.gui.menu.FindClass
2641:             1             16  adams.gui.menu.FindInFiles
2642:             1             16  adams.gui.menu.GarbageCollector
2643:             1             16  adams.gui.menu.HeapDump
2644:             1             16  adams.gui.menu.Homepage
2645:             1             16  adams.gui.menu.JConsole
2646:             1             16  adams.gui.menu.JDeps
2647:             1             16  adams.gui.menu.JMap
2648:             1             16  adams.gui.menu.JVisualVM
2649:             1             16  adams.gui.menu.LogEntryDatabaseViewer
2650:             1             16  adams.gui.menu.MemoryMonitor
2651:             1             16  adams.gui.menu.NestedFormatViewer
2652:             1             16  adams.gui.menu.OptionTree
2653:             1             16  adams.gui.menu.OptionsConversion
2654:             1             16  adams.gui.menu.PlaceholderManagement
2655:             1             16  adams.gui.menu.Preferences
2656:             1             16  adams.gui.menu.PreviewBrowser
2657:             1             16  adams.gui.menu.ProgramExit
2658:             1             16  adams.gui.menu.ProgramUserMode
2659:             1             16  adams.gui.menu.PropertiesViewer
2660:             1             16  adams.gui.menu.RegExpTest
2661:             1             16  adams.gui.menu.RemoteCommands$$Lambda$164/0x00000001008e8440
2662:             1             16  adams.gui.menu.RemoteCommands$$Lambda$165/0x00000001008e8840
2663:             1             16  adams.gui.menu.RemoteCommands$$Lambda$166/0x00000001008e8c40
2664:             1             16  adams.gui.menu.RemoteCommands$$Lambda$167/0x00000001008e9040
2665:             1             16  adams.gui.menu.RunTool
2666:             1             16  adams.gui.menu.ScriptingLog
2667:             1             16  adams.gui.menu.StringConversion
2668:             1             16  adams.gui.menu.SystemInfo
2669:             1             16  adams.gui.menu.SystemPerformance
2670:             1             16  adams.gui.menu.TakeScreenshot
2671:             1             16  adams.gui.menu.Terminal
2672:             1             16  adams.gui.scripting.ScriptingEngineManager
2673:             1             16  adams.gui.scripting.ScriptingLogPanel$2
2674:             1             16  adams.gui.scripting.ScriptingLogPanel$3
2675:             1             16  adams.gui.scripting.ScriptingLogPanel$4
2676:             1             16  adams.scripting.ScriptingHelper
2677:             1             16  com.jidesoft.plaf.LookAndFeelFactory$1
2678:             1             16  com.jidesoft.plaf.metal.MetalIconFactory$CheckBoxIcon
2679:             1             16  com.jidesoft.plaf.vsnet.VsnetMetalUtils$1
2680:             1             16  com.jidesoft.swing.JideSwingUtilities$10
2681:             1             16  com.mysql.fabric.jdbc.FabricMySQLDriver
2682:             1             16  com.mysql.jdbc.AbandonedConnectionCleanupThread
2683:             1             16  com.mysql.jdbc.AbandonedConnectionCleanupThread$1
2684:             1             16  com.mysql.jdbc.Util
2685:             1             16  com.mysql.jdbc.log.NullLogger
2686:             1             16  com.mysql.jdbc.log.StandardLogger
2687:             1             16  com.sun.beans.introspect.MethodInfo$MethodOrder (java.desktop@11.0.2)
2688:             1             16  com.sun.imageio.stream.StreamCloser$1 (java.desktop@11.0.2)
2689:             1             16  com.sun.management.internal.PlatformMBeanProviderImpl (jdk.management@11.0.2)
2690:             1             16  com.sun.management.internal.PlatformMBeanProviderImpl$$Lambda$186/0x00000001008e9c40 (jdk.management@11.0.2)
2691:             1             16  java.awt.AWTEvent$1 (java.desktop@11.0.2)
2692:             1             16  java.awt.Component$1 (java.desktop@11.0.2)
2693:             1             16  java.awt.Component$AWTTreeLock (java.desktop@11.0.2)
2694:             1             16  java.awt.Container$1 (java.desktop@11.0.2)
2695:             1             16  java.awt.Container$MouseEventTargetFilter (java.desktop@11.0.2)
2696:             1             16  java.awt.Cursor$$Lambda$215/0x000000010094c440 (java.desktop@11.0.2)
2697:             1             16  java.awt.Cursor$1 (java.desktop@11.0.2)
2698:             1             16  java.awt.DefaultKeyboardFocusManager$1 (java.desktop@11.0.2)
2699:             1             16  java.awt.Dialog$$Lambda$258/0x0000000100a07840 (java.desktop@11.0.2)
2700:             1             16  java.awt.EventDispatchThread$1 (java.desktop@11.0.2)
2701:             1             16  java.awt.EventDispatchThread$HierarchyEventFilter (java.desktop@11.0.2)
2702:             1             16  java.awt.EventQueue$1 (java.desktop@11.0.2)
2703:             1             16  java.awt.EventQueue$2 (java.desktop@11.0.2)
2704:             1             16  java.awt.Font$FontAccessImpl (java.desktop@11.0.2)
2705:             1             16  java.awt.Frame$1 (java.desktop@11.0.2)
2706:             1             16  java.awt.GraphicsCallback$PaintCallback (java.desktop@11.0.2)
2707:             1             16  java.awt.GraphicsEnvironment$$Lambda$8/0x0000000100063840 (java.desktop@11.0.2)
2708:             1             16  java.awt.Image$1 (java.desktop@11.0.2)
2709:             1             16  java.awt.KeyboardFocusManager$1 (java.desktop@11.0.2)
2710:             1             16  java.awt.SequencedEvent$1 (java.desktop@11.0.2)
2711:             1             16  java.awt.SystemColor$$Lambda$168/0x00000001008efc40 (java.desktop@11.0.2)
2712:             1             16  java.awt.Toolkit$4 (java.desktop@11.0.2)
2713:             1             16  java.awt.Window$1 (java.desktop@11.0.2)
2714:             1             16  java.awt.color.ICC_Profile$1 (java.desktop@11.0.2)
2715:             1             16  java.awt.datatransfer.StringSelection (java.datatransfer@11.0.2)
2716:             1             16  java.awt.datatransfer.SystemFlavorMap$$Lambda$157/0x000000010025dc40 (java.datatransfer@11.0.2)
2717:             1             16  java.awt.datatransfer.SystemFlavorMap$$Lambda$160/0x000000010037c840 (java.datatransfer@11.0.2)
2718:             1             16  java.awt.dnd.DropTargetContext$1 (java.desktop@11.0.2)
2719:             1             16  java.awt.event.InputEvent$1 (java.desktop@11.0.2)
2720:             1             16  java.awt.event.InvocationEvent$1 (java.desktop@11.0.2)
2721:             1             16  java.awt.event.KeyEvent$1 (java.desktop@11.0.2)
2722:             1             16  java.awt.event.MouseEvent$1 (java.desktop@11.0.2)
2723:             1             16  java.awt.font.JavaAWTFontAccessImpl (java.desktop@11.0.2)
2724:             1             16  java.awt.image.DataBuffer$1 (java.desktop@11.0.2)
2725:             1             16  java.beans.Introspector$1 (java.desktop@11.0.2)
2726:             1             16  java.io.FileDescriptor$1 (java.base@11.0.2)
2727:             1             16  java.io.FilePermission$1 (java.base@11.0.2)
2728:             1             16  java.io.RandomAccessFile$2 (java.base@11.0.2)
2729:             1             16  java.lang.ApplicationShutdownHooks$1 (java.base@11.0.2)
2730:             1             16  java.lang.CharacterData00 (java.base@11.0.2)
2731:             1             16  java.lang.CharacterDataLatin1 (java.base@11.0.2)
2732:             1             16  java.lang.InheritableThreadLocal (java.base@11.0.2)
2733:             1             16  java.lang.ProcessBuilder$NullInputStream (java.base@11.0.2)
2734:             1             16  java.lang.ProcessBuilder$NullOutputStream (java.base@11.0.2)
2735:             1             16  java.lang.ProcessEnvironment$StringKeySet (java.base@11.0.2)
2736:             1             16  java.lang.ProcessHandleImpl$$Lambda$271/0x0000000100a35c40 (java.base@11.0.2)
2737:             1             16  java.lang.ProcessImpl$$Lambda$274/0x0000000100a52040 (java.base@11.0.2)
2738:             1             16  java.lang.Runtime (java.base@11.0.2)
2739:             1             16  java.lang.SecurityManager$$Lambda$139/0x00000001001fa440 (java.base@11.0.2)
2740:             1             16  java.lang.SecurityManager$$Lambda$141/0x0000000100258040 (java.base@11.0.2)
2741:             1             16  java.lang.SecurityManager$$Lambda$142/0x0000000100258440 (java.base@11.0.2)
2742:             1             16  java.lang.SecurityManager$$Lambda$143/0x0000000100258c40 (java.base@11.0.2)
2743:             1             16  java.lang.SecurityManager$$Lambda$144/0x0000000100259440 (java.base@11.0.2)
2744:             1             16  java.lang.SecurityManager$$Lambda$145/0x0000000100259840 (java.base@11.0.2)
2745:             1             16  java.lang.SecurityManager$$Lambda$147/0x000000010025a040 (java.base@11.0.2)
2746:             1             16  java.lang.SecurityManager$$Lambda$148/0x000000010025a440 (java.base@11.0.2)
2747:             1             16  java.lang.String$CaseInsensitiveComparator (java.base@11.0.2)
2748:             1             16  java.lang.StringCoding$1 (java.base@11.0.2)
2749:             1             16  java.lang.System$2 (java.base@11.0.2)
2750:             1             16  java.lang.System$LoggerFinder$$Lambda$15/0x00000001000e0440 (java.base@11.0.2)
2751:             1             16  java.lang.Terminator$1 (java.base@11.0.2)
2752:             1             16  java.lang.invoke.ClassSpecializer$1 (java.base@11.0.2)
2753:             1             16  java.lang.invoke.MemberName$Factory (java.base@11.0.2)
2754:             1             16  java.lang.invoke.MethodHandleImpl$1 (java.base@11.0.2)
2755:             1             16  java.lang.invoke.StringConcatFactory$MethodHandleInlineCopyStrategy$1 (java.base@11.0.2)
2756:             1             16  java.lang.invoke.StringConcatFactory$MethodHandleInlineCopyStrategy$2 (java.base@11.0.2)
2757:             1             16  java.lang.invoke.StringConcatFactory$MethodHandleInlineCopyStrategy$3 (java.base@11.0.2)
2758:             1             16  java.lang.invoke.VarHandle$1 (java.base@11.0.2)
2759:             1             16  java.lang.management.DefaultPlatformMBeanProvider (java.management@11.0.2)
2760:             1             16  java.lang.management.ManagementFactory$$Lambda$183/0x00000001008ea040 (java.management@11.0.2)
2761:             1             16  java.lang.management.ManagementFactory$PlatformMBeanFinder$$Lambda$184/0x00000001008ea440 (java.management@11.0.2)
2762:             1             16  java.lang.management.ManagementFactory$PlatformMBeanFinder$$Lambda$190/0x0000000100940c40 (java.management@11.0.2)
2763:             1             16  java.lang.management.ManagementFactory$PlatformMBeanFinder$$Lambda$191/0x0000000100941040 (java.management@11.0.2)
2764:             1             16  java.lang.management.ManagementFactory$PlatformMBeanFinder$$Lambda$193/0x0000000100941c40 (java.management@11.0.2)
2765:             1             16  java.lang.management.ManagementFactory$PlatformMBeanFinder$$Lambda$197/0x0000000100943040 (java.management@11.0.2)
2766:             1             16  java.lang.management.ManagementFactory$PlatformMBeanFinder$$Lambda$198/0x0000000100943440 (java.management@11.0.2)
2767:             1             16  java.lang.module.ModuleDescriptor$1 (java.base@11.0.2)
2768:             1             16  java.lang.ref.Cleaner (java.base@11.0.2)
2769:             1             16  java.lang.ref.Cleaner$1 (java.base@11.0.2)
2770:             1             16  java.lang.ref.Reference$1 (java.base@11.0.2)
2771:             1             16  java.lang.reflect.ReflectAccess (java.base@11.0.2)
2772:             1             16  java.net.Authenticator$$Lambda$178/0x00000001008ec840 (java.base@11.0.2)
2773:             1             16  java.net.InetAddress$2 (java.base@11.0.2)
2774:             1             16  java.net.InetAddress$PlatformNameService (java.base@11.0.2)
2775:             1             16  java.net.URI$1 (java.base@11.0.2)
2776:             1             16  java.net.URL$3 (java.base@11.0.2)
2777:             1             16  java.net.URL$DefaultFactory (java.base@11.0.2)
2778:             1             16  java.net.URLConnection$1 (java.base@11.0.2)
2779:             1             16  java.nio.Bits$1 (java.base@11.0.2)
2780:             1             16  java.nio.Buffer$1 (java.base@11.0.2)
2781:             1             16  java.security.AllPermission (java.base@11.0.2)
2782:             1             16  java.security.ProtectionDomain$JavaSecurityAccessImpl (java.base@11.0.2)
2783:             1             16  java.text.DontCareFieldPosition$1 (java.base@11.0.2)
2784:             1             16  java.text.MessageFormat$Field (java.base@11.0.2)
2785:             1             16  java.util.Collections$EmptyEnumeration (java.base@11.0.2)
2786:             1             16  java.util.Collections$EmptyIterator (java.base@11.0.2)
2787:             1             16  java.util.Collections$EmptyList (java.base@11.0.2)
2788:             1             16  java.util.Collections$EmptySet (java.base@11.0.2)
2789:             1             16  java.util.Collections$ReverseComparator (java.base@11.0.2)
2790:             1             16  java.util.Collections$UnmodifiableMap$UnmodifiableEntrySet (java.base@11.0.2)
2791:             1             16  java.util.Currency$CurrencyNameGetter (java.base@11.0.2)
2792:             1             16  java.util.EnumMap$1 (java.base@11.0.2)
2793:             1             16  java.util.ResourceBundle$1 (java.base@11.0.2)
2794:             1             16  java.util.ResourceBundle$Control (java.base@11.0.2)
2795:             1             16  java.util.ResourceBundle$ResourceBundleControlProviderHolder$$Lambda$129/0x00000001001f9440 (java.base@11.0.2)
2796:             1             16  java.util.ResourceBundle$ResourceBundleControlProviderHolder$$Lambda$130/0x00000001001ff840 (java.base@11.0.2)
2797:             1             16  java.util.Spliterators$EmptySpliterator$OfDouble (java.base@11.0.2)
2798:             1             16  java.util.Spliterators$EmptySpliterator$OfInt (java.base@11.0.2)
2799:             1             16  java.util.Spliterators$EmptySpliterator$OfLong (java.base@11.0.2)
2800:             1             16  java.util.Spliterators$EmptySpliterator$OfRef (java.base@11.0.2)
2801:             1             16  java.util.TreeSet (java.base@11.0.2)
2802:             1             16  java.util.concurrent.CompletableFuture$AltResult (java.base@11.0.2)
2803:             1             16  java.util.concurrent.ConcurrentSkipListMap$KeySet (java.base@11.0.2)
2804:             1             16  java.util.concurrent.ConcurrentSkipListSet (java.base@11.0.2)
2805:             1             16  java.util.concurrent.Executors$FinalizableDelegatedExecutorService (java.base@11.0.2)
2806:             1             16  java.util.concurrent.ForkJoinPool$DefaultForkJoinWorkerThreadFactory (java.base@11.0.2)
2807:             1             16  java.util.concurrent.SynchronousQueue$TransferStack (java.base@11.0.2)
2808:             1             16  java.util.concurrent.ThreadPoolExecutor$AbortPolicy (java.base@11.0.2)
2809:             1             16  java.util.function.Function$$Lambda$192/0x0000000100941440 (java.base@11.0.2)
2810:             1             16  java.util.jar.JavaUtilJarAccessImpl (java.base@11.0.2)
2811:             1             16  java.util.logging.Level$$Lambda$9/0x00000001000cd440 (java.logging@11.0.2)
2812:             1             16  java.util.logging.Level$KnownLevel$$Lambda$10/0x00000001000cc840 (java.logging@11.0.2)
2813:             1             16  java.util.logging.LogManager$LoggingProviderAccess (java.logging@11.0.2)
2814:             1             16  java.util.logging.LogManager$VisitedLoggers (java.logging@11.0.2)
2815:             1             16  java.util.regex.CharPredicates$$Lambda$150/0x000000010025ac40 (java.base@11.0.2)
2816:             1             16  java.util.regex.CharPredicates$$Lambda$206/0x000000010094e840 (java.base@11.0.2)
2817:             1             16  java.util.regex.Pattern$$Lambda$123/0x0000000100166c40 (java.base@11.0.2)
2818:             1             16  java.util.regex.Pattern$1 (java.base@11.0.2)
2819:             1             16  java.util.regex.Pattern$CharPredicate$$Lambda$122/0x0000000100166840 (java.base@11.0.2)
2820:             1             16  java.util.regex.Pattern$LastNode (java.base@11.0.2)
2821:             1             16  java.util.regex.Pattern$Node (java.base@11.0.2)
2822:             1             16  java.util.stream.Collectors$$Lambda$131/0x00000001001ffc40 (java.base@11.0.2)
2823:             1             16  java.util.stream.Collectors$$Lambda$132/0x00000001001ff040 (java.base@11.0.2)
2824:             1             16  java.util.stream.Collectors$$Lambda$133/0x00000001001ff440 (java.base@11.0.2)
2825:             1             16  java.util.stream.Collectors$$Lambda$134/0x00000001001fe840 (java.base@11.0.2)
2826:             1             16  java.util.stream.Collectors$$Lambda$187/0x0000000100940040 (java.base@11.0.2)
2827:             1             16  java.util.stream.Collectors$$Lambda$188/0x0000000100940440 (java.base@11.0.2)
2828:             1             16  java.util.stream.Collectors$$Lambda$189/0x0000000100940840 (java.base@11.0.2)
2829:             1             16  java.util.stream.Collectors$$Lambda$194/0x0000000100942040 (java.base@11.0.2)
2830:             1             16  java.util.stream.FindOps$FindSink$OfRef$$Lambda$11/0x00000001000ccc40 (java.base@11.0.2)
2831:             1             16  java.util.stream.FindOps$FindSink$OfRef$$Lambda$12/0x00000001000cc040 (java.base@11.0.2)
2832:             1             16  java.util.stream.FindOps$FindSink$OfRef$$Lambda$13/0x00000001000cc440 (java.base@11.0.2)
2833:             1             16  java.util.stream.FindOps$FindSink$OfRef$$Lambda$14/0x00000001000e0040 (java.base@11.0.2)
2834:             1             16  java.util.zip.ZipFile$1 (java.base@11.0.2)
2835:             1             16  javax.accessibility.AccessibleContext$1 (java.desktop@11.0.2)
2836:             1             16  javax.crypto.JceSecurityManager (java.base@11.0.2)
2837:             1             16  javax.imageio.spi.IIORegistry (java.desktop@11.0.2)
2838:             1             16  javax.swing.Autoscroller (java.desktop@11.0.2)
2839:             1             16  javax.swing.ClientPropertyKey$1 (java.desktop@11.0.2)
2840:             1             16  javax.swing.ImageIcon$2 (java.desktop@11.0.2)
2841:             1             16  javax.swing.JComponent$1 (java.desktop@11.0.2)
2842:             1             16  javax.swing.JComponent$2 (java.desktop@11.0.2)
2843:             1             16  javax.swing.JSpinner$DisabledAction (java.desktop@11.0.2)
2844:             1             16  javax.swing.JTabbedPane$ModelListener (java.desktop@11.0.2)
2845:             1             16  javax.swing.KeyStroke$1 (java.desktop@11.0.2)
2846:             1             16  javax.swing.PopupFactory (java.desktop@11.0.2)
2847:             1             16  javax.swing.PopupFactory$1 (java.desktop@11.0.2)
2848:             1             16  javax.swing.PopupFactory$HeavyWeightPopup$1 (java.desktop@11.0.2)
2849:             1             16  javax.swing.RepaintManager$1 (java.desktop@11.0.2)
2850:             1             16  javax.swing.RepaintManager$DisplayChangedHandler (java.desktop@11.0.2)
2851:             1             16  javax.swing.SwingPaintEventDispatcher (java.desktop@11.0.2)
2852:             1             16  javax.swing.SwingWorker$1 (java.desktop@11.0.2)
2853:             1             16  javax.swing.SwingWorker$6 (java.desktop@11.0.2)
2854:             1             16  javax.swing.SwingWorker$7 (java.desktop@11.0.2)
2855:             1             16  javax.swing.SwingWorker$DoSubmitAccumulativeRunnable (java.desktop@11.0.2)
2856:             1             16  javax.swing.ToolTipManager$AccessibilityKeyListener (java.desktop@11.0.2)
2857:             1             16  javax.swing.ToolTipManager$MoveBeforeEnterListener (java.desktop@11.0.2)
2858:             1             16  javax.swing.ToolTipManager$insideTimerAction (java.desktop@11.0.2)
2859:             1             16  javax.swing.ToolTipManager$outsideTimerAction (java.desktop@11.0.2)
2860:             1             16  javax.swing.ToolTipManager$stillInsideTimerAction (java.desktop@11.0.2)
2861:             1             16  javax.swing.UIDefaults$$Lambda$20/0x0000000100134440 (java.desktop@11.0.2)
2862:             1             16  javax.swing.UIManager$2 (java.desktop@11.0.2)
2863:             1             16  javax.swing.ViewportLayout (java.desktop@11.0.2)
2864:             1             16  javax.swing.filechooser.FileSystemView$$Lambda$153/0x000000010025f040 (java.desktop@11.0.2)
2865:             1             16  javax.swing.filechooser.FileSystemView$$Lambda$154/0x000000010025f440 (java.desktop@11.0.2)
2866:             1             16  javax.swing.filechooser.UnixFileSystemView (java.desktop@11.0.2)
2867:             1             16  javax.swing.plaf.basic.BasicComboPopup$EmptyListModelClass (java.desktop@11.0.2)
2868:             1             16  javax.swing.plaf.basic.BasicHTML$BasicHTMLViewFactory (java.desktop@11.0.2)
2869:             1             16  javax.swing.plaf.basic.BasicLookAndFeel$$Lambda$21/0x0000000100133840 (java.desktop@11.0.2)
2870:             1             16  javax.swing.plaf.basic.BasicLookAndFeel$$Lambda$22/0x0000000100133c40 (java.desktop@11.0.2)
2871:             1             16  javax.swing.plaf.basic.BasicLookAndFeel$$Lambda$23/0x0000000100133040 (java.desktop@11.0.2)
2872:             1             16  javax.swing.plaf.basic.BasicLookAndFeel$$Lambda$24/0x0000000100133440 (java.desktop@11.0.2)
2873:             1             16  javax.swing.plaf.basic.BasicLookAndFeel$$Lambda$25/0x0000000100132840 (java.desktop@11.0.2)
2874:             1             16  javax.swing.plaf.basic.BasicLookAndFeel$$Lambda$26/0x0000000100132c40 (java.desktop@11.0.2)
2875:             1             16  javax.swing.plaf.basic.BasicLookAndFeel$$Lambda$27/0x0000000100132040 (java.desktop@11.0.2)
2876:             1             16  javax.swing.plaf.basic.BasicLookAndFeel$$Lambda$28/0x0000000100132440 (java.desktop@11.0.2)
2877:             1             16  javax.swing.plaf.basic.BasicLookAndFeel$$Lambda$29/0x0000000100131840 (java.desktop@11.0.2)
2878:             1             16  javax.swing.plaf.basic.BasicLookAndFeel$$Lambda$30/0x0000000100131c40 (java.desktop@11.0.2)
2879:             1             16  javax.swing.plaf.basic.BasicLookAndFeel$$Lambda$33/0x0000000100148840 (java.desktop@11.0.2)
2880:             1             16  javax.swing.plaf.basic.BasicLookAndFeel$$Lambda$34/0x0000000100148c40 (java.desktop@11.0.2)
2881:             1             16  javax.swing.plaf.basic.BasicLookAndFeel$$Lambda$35/0x0000000100149040 (java.desktop@11.0.2)
2882:             1             16  javax.swing.plaf.basic.BasicLookAndFeel$$Lambda$37/0x000000010014a840 (java.desktop@11.0.2)
2883:             1             16  javax.swing.plaf.basic.BasicLookAndFeel$$Lambda$38/0x000000010014ac40 (java.desktop@11.0.2)
2884:             1             16  javax.swing.plaf.basic.BasicLookAndFeel$$Lambda$39/0x000000010014b040 (java.desktop@11.0.2)
2885:             1             16  javax.swing.plaf.basic.BasicLookAndFeel$$Lambda$40/0x000000010014b440 (java.desktop@11.0.2)
2886:             1             16  javax.swing.plaf.basic.BasicLookAndFeel$$Lambda$41/0x000000010014b840 (java.desktop@11.0.2)
2887:             1             16  javax.swing.plaf.basic.BasicLookAndFeel$$Lambda$42/0x000000010014bc40 (java.desktop@11.0.2)
2888:             1             16  javax.swing.plaf.basic.BasicLookAndFeel$$Lambda$43/0x000000010014c040 (java.desktop@11.0.2)
2889:             1             16  javax.swing.plaf.basic.BasicLookAndFeel$$Lambda$44/0x000000010014c440 (java.desktop@11.0.2)
2890:             1             16  javax.swing.plaf.basic.BasicLookAndFeel$$Lambda$45/0x000000010014c840 (java.desktop@11.0.2)
2891:             1             16  javax.swing.plaf.basic.BasicLookAndFeel$$Lambda$46/0x000000010014cc40 (java.desktop@11.0.2)
2892:             1             16  javax.swing.plaf.basic.BasicLookAndFeel$$Lambda$47/0x000000010014d040 (java.desktop@11.0.2)
2893:             1             16  javax.swing.plaf.basic.BasicLookAndFeel$$Lambda$48/0x000000010014d440 (java.desktop@11.0.2)
2894:             1             16  javax.swing.plaf.basic.BasicLookAndFeel$$Lambda$49/0x000000010014d840 (java.desktop@11.0.2)
2895:             1             16  javax.swing.plaf.basic.BasicLookAndFeel$$Lambda$50/0x000000010014dc40 (java.desktop@11.0.2)
2896:             1             16  javax.swing.plaf.basic.BasicLookAndFeel$$Lambda$51/0x000000010014e040 (java.desktop@11.0.2)
2897:             1             16  javax.swing.plaf.basic.BasicLookAndFeel$$Lambda$52/0x000000010014e440 (java.desktop@11.0.2)
2898:             1             16  javax.swing.plaf.basic.BasicLookAndFeel$$Lambda$53/0x000000010014e840 (java.desktop@11.0.2)
2899:             1             16  javax.swing.plaf.basic.BasicLookAndFeel$$Lambda$54/0x000000010014ec40 (java.desktop@11.0.2)
2900:             1             16  javax.swing.plaf.basic.BasicLookAndFeel$$Lambda$55/0x000000010014f040 (java.desktop@11.0.2)
2901:             1             16  javax.swing.plaf.basic.BasicLookAndFeel$$Lambda$56/0x000000010014f440 (java.desktop@11.0.2)
2902:             1             16  javax.swing.plaf.basic.BasicLookAndFeel$$Lambda$57/0x000000010014f840 (java.desktop@11.0.2)
2903:             1             16  javax.swing.plaf.basic.BasicLookAndFeel$$Lambda$58/0x000000010014fc40 (java.desktop@11.0.2)
2904:             1             16  javax.swing.plaf.basic.BasicLookAndFeel$1 (java.desktop@11.0.2)
2905:             1             16  javax.swing.plaf.basic.BasicLookAndFeel$2 (java.desktop@11.0.2)
2906:             1             16  javax.swing.plaf.basic.BasicLookAndFeel$AWTEventHelper (java.desktop@11.0.2)
2907:             1             16  javax.swing.plaf.basic.BasicMenuItemUI$Actions (java.desktop@11.0.2)
2908:             1             16  javax.swing.plaf.basic.BasicPanelUI (java.desktop@11.0.2)
2909:             1             16  javax.swing.plaf.basic.BasicPopupMenuUI$MenuKeyboardHelper$1 (java.desktop@11.0.2)
2910:             1             16  javax.swing.plaf.basic.BasicRootPaneUI (java.desktop@11.0.2)
2911:             1             16  javax.swing.plaf.basic.BasicTabbedPaneUI$Handler (java.desktop@11.0.2)
2912:             1             16  javax.swing.plaf.basic.BasicTextUI$DragListener (java.desktop@11.0.2)
2913:             1             16  javax.swing.plaf.basic.BasicTreeUI$Actions (java.desktop@11.0.2)
2914:             1             16  javax.swing.plaf.basic.BasicViewportUI (java.desktop@11.0.2)
2915:             1             16  javax.swing.plaf.metal.DefaultMetalTheme$FontDelegate (java.desktop@11.0.2)
2916:             1             16  javax.swing.plaf.metal.MetalBorders$MenuBarBorder (java.desktop@11.0.2)
2917:             1             16  javax.swing.plaf.metal.MetalBorders$PopupMenuBorder (java.desktop@11.0.2)
2918:             1             16  javax.swing.plaf.metal.MetalBorders$TextFieldBorder (java.desktop@11.0.2)
2919:             1             16  javax.swing.plaf.metal.MetalBorders$ToggleButtonBorder (java.desktop@11.0.2)
2920:             1             16  javax.swing.plaf.metal.MetalBorders$ToolBarBorder (java.desktop@11.0.2)
2921:             1             16  javax.swing.plaf.metal.MetalIconFactory$CheckBoxIcon (java.desktop@11.0.2)
2922:             1             16  javax.swing.plaf.metal.MetalIconFactory$CheckBoxMenuItemIcon (java.desktop@11.0.2)
2923:             1             16  javax.swing.plaf.metal.MetalIconFactory$FileChooserDetailViewIcon (java.desktop@11.0.2)
2924:             1             16  javax.swing.plaf.metal.MetalIconFactory$FileChooserListViewIcon (java.desktop@11.0.2)
2925:             1             16  javax.swing.plaf.metal.MetalIconFactory$MenuArrowIcon (java.desktop@11.0.2)
2926:             1             16  javax.swing.plaf.metal.MetalIconFactory$MenuItemArrowIcon (java.desktop@11.0.2)
2927:             1             16  javax.swing.plaf.metal.MetalLookAndFeel$$Lambda$100/0x000000010015a440 (java.desktop@11.0.2)
2928:             1             16  javax.swing.plaf.metal.MetalLookAndFeel$$Lambda$101/0x000000010015a840 (java.desktop@11.0.2)
2929:             1             16  javax.swing.plaf.metal.MetalLookAndFeel$$Lambda$102/0x000000010015ac40 (java.desktop@11.0.2)
2930:             1             16  javax.swing.plaf.metal.MetalLookAndFeel$$Lambda$103/0x000000010015b040 (java.desktop@11.0.2)
2931:             1             16  javax.swing.plaf.metal.MetalLookAndFeel$$Lambda$104/0x000000010015b440 (java.desktop@11.0.2)
2932:             1             16  javax.swing.plaf.metal.MetalLookAndFeel$$Lambda$105/0x000000010015b840 (java.desktop@11.0.2)
2933:             1             16  javax.swing.plaf.metal.MetalLookAndFeel$$Lambda$106/0x000000010015bc40 (java.desktop@11.0.2)
2934:             1             16  javax.swing.plaf.metal.MetalLookAndFeel$$Lambda$107/0x000000010015c040 (java.desktop@11.0.2)
2935:             1             16  javax.swing.plaf.metal.MetalLookAndFeel$$Lambda$108/0x000000010015c440 (java.desktop@11.0.2)
2936:             1             16  javax.swing.plaf.metal.MetalLookAndFeel$$Lambda$109/0x000000010015c840 (java.desktop@11.0.2)
2937:             1             16  javax.swing.plaf.metal.MetalLookAndFeel$$Lambda$110/0x000000010015cc40 (java.desktop@11.0.2)
2938:             1             16  javax.swing.plaf.metal.MetalLookAndFeel$$Lambda$111/0x000000010015d040 (java.desktop@11.0.2)
2939:             1             16  javax.swing.plaf.metal.MetalLookAndFeel$$Lambda$112/0x000000010015d440 (java.desktop@11.0.2)
2940:             1             16  javax.swing.plaf.metal.MetalLookAndFeel$$Lambda$113/0x000000010015d840 (java.desktop@11.0.2)
2941:             1             16  javax.swing.plaf.metal.MetalLookAndFeel$$Lambda$114/0x000000010015dc40 (java.desktop@11.0.2)
2942:             1             16  javax.swing.plaf.metal.MetalLookAndFeel$$Lambda$115/0x000000010015e040 (java.desktop@11.0.2)
2943:             1             16  javax.swing.plaf.metal.MetalLookAndFeel$$Lambda$116/0x000000010015e440 (java.desktop@11.0.2)
2944:             1             16  javax.swing.plaf.metal.MetalLookAndFeel$$Lambda$59/0x0000000100150040 (java.desktop@11.0.2)
2945:             1             16  javax.swing.plaf.metal.MetalLookAndFeel$$Lambda$60/0x0000000100150440 (java.desktop@11.0.2)
2946:             1             16  javax.swing.plaf.metal.MetalLookAndFeel$$Lambda$61/0x0000000100150840 (java.desktop@11.0.2)
2947:             1             16  javax.swing.plaf.metal.MetalLookAndFeel$$Lambda$62/0x0000000100150c40 (java.desktop@11.0.2)
2948:             1             16  javax.swing.plaf.metal.MetalLookAndFeel$$Lambda$63/0x0000000100151040 (java.desktop@11.0.2)
2949:             1             16  javax.swing.plaf.metal.MetalLookAndFeel$$Lambda$64/0x0000000100151440 (java.desktop@11.0.2)
2950:             1             16  javax.swing.plaf.metal.MetalLookAndFeel$$Lambda$65/0x0000000100151840 (java.desktop@11.0.2)
2951:             1             16  javax.swing.plaf.metal.MetalLookAndFeel$$Lambda$66/0x0000000100151c40 (java.desktop@11.0.2)
2952:             1             16  javax.swing.plaf.metal.MetalLookAndFeel$$Lambda$67/0x0000000100152040 (java.desktop@11.0.2)
2953:             1             16  javax.swing.plaf.metal.MetalLookAndFeel$$Lambda$68/0x0000000100152440 (java.desktop@11.0.2)
2954:             1             16  javax.swing.plaf.metal.MetalLookAndFeel$$Lambda$69/0x0000000100152840 (java.desktop@11.0.2)
2955:             1             16  javax.swing.plaf.metal.MetalLookAndFeel$$Lambda$70/0x0000000100152c40 (java.desktop@11.0.2)
2956:             1             16  javax.swing.plaf.metal.MetalLookAndFeel$$Lambda$71/0x0000000100153040 (java.desktop@11.0.2)
2957:             1             16  javax.swing.plaf.metal.MetalLookAndFeel$$Lambda$72/0x0000000100153440 (java.desktop@11.0.2)
2958:             1             16  javax.swing.plaf.metal.MetalLookAndFeel$$Lambda$73/0x0000000100153840 (java.desktop@11.0.2)
2959:             1             16  javax.swing.plaf.metal.MetalLookAndFeel$$Lambda$75/0x0000000100154040 (java.desktop@11.0.2)
2960:             1             16  javax.swing.plaf.metal.MetalLookAndFeel$$Lambda$76/0x0000000100154440 (java.desktop@11.0.2)
2961:             1             16  javax.swing.plaf.metal.MetalLookAndFeel$$Lambda$77/0x0000000100154840 (java.desktop@11.0.2)
2962:             1             16  javax.swing.plaf.metal.MetalLookAndFeel$$Lambda$78/0x0000000100154c40 (java.desktop@11.0.2)
2963:             1             16  javax.swing.plaf.metal.MetalLookAndFeel$$Lambda$79/0x0000000100155040 (java.desktop@11.0.2)
2964:             1             16  javax.swing.plaf.metal.MetalLookAndFeel$$Lambda$80/0x0000000100155440 (java.desktop@11.0.2)
2965:             1             16  javax.swing.plaf.metal.MetalLookAndFeel$$Lambda$81/0x0000000100155840 (java.desktop@11.0.2)
2966:             1             16  javax.swing.plaf.metal.MetalLookAndFeel$$Lambda$82/0x0000000100155c40 (java.desktop@11.0.2)
2967:             1             16  javax.swing.plaf.metal.MetalLookAndFeel$$Lambda$83/0x0000000100156040 (java.desktop@11.0.2)
2968:             1             16  javax.swing.plaf.metal.MetalLookAndFeel$$Lambda$84/0x0000000100156440 (java.desktop@11.0.2)
2969:             1             16  javax.swing.plaf.metal.MetalLookAndFeel$$Lambda$85/0x0000000100156840 (java.desktop@11.0.2)
2970:             1             16  javax.swing.plaf.metal.MetalLookAndFeel$$Lambda$86/0x0000000100156c40 (java.desktop@11.0.2)
2971:             1             16  javax.swing.plaf.metal.MetalLookAndFeel$$Lambda$87/0x0000000100157040 (java.desktop@11.0.2)
2972:             1             16  javax.swing.plaf.metal.MetalLookAndFeel$$Lambda$88/0x0000000100157440 (java.desktop@11.0.2)
2973:             1             16  javax.swing.plaf.metal.MetalLookAndFeel$$Lambda$89/0x0000000100157840 (java.desktop@11.0.2)
2974:             1             16  javax.swing.plaf.metal.MetalLookAndFeel$$Lambda$90/0x0000000100157c40 (java.desktop@11.0.2)
2975:             1             16  javax.swing.plaf.metal.MetalLookAndFeel$$Lambda$91/0x0000000100158040 (java.desktop@11.0.2)
2976:             1             16  javax.swing.plaf.metal.MetalLookAndFeel$$Lambda$92/0x0000000100158440 (java.desktop@11.0.2)
2977:             1             16  javax.swing.plaf.metal.MetalLookAndFeel$$Lambda$93/0x0000000100158840 (java.desktop@11.0.2)
2978:             1             16  javax.swing.plaf.metal.MetalLookAndFeel$$Lambda$98/0x0000000100159c40 (java.desktop@11.0.2)
2979:             1             16  javax.swing.plaf.metal.MetalLookAndFeel$$Lambda$99/0x000000010015a040 (java.desktop@11.0.2)
2980:             1             16  javax.swing.plaf.metal.OceanTheme (java.desktop@11.0.2)
2981:             1             16  javax.swing.plaf.metal.OceanTheme$$Lambda$118/0x0000000100165c40 (java.desktop@11.0.2)
2982:             1             16  javax.swing.plaf.metal.OceanTheme$1 (java.desktop@11.0.2)
2983:             1             16  javax.swing.plaf.metal.OceanTheme$2 (java.desktop@11.0.2)
2984:             1             16  javax.swing.plaf.metal.OceanTheme$3 (java.desktop@11.0.2)
2985:             1             16  javax.swing.plaf.metal.OceanTheme$4 (java.desktop@11.0.2)
2986:             1             16  javax.swing.plaf.metal.OceanTheme$5 (java.desktop@11.0.2)
2987:             1             16  javax.swing.table.TableRowSorter$ComparableComparator (java.desktop@11.0.2)
2988:             1             16  javax.swing.text.DefaultEditorKit (java.desktop@11.0.2)
2989:             1             16  javax.swing.text.DefaultHighlighter$DefaultHighlightPainter (java.desktop@11.0.2)
2990:             1             16  javax.swing.text.GlyphPainter1 (java.desktop@11.0.2)
2991:             1             16  javax.swing.text.JTextComponent$1 (java.desktop@11.0.2)
2992:             1             16  javax.swing.text.SegmentCache (java.desktop@11.0.2)
2993:             1             16  javax.swing.text.SimpleAttributeSet$EmptyAttributeSet (java.desktop@11.0.2)
2994:             1             16  javax.swing.text.StyledEditorKit$StyledViewFactory (java.desktop@11.0.2)
2995:             1             16  javax.swing.text.html.CSSBorder$DoublePainter (java.desktop@11.0.2)
2996:             1             16  javax.swing.text.html.CSSBorder$SolidPainter (java.desktop@11.0.2)
2997:             1             16  javax.swing.text.html.HTMLEditorKit$HTMLFactory (java.desktop@11.0.2)
2998:             1             16  javax.swing.text.html.HTMLEditorKit$NavigateLinkAction$FocusHighlightPainter (java.desktop@11.0.2)
2999:             1             16  javax.swing.text.html.parser.ParserDelegator (java.desktop@11.0.2)
3000:             1             16  jdk.internal.jimage.ImageReaderFactory$1 (java.base@11.0.2)
3001:             1             16  jdk.internal.jimage.ImageStringsReader (java.base@11.0.2)
3002:             1             16  jdk.internal.jimage.decompressor.Decompressor (java.base@11.0.2)
3003:             1             16  jdk.internal.logger.LazyLoggers$1 (java.base@11.0.2)
3004:             1             16  jdk.internal.logger.LazyLoggers$LazyLoggerFactories (java.base@11.0.2)
3005:             1             16  jdk.internal.math.FloatingDecimal$1 (java.base@11.0.2)
3006:             1             16  jdk.internal.misc.TerminatingThreadLocal$1 (java.base@11.0.2)
3007:             1             16  jdk.internal.misc.Unsafe (java.base@11.0.2)
3008:             1             16  jdk.internal.module.ModulePatcher (java.base@11.0.2)
3009:             1             16  jdk.internal.module.ModuleTarget (java.base@11.0.2)
3010:             1             16  jdk.internal.perf.Perf (java.base@11.0.2)
3011:             1             16  jdk.internal.reflect.GeneratedConstructorAccessor1
3012:             1             16  jdk.internal.reflect.GeneratedConstructorAccessor10
3013:             1             16  jdk.internal.reflect.GeneratedConstructorAccessor11
3014:             1             16  jdk.internal.reflect.GeneratedConstructorAccessor12
3015:             1             16  jdk.internal.reflect.GeneratedConstructorAccessor13
3016:             1             16  jdk.internal.reflect.GeneratedConstructorAccessor14
3017:             1             16  jdk.internal.reflect.GeneratedConstructorAccessor2 (java.base@11.0.2)
3018:             1             16  jdk.internal.reflect.GeneratedConstructorAccessor3
3019:             1             16  jdk.internal.reflect.GeneratedConstructorAccessor4
3020:             1             16  jdk.internal.reflect.GeneratedConstructorAccessor5
3021:             1             16  jdk.internal.reflect.GeneratedConstructorAccessor6
3022:             1             16  jdk.internal.reflect.GeneratedConstructorAccessor7
3023:             1             16  jdk.internal.reflect.GeneratedConstructorAccessor8
3024:             1             16  jdk.internal.reflect.GeneratedConstructorAccessor9
3025:             1             16  jdk.internal.reflect.GeneratedMethodAccessor1 (java.base@11.0.2)
3026:             1             16  jdk.internal.reflect.GeneratedMethodAccessor10
3027:             1             16  jdk.internal.reflect.GeneratedMethodAccessor100
3028:             1             16  jdk.internal.reflect.GeneratedMethodAccessor101
3029:             1             16  jdk.internal.reflect.GeneratedMethodAccessor102
3030:             1             16  jdk.internal.reflect.GeneratedMethodAccessor103
3031:             1             16  jdk.internal.reflect.GeneratedMethodAccessor104
3032:             1             16  jdk.internal.reflect.GeneratedMethodAccessor105
3033:             1             16  jdk.internal.reflect.GeneratedMethodAccessor106
3034:             1             16  jdk.internal.reflect.GeneratedMethodAccessor107
3035:             1             16  jdk.internal.reflect.GeneratedMethodAccessor108
3036:             1             16  jdk.internal.reflect.GeneratedMethodAccessor109
3037:             1             16  jdk.internal.reflect.GeneratedMethodAccessor11
3038:             1             16  jdk.internal.reflect.GeneratedMethodAccessor110
3039:             1             16  jdk.internal.reflect.GeneratedMethodAccessor111
3040:             1             16  jdk.internal.reflect.GeneratedMethodAccessor112
3041:             1             16  jdk.internal.reflect.GeneratedMethodAccessor113
3042:             1             16  jdk.internal.reflect.GeneratedMethodAccessor114
3043:             1             16  jdk.internal.reflect.GeneratedMethodAccessor115
3044:             1             16  jdk.internal.reflect.GeneratedMethodAccessor116
3045:             1             16  jdk.internal.reflect.GeneratedMethodAccessor117
3046:             1             16  jdk.internal.reflect.GeneratedMethodAccessor118
3047:             1             16  jdk.internal.reflect.GeneratedMethodAccessor119
3048:             1             16  jdk.internal.reflect.GeneratedMethodAccessor12
3049:             1             16  jdk.internal.reflect.GeneratedMethodAccessor120
3050:             1             16  jdk.internal.reflect.GeneratedMethodAccessor121
3051:             1             16  jdk.internal.reflect.GeneratedMethodAccessor122
3052:             1             16  jdk.internal.reflect.GeneratedMethodAccessor123
3053:             1             16  jdk.internal.reflect.GeneratedMethodAccessor124
3054:             1             16  jdk.internal.reflect.GeneratedMethodAccessor125
3055:             1             16  jdk.internal.reflect.GeneratedMethodAccessor126
3056:             1             16  jdk.internal.reflect.GeneratedMethodAccessor127
3057:             1             16  jdk.internal.reflect.GeneratedMethodAccessor128
3058:             1             16  jdk.internal.reflect.GeneratedMethodAccessor129
3059:             1             16  jdk.internal.reflect.GeneratedMethodAccessor13
3060:             1             16  jdk.internal.reflect.GeneratedMethodAccessor130
3061:             1             16  jdk.internal.reflect.GeneratedMethodAccessor131
3062:             1             16  jdk.internal.reflect.GeneratedMethodAccessor132
3063:             1             16  jdk.internal.reflect.GeneratedMethodAccessor133
3064:             1             16  jdk.internal.reflect.GeneratedMethodAccessor134
3065:             1             16  jdk.internal.reflect.GeneratedMethodAccessor135
3066:             1             16  jdk.internal.reflect.GeneratedMethodAccessor136
3067:             1             16  jdk.internal.reflect.GeneratedMethodAccessor137
3068:             1             16  jdk.internal.reflect.GeneratedMethodAccessor138
3069:             1             16  jdk.internal.reflect.GeneratedMethodAccessor139
3070:             1             16  jdk.internal.reflect.GeneratedMethodAccessor14
3071:             1             16  jdk.internal.reflect.GeneratedMethodAccessor140 (java.base@11.0.2)
3072:             1             16  jdk.internal.reflect.GeneratedMethodAccessor141
3073:             1             16  jdk.internal.reflect.GeneratedMethodAccessor142
3074:             1             16  jdk.internal.reflect.GeneratedMethodAccessor15
3075:             1             16  jdk.internal.reflect.GeneratedMethodAccessor16
3076:             1             16  jdk.internal.reflect.GeneratedMethodAccessor17
3077:             1             16  jdk.internal.reflect.GeneratedMethodAccessor18
3078:             1             16  jdk.internal.reflect.GeneratedMethodAccessor19
3079:             1             16  jdk.internal.reflect.GeneratedMethodAccessor2 (java.base@11.0.2)
3080:             1             16  jdk.internal.reflect.GeneratedMethodAccessor20
3081:             1             16  jdk.internal.reflect.GeneratedMethodAccessor21
3082:             1             16  jdk.internal.reflect.GeneratedMethodAccessor22
3083:             1             16  jdk.internal.reflect.GeneratedMethodAccessor23
3084:             1             16  jdk.internal.reflect.GeneratedMethodAccessor24
3085:             1             16  jdk.internal.reflect.GeneratedMethodAccessor25
3086:             1             16  jdk.internal.reflect.GeneratedMethodAccessor26
3087:             1             16  jdk.internal.reflect.GeneratedMethodAccessor27
3088:             1             16  jdk.internal.reflect.GeneratedMethodAccessor28
3089:             1             16  jdk.internal.reflect.GeneratedMethodAccessor29
3090:             1             16  jdk.internal.reflect.GeneratedMethodAccessor3 (java.base@11.0.2)
3091:             1             16  jdk.internal.reflect.GeneratedMethodAccessor30 (java.base@11.0.2)
3092:             1             16  jdk.internal.reflect.GeneratedMethodAccessor31 (java.base@11.0.2)
3093:             1             16  jdk.internal.reflect.GeneratedMethodAccessor32
3094:             1             16  jdk.internal.reflect.GeneratedMethodAccessor33
3095:             1             16  jdk.internal.reflect.GeneratedMethodAccessor34
3096:             1             16  jdk.internal.reflect.GeneratedMethodAccessor35
3097:             1             16  jdk.internal.reflect.GeneratedMethodAccessor36
3098:             1             16  jdk.internal.reflect.GeneratedMethodAccessor37
3099:             1             16  jdk.internal.reflect.GeneratedMethodAccessor38
3100:             1             16  jdk.internal.reflect.GeneratedMethodAccessor39
3101:             1             16  jdk.internal.reflect.GeneratedMethodAccessor4 (java.base@11.0.2)
3102:             1             16  jdk.internal.reflect.GeneratedMethodAccessor40
3103:             1             16  jdk.internal.reflect.GeneratedMethodAccessor41
3104:             1             16  jdk.internal.reflect.GeneratedMethodAccessor42
3105:             1             16  jdk.internal.reflect.GeneratedMethodAccessor43 (java.base@11.0.2)
3106:             1             16  jdk.internal.reflect.GeneratedMethodAccessor44
3107:             1             16  jdk.internal.reflect.GeneratedMethodAccessor45
3108:             1             16  jdk.internal.reflect.GeneratedMethodAccessor46
3109:             1             16  jdk.internal.reflect.GeneratedMethodAccessor47
3110:             1             16  jdk.internal.reflect.GeneratedMethodAccessor48
3111:             1             16  jdk.internal.reflect.GeneratedMethodAccessor49
3112:             1             16  jdk.internal.reflect.GeneratedMethodAccessor5 (java.base@11.0.2)
3113:             1             16  jdk.internal.reflect.GeneratedMethodAccessor50
3114:             1             16  jdk.internal.reflect.GeneratedMethodAccessor51
3115:             1             16  jdk.internal.reflect.GeneratedMethodAccessor52
3116:             1             16  jdk.internal.reflect.GeneratedMethodAccessor53
3117:             1             16  jdk.internal.reflect.GeneratedMethodAccessor54
3118:             1             16  jdk.internal.reflect.GeneratedMethodAccessor55
3119:             1             16  jdk.internal.reflect.GeneratedMethodAccessor56
3120:             1             16  jdk.internal.reflect.GeneratedMethodAccessor57
3121:             1             16  jdk.internal.reflect.GeneratedMethodAccessor58
3122:             1             16  jdk.internal.reflect.GeneratedMethodAccessor59
3123:             1             16  jdk.internal.reflect.GeneratedMethodAccessor6 (java.base@11.0.2)
3124:             1             16  jdk.internal.reflect.GeneratedMethodAccessor60
3125:             1             16  jdk.internal.reflect.GeneratedMethodAccessor61
3126:             1             16  jdk.internal.reflect.GeneratedMethodAccessor62
3127:             1             16  jdk.internal.reflect.GeneratedMethodAccessor63
3128:             1             16  jdk.internal.reflect.GeneratedMethodAccessor64
3129:             1             16  jdk.internal.reflect.GeneratedMethodAccessor65
3130:             1             16  jdk.internal.reflect.GeneratedMethodAccessor66
3131:             1             16  jdk.internal.reflect.GeneratedMethodAccessor67
3132:             1             16  jdk.internal.reflect.GeneratedMethodAccessor68
3133:             1             16  jdk.internal.reflect.GeneratedMethodAccessor69
3134:             1             16  jdk.internal.reflect.GeneratedMethodAccessor7 (java.base@11.0.2)
3135:             1             16  jdk.internal.reflect.GeneratedMethodAccessor70
3136:             1             16  jdk.internal.reflect.GeneratedMethodAccessor71
3137:             1             16  jdk.internal.reflect.GeneratedMethodAccessor72
3138:             1             16  jdk.internal.reflect.GeneratedMethodAccessor73
3139:             1             16  jdk.internal.reflect.GeneratedMethodAccessor74
3140:             1             16  jdk.internal.reflect.GeneratedMethodAccessor75
3141:             1             16  jdk.internal.reflect.GeneratedMethodAccessor76
3142:             1             16  jdk.internal.reflect.GeneratedMethodAccessor77
3143:             1             16  jdk.internal.reflect.GeneratedMethodAccessor78
3144:             1             16  jdk.internal.reflect.GeneratedMethodAccessor79
3145:             1             16  jdk.internal.reflect.GeneratedMethodAccessor8 (java.base@11.0.2)
3146:             1             16  jdk.internal.reflect.GeneratedMethodAccessor80
3147:             1             16  jdk.internal.reflect.GeneratedMethodAccessor81
3148:             1             16  jdk.internal.reflect.GeneratedMethodAccessor82
3149:             1             16  jdk.internal.reflect.GeneratedMethodAccessor83
3150:             1             16  jdk.internal.reflect.GeneratedMethodAccessor84
3151:             1             16  jdk.internal.reflect.GeneratedMethodAccessor85
3152:             1             16  jdk.internal.reflect.GeneratedMethodAccessor86
3153:             1             16  jdk.internal.reflect.GeneratedMethodAccessor87
3154:             1             16  jdk.internal.reflect.GeneratedMethodAccessor88
3155:             1             16  jdk.internal.reflect.GeneratedMethodAccessor89
3156:             1             16  jdk.internal.reflect.GeneratedMethodAccessor9 (java.base@11.0.2)
3157:             1             16  jdk.internal.reflect.GeneratedMethodAccessor90
3158:             1             16  jdk.internal.reflect.GeneratedMethodAccessor91
3159:             1             16  jdk.internal.reflect.GeneratedMethodAccessor92
3160:             1             16  jdk.internal.reflect.GeneratedMethodAccessor93
3161:             1             16  jdk.internal.reflect.GeneratedMethodAccessor94
3162:             1             16  jdk.internal.reflect.GeneratedMethodAccessor95
3163:             1             16  jdk.internal.reflect.GeneratedMethodAccessor96
3164:             1             16  jdk.internal.reflect.GeneratedMethodAccessor97
3165:             1             16  jdk.internal.reflect.GeneratedMethodAccessor98
3166:             1             16  jdk.internal.reflect.GeneratedMethodAccessor99
3167:             1             16  jdk.internal.reflect.ReflectionFactory (java.base@11.0.2)
3168:             1             16  jdk.internal.util.Preconditions$1 (java.base@11.0.2)
3169:             1             16  jdk.net.ExtendedSocketOptions$1 (jdk.net@11.0.2)
3170:             1             16  jdk.net.LinuxSocketOptions (jdk.net@11.0.2)
3171:             1             16  jdk.net.LinuxSocketOptions$$Lambda$1/0x0000000100065840 (jdk.net@11.0.2)
3172:             1             16  org.apache.commons.math3.random.RandomDataImpl
3173:             1             16  sun.awt.AppContext$6 (java.desktop@11.0.2)
3174:             1             16  sun.awt.AppContext$GetAppContextLock (java.desktop@11.0.2)
3175:             1             16  sun.awt.DebugSettings (java.desktop@11.0.2)
3176:             1             16  sun.awt.NullComponentPeer (java.desktop@11.0.2)
3177:             1             16  sun.awt.OSInfo$1 (java.desktop@11.0.2)
3178:             1             16  sun.awt.SunToolkit$ModalityListenerList (java.desktop@11.0.2)
3179:             1             16  sun.awt.X11.XDataTransferer (java.desktop@11.0.2)
3180:             1             16  sun.awt.X11.XDropTargetContextPeer$XDropTargetProtocolListenerImpl (java.desktop@11.0.2)
3181:             1             16  sun.awt.X11.XDropTargetEventProcessor (java.desktop@11.0.2)
3182:             1             16  sun.awt.X11.XErrorHandler$IgnoreBadWindowHandler (java.desktop@11.0.2)
3183:             1             16  sun.awt.X11.XErrorHandler$VerifyChangePropertyHandler (java.desktop@11.0.2)
3184:             1             16  sun.awt.X11.XInputMethodDescriptor (java.desktop@11.0.2)
3185:             1             16  sun.awt.X11.XMSelection$1 (java.desktop@11.0.2)
3186:             1             16  sun.awt.X11.XSelection$IncrementalTransferHandler (java.desktop@11.0.2)
3187:             1             16  sun.awt.X11.XSelection$SelectionEventHandler (java.desktop@11.0.2)
3188:             1             16  sun.awt.X11.XToolkit$$Lambda$117/0x000000010015e840 (java.desktop@11.0.2)
3189:             1             16  sun.awt.X11.XToolkit$$Lambda$18/0x000000010011c840 (java.desktop@11.0.2)
3190:             1             16  sun.awt.X11.XToolkit$1 (java.desktop@11.0.2)
3191:             1             16  sun.awt.X11.XToolkit$2 (java.desktop@11.0.2)
3192:             1             16  sun.awt.X11.XToolkit$3 (java.desktop@11.0.2)
3193:             1             16  sun.awt.X11.XToolkitThreadBlockedHandler (java.desktop@11.0.2)
3194:             1             16  sun.awt.X11.XWM$1 (java.desktop@11.0.2)
3195:             1             16  sun.awt.datatransfer.DesktopDatatransferServiceImpl (java.desktop@11.0.2)
3196:             1             16  sun.awt.image.ImageWatched$Link (java.desktop@11.0.2)
3197:             1             16  sun.awt.image.PixelConverter (java.desktop@11.0.2)
3198:             1             16  sun.awt.image.PixelConverter$Argb (java.desktop@11.0.2)
3199:             1             16  sun.awt.image.PixelConverter$ArgbBm (java.desktop@11.0.2)
3200:             1             16  sun.awt.image.PixelConverter$ArgbPre (java.desktop@11.0.2)
3201:             1             16  sun.awt.image.PixelConverter$Bgrx (java.desktop@11.0.2)
3202:             1             16  sun.awt.image.PixelConverter$ByteGray (java.desktop@11.0.2)
3203:             1             16  sun.awt.image.PixelConverter$Rgba (java.desktop@11.0.2)
3204:             1             16  sun.awt.image.PixelConverter$RgbaPre (java.desktop@11.0.2)
3205:             1             16  sun.awt.image.PixelConverter$Rgbx (java.desktop@11.0.2)
3206:             1             16  sun.awt.image.PixelConverter$Ushort4444Argb (java.desktop@11.0.2)
3207:             1             16  sun.awt.image.PixelConverter$Ushort555Rgb (java.desktop@11.0.2)
3208:             1             16  sun.awt.image.PixelConverter$Ushort555Rgbx (java.desktop@11.0.2)
3209:             1             16  sun.awt.image.PixelConverter$Ushort565Rgb (java.desktop@11.0.2)
3210:             1             16  sun.awt.image.PixelConverter$UshortGray (java.desktop@11.0.2)
3211:             1             16  sun.awt.image.PixelConverter$Xbgr (java.desktop@11.0.2)
3212:             1             16  sun.awt.image.PixelConverter$Xrgb (java.desktop@11.0.2)
3213:             1             16  sun.awt.shell.ShellFolder$3 (java.desktop@11.0.2)
3214:             1             16  sun.awt.shell.ShellFolder$4 (java.desktop@11.0.2)
3215:             1             16  sun.awt.shell.ShellFolderManager (java.desktop@11.0.2)
3216:             1             16  sun.awt.shell.ShellFolderManager$DirectInvoker (java.desktop@11.0.2)
3217:             1             16  sun.datatransfer.DataFlavorUtil$CharsetComparator (java.datatransfer@11.0.2)
3218:             1             16  sun.datatransfer.DataFlavorUtil$DataFlavorComparator (java.datatransfer@11.0.2)
3219:             1             16  sun.datatransfer.DataFlavorUtil$IndexOrderComparator (java.datatransfer@11.0.2)
3220:             1             16  sun.font.FontConfigManager (java.desktop@11.0.2)
3221:             1             16  sun.font.SunFontManager$T1Filter (java.desktop@11.0.2)
3222:             1             16  sun.font.SunFontManager$TTFilter (java.desktop@11.0.2)
3223:             1             16  sun.java2d.Disposer (java.desktop@11.0.2)
3224:             1             16  sun.java2d.Disposer$$Lambda$16/0x000000010011f840 (java.desktop@11.0.2)
3225:             1             16  sun.java2d.StateTracker$1 (java.desktop@11.0.2)
3226:             1             16  sun.java2d.StateTracker$2 (java.desktop@11.0.2)
3227:             1             16  sun.java2d.SurfaceData$PixelToShapeLoopConverter (java.desktop@11.0.2)
3228:             1             16  sun.java2d.UnixSurfaceManagerFactory (java.desktop@11.0.2)
3229:             1             16  sun.java2d.loops.GraphicsPrimitiveMgr$1 (java.desktop@11.0.2)
3230:             1             16  sun.java2d.loops.GraphicsPrimitiveMgr$2 (java.desktop@11.0.2)
3231:             1             16  sun.java2d.loops.ProcessPath$1 (java.desktop@11.0.2)
3232:             1             16  sun.java2d.marlin.DMarlinRenderingEngine (java.desktop@11.0.2)
3233:             1             16  sun.java2d.pipe.AATextRenderer (java.desktop@11.0.2)
3234:             1             16  sun.java2d.pipe.AlphaColorPipe (java.desktop@11.0.2)
3235:             1             16  sun.java2d.pipe.AlphaPaintPipe (java.desktop@11.0.2)
3236:             1             16  sun.java2d.pipe.DrawImage (java.desktop@11.0.2)
3237:             1             16  sun.java2d.pipe.GeneralCompositePipe (java.desktop@11.0.2)
3238:             1             16  sun.java2d.pipe.LCDTextRenderer (java.desktop@11.0.2)
3239:             1             16  sun.java2d.pipe.LoopPipe (java.desktop@11.0.2)
3240:             1             16  sun.java2d.pipe.NullPipe (java.desktop@11.0.2)
3241:             1             16  sun.java2d.pipe.OutlineTextRenderer (java.desktop@11.0.2)
3242:             1             16  sun.java2d.pipe.SolidTextRenderer (java.desktop@11.0.2)
3243:             1             16  sun.java2d.pipe.ValidatePipe (java.desktop@11.0.2)
3244:             1             16  sun.java2d.x11.X11SurfaceData$LazyPipe (java.desktop@11.0.2)
3245:             1             16  sun.java2d.xr.XRBackendNative (java.desktop@11.0.2)
3246:             1             16  sun.java2d.xr.XRPaints$XRGradient (java.desktop@11.0.2)
3247:             1             16  sun.java2d.xr.XRPaints$XRLinearGradient (java.desktop@11.0.2)
3248:             1             16  sun.java2d.xr.XRPaints$XRRadialGradient (java.desktop@11.0.2)
3249:             1             16  sun.java2d.xr.XRPaints$XRTexture (java.desktop@11.0.2)
3250:             1             16  sun.net.DefaultProgressMeteringPolicy (java.base@11.0.2)
3251:             1             16  sun.net.spi.DefaultProxySelector (java.base@11.0.2)
3252:             1             16  sun.net.www.protocol.file.Handler (java.base@11.0.2)
3253:             1             16  sun.net.www.protocol.jar.Handler (java.base@11.0.2)
3254:             1             16  sun.net.www.protocol.jar.JarFileFactory (java.base@11.0.2)
3255:             1             16  sun.net.www.protocol.jrt.Handler (java.base@11.0.2)
3256:             1             16  sun.nio.ch.Util$1 (java.base@11.0.2)
3257:             1             16  sun.nio.cs.CharsetMapping$2 (java.base@11.0.2)
3258:             1             16  sun.nio.cs.CharsetMapping$3 (java.base@11.0.2)
3259:             1             16  sun.nio.cs.CharsetMapping$4 (java.base@11.0.2)
3260:             1             16  sun.nio.fs.NativeBuffers$1 (java.base@11.0.2)
3261:             1             16  sun.reflect.generics.tree.ArrayTypeSignature (java.base@11.0.2)
3262:             1             16  sun.security.jca.ProviderConfig$ProviderLoader (java.base@11.0.2)
3263:             1             16  sun.security.ssl.AbstractTrustManagerWrapper (java.base@11.0.2)
3264:             1             16  sun.security.ssl.AlpnExtension$AlpnStringizer (java.base@11.0.2)
3265:             1             16  sun.security.ssl.AlpnExtension$CHAlpnAbsence (java.base@11.0.2)
3266:             1             16  sun.security.ssl.AlpnExtension$CHAlpnConsumer (java.base@11.0.2)
3267:             1             16  sun.security.ssl.AlpnExtension$CHAlpnProducer (java.base@11.0.2)
3268:             1             16  sun.security.ssl.CertSignAlgsExtension$CHCertSignatureSchemesConsumer (java.base@11.0.2)
3269:             1             16  sun.security.ssl.CertSignAlgsExtension$CHCertSignatureSchemesProducer (java.base@11.0.2)
3270:             1             16  sun.security.ssl.CertSignAlgsExtension$CHCertSignatureSchemesUpdate (java.base@11.0.2)
3271:             1             16  sun.security.ssl.CertSignAlgsExtension$CRCertSignatureSchemesConsumer (java.base@11.0.2)
3272:             1             16  sun.security.ssl.CertSignAlgsExtension$CRCertSignatureSchemesProducer (java.base@11.0.2)
3273:             1             16  sun.security.ssl.CertSignAlgsExtension$CRCertSignatureSchemesUpdate (java.base@11.0.2)
3274:             1             16  sun.security.ssl.CertSignAlgsExtension$CertSignatureSchemesStringizer (java.base@11.0.2)
3275:             1             16  sun.security.ssl.CertStatusExtension$CHCertStatusReqConsumer (java.base@11.0.2)
3276:             1             16  sun.security.ssl.CertStatusExtension$CHCertStatusReqProducer (java.base@11.0.2)
3277:             1             16  sun.security.ssl.CertStatusExtension$CHCertStatusReqV2Consumer (java.base@11.0.2)
3278:             1             16  sun.security.ssl.CertStatusExtension$CHCertStatusReqV2Producer (java.base@11.0.2)
3279:             1             16  sun.security.ssl.CertStatusExtension$CTCertStatusResponseConsumer (java.base@11.0.2)
3280:             1             16  sun.security.ssl.CertStatusExtension$CTCertStatusResponseProducer (java.base@11.0.2)
3281:             1             16  sun.security.ssl.CertStatusExtension$CertStatusRequestSpec (java.base@11.0.2)
3282:             1             16  sun.security.ssl.CertStatusExtension$CertStatusRequestStringizer (java.base@11.0.2)
3283:             1             16  sun.security.ssl.CertStatusExtension$CertStatusRequestV2Spec (java.base@11.0.2)
3284:             1             16  sun.security.ssl.CertStatusExtension$CertStatusRequestsStringizer (java.base@11.0.2)
3285:             1             16  sun.security.ssl.CertStatusExtension$CertStatusRespStringizer (java.base@11.0.2)
3286:             1             16  sun.security.ssl.CertStatusExtension$SHCertStatusReqConsumer (java.base@11.0.2)
3287:             1             16  sun.security.ssl.CertStatusExtension$SHCertStatusReqProducer (java.base@11.0.2)
3288:             1             16  sun.security.ssl.CertStatusExtension$SHCertStatusReqV2Consumer (java.base@11.0.2)
3289:             1             16  sun.security.ssl.CertStatusExtension$SHCertStatusReqV2Producer (java.base@11.0.2)
3290:             1             16  sun.security.ssl.CertificateMessage$T12CertificateConsumer (java.base@11.0.2)
3291:             1             16  sun.security.ssl.CertificateMessage$T12CertificateProducer (java.base@11.0.2)
3292:             1             16  sun.security.ssl.CertificateMessage$T13CertificateConsumer (java.base@11.0.2)
3293:             1             16  sun.security.ssl.CertificateMessage$T13CertificateProducer (java.base@11.0.2)
3294:             1             16  sun.security.ssl.CertificateRequest$T10CertificateRequestConsumer (java.base@11.0.2)
3295:             1             16  sun.security.ssl.CertificateRequest$T10CertificateRequestProducer (java.base@11.0.2)
3296:             1             16  sun.security.ssl.CertificateRequest$T12CertificateRequestConsumer (java.base@11.0.2)
3297:             1             16  sun.security.ssl.CertificateRequest$T12CertificateRequestProducer (java.base@11.0.2)
3298:             1             16  sun.security.ssl.CertificateRequest$T13CertificateRequestConsumer (java.base@11.0.2)
3299:             1             16  sun.security.ssl.CertificateRequest$T13CertificateRequestProducer (java.base@11.0.2)
3300:             1             16  sun.security.ssl.CertificateStatus$CertificateStatusAbsence (java.base@11.0.2)
3301:             1             16  sun.security.ssl.CertificateStatus$CertificateStatusConsumer (java.base@11.0.2)
3302:             1             16  sun.security.ssl.CertificateStatus$CertificateStatusProducer (java.base@11.0.2)
3303:             1             16  sun.security.ssl.CertificateVerify$S30CertificateVerifyConsumer (java.base@11.0.2)
3304:             1             16  sun.security.ssl.CertificateVerify$S30CertificateVerifyProducer (java.base@11.0.2)
3305:             1             16  sun.security.ssl.CertificateVerify$T10CertificateVerifyConsumer (java.base@11.0.2)
3306:             1             16  sun.security.ssl.CertificateVerify$T10CertificateVerifyProducer (java.base@11.0.2)
3307:             1             16  sun.security.ssl.CertificateVerify$T12CertificateVerifyConsumer (java.base@11.0.2)
3308:             1             16  sun.security.ssl.CertificateVerify$T12CertificateVerifyProducer (java.base@11.0.2)
3309:             1             16  sun.security.ssl.CertificateVerify$T13CertificateVerifyConsumer (java.base@11.0.2)
3310:             1             16  sun.security.ssl.CertificateVerify$T13CertificateVerifyProducer (java.base@11.0.2)
3311:             1             16  sun.security.ssl.ChangeCipherSpec$T10ChangeCipherSpecConsumer (java.base@11.0.2)
3312:             1             16  sun.security.ssl.ChangeCipherSpec$T10ChangeCipherSpecProducer (java.base@11.0.2)
3313:             1             16  sun.security.ssl.ChangeCipherSpec$T13ChangeCipherSpecConsumer (java.base@11.0.2)
3314:             1             16  sun.security.ssl.ClientHello$ClientHelloConsumer (java.base@11.0.2)
3315:             1             16  sun.security.ssl.ClientHello$ClientHelloKickstartProducer (java.base@11.0.2)
3316:             1             16  sun.security.ssl.ClientHello$ClientHelloProducer (java.base@11.0.2)
3317:             1             16  sun.security.ssl.ClientHello$D12ClientHelloConsumer (java.base@11.0.2)
3318:             1             16  sun.security.ssl.ClientHello$D13ClientHelloConsumer (java.base@11.0.2)
3319:             1             16  sun.security.ssl.ClientHello$T12ClientHelloConsumer (java.base@11.0.2)
3320:             1             16  sun.security.ssl.ClientHello$T13ClientHelloConsumer (java.base@11.0.2)
3321:             1             16  sun.security.ssl.ClientKeyExchange$ClientKeyExchangeConsumer (java.base@11.0.2)
3322:             1             16  sun.security.ssl.ClientKeyExchange$ClientKeyExchangeProducer (java.base@11.0.2)
3323:             1             16  sun.security.ssl.CookieExtension$CHCookieConsumer (java.base@11.0.2)
3324:             1             16  sun.security.ssl.CookieExtension$CHCookieProducer (java.base@11.0.2)
3325:             1             16  sun.security.ssl.CookieExtension$CHCookieUpdate (java.base@11.0.2)
3326:             1             16  sun.security.ssl.CookieExtension$CookieStringizer (java.base@11.0.2)
3327:             1             16  sun.security.ssl.CookieExtension$HRRCookieConsumer (java.base@11.0.2)
3328:             1             16  sun.security.ssl.CookieExtension$HRRCookieProducer (java.base@11.0.2)
3329:             1             16  sun.security.ssl.CookieExtension$HRRCookieReproducer (java.base@11.0.2)
3330:             1             16  sun.security.ssl.DummyX509KeyManager (java.base@11.0.2)
3331:             1             16  sun.security.ssl.ECDHClientKeyExchange$ECDHClientKeyExchangeConsumer (java.base@11.0.2)
3332:             1             16  sun.security.ssl.ECDHClientKeyExchange$ECDHClientKeyExchangeProducer (java.base@11.0.2)
3333:             1             16  sun.security.ssl.ECDHClientKeyExchange$ECDHEClientKeyExchangeConsumer (java.base@11.0.2)
3334:             1             16  sun.security.ssl.ECDHClientKeyExchange$ECDHEClientKeyExchangeProducer (java.base@11.0.2)
3335:             1             16  sun.security.ssl.ECDHKeyExchange$ECDHEKAGenerator (java.base@11.0.2)
3336:             1             16  sun.security.ssl.ECDHKeyExchange$ECDHEPossessionGenerator (java.base@11.0.2)
3337:             1             16  sun.security.ssl.ECDHKeyExchange$ECDHKAGenerator (java.base@11.0.2)
3338:             1             16  sun.security.ssl.ECDHServerKeyExchange$ECDHServerKeyExchangeConsumer (java.base@11.0.2)
3339:             1             16  sun.security.ssl.ECDHServerKeyExchange$ECDHServerKeyExchangeProducer (java.base@11.0.2)
3340:             1             16  sun.security.ssl.ECPointFormatsExtension$CHECPointFormatsConsumer (java.base@11.0.2)
3341:             1             16  sun.security.ssl.ECPointFormatsExtension$CHECPointFormatsProducer (java.base@11.0.2)
3342:             1             16  sun.security.ssl.ECPointFormatsExtension$ECPointFormatsSpec (java.base@11.0.2)
3343:             1             16  sun.security.ssl.ECPointFormatsExtension$ECPointFormatsStringizer (java.base@11.0.2)
3344:             1             16  sun.security.ssl.ECPointFormatsExtension$SHECPointFormatsConsumer (java.base@11.0.2)
3345:             1             16  sun.security.ssl.EncryptedExtensions$EncryptedExtensionsConsumer (java.base@11.0.2)
3346:             1             16  sun.security.ssl.EncryptedExtensions$EncryptedExtensionsProducer (java.base@11.0.2)
3347:             1             16  sun.security.ssl.EphemeralKeyManager (java.base@11.0.2)
3348:             1             16  sun.security.ssl.ExtendedMasterSecretExtension$CHExtendedMasterSecretAbsence (java.base@11.0.2)
3349:             1             16  sun.security.ssl.ExtendedMasterSecretExtension$CHExtendedMasterSecretConsumer (java.base@11.0.2)
3350:             1             16  sun.security.ssl.ExtendedMasterSecretExtension$CHExtendedMasterSecretProducer (java.base@11.0.2)
3351:             1             16  sun.security.ssl.ExtendedMasterSecretExtension$ExtendedMasterSecretSpec (java.base@11.0.2)
3352:             1             16  sun.security.ssl.ExtendedMasterSecretExtension$ExtendedMasterSecretStringizer (java.base@11.0.2)
3353:             1             16  sun.security.ssl.ExtendedMasterSecretExtension$SHExtendedMasterSecretAbsence (java.base@11.0.2)
3354:             1             16  sun.security.ssl.ExtendedMasterSecretExtension$SHExtendedMasterSecretConsumer (java.base@11.0.2)
3355:             1             16  sun.security.ssl.ExtendedMasterSecretExtension$SHExtendedMasterSecretProducer (java.base@11.0.2)
3356:             1             16  sun.security.ssl.Finished$S30VerifyDataGenerator (java.base@11.0.2)
3357:             1             16  sun.security.ssl.Finished$T10VerifyDataGenerator (java.base@11.0.2)
3358:             1             16  sun.security.ssl.Finished$T12FinishedConsumer (java.base@11.0.2)
3359:             1             16  sun.security.ssl.Finished$T12FinishedProducer (java.base@11.0.2)
3360:             1             16  sun.security.ssl.Finished$T12VerifyDataGenerator (java.base@11.0.2)
3361:             1             16  sun.security.ssl.Finished$T13FinishedConsumer (java.base@11.0.2)
3362:             1             16  sun.security.ssl.Finished$T13FinishedProducer (java.base@11.0.2)
3363:             1             16  sun.security.ssl.Finished$T13VerifyDataGenerator (java.base@11.0.2)
3364:             1             16  sun.security.ssl.HandshakeHash$CacheOnlyHash (java.base@11.0.2)
3365:             1             16  sun.security.ssl.HelloRequest$HelloRequestConsumer (java.base@11.0.2)
3366:             1             16  sun.security.ssl.HelloRequest$HelloRequestKickstartProducer (java.base@11.0.2)
3367:             1             16  sun.security.ssl.HelloRequest$HelloRequestProducer (java.base@11.0.2)
3368:             1             16  sun.security.ssl.HelloVerifyRequest$HelloVerifyRequestConsumer (java.base@11.0.2)
3369:             1             16  sun.security.ssl.HelloVerifyRequest$HelloVerifyRequestProducer (java.base@11.0.2)
3370:             1             16  sun.security.ssl.KeyShareExtension$CHKeyShareConsumer (java.base@11.0.2)
3371:             1             16  sun.security.ssl.KeyShareExtension$CHKeyShareProducer (java.base@11.0.2)
3372:             1             16  sun.security.ssl.KeyShareExtension$CHKeyShareStringizer (java.base@11.0.2)
3373:             1             16  sun.security.ssl.KeyShareExtension$HRRKeyShareConsumer (java.base@11.0.2)
3374:             1             16  sun.security.ssl.KeyShareExtension$HRRKeyShareProducer (java.base@11.0.2)
3375:             1             16  sun.security.ssl.KeyShareExtension$HRRKeyShareReproducer (java.base@11.0.2)
3376:             1             16  sun.security.ssl.KeyShareExtension$HRRKeyShareStringizer (java.base@11.0.2)
3377:             1             16  sun.security.ssl.KeyShareExtension$SHKeyShareAbsence (java.base@11.0.2)
3378:             1             16  sun.security.ssl.KeyShareExtension$SHKeyShareConsumer (java.base@11.0.2)
3379:             1             16  sun.security.ssl.KeyShareExtension$SHKeyShareProducer (java.base@11.0.2)
3380:             1             16  sun.security.ssl.KeyShareExtension$SHKeyShareStringizer (java.base@11.0.2)
3381:             1             16  sun.security.ssl.KeyUpdate$KeyUpdateConsumer (java.base@11.0.2)
3382:             1             16  sun.security.ssl.KeyUpdate$KeyUpdateKickstartProducer (java.base@11.0.2)
3383:             1             16  sun.security.ssl.KeyUpdate$KeyUpdateProducer (java.base@11.0.2)
3384:             1             16  sun.security.ssl.MaxFragExtension$CHMaxFragmentLengthConsumer (java.base@11.0.2)
3385:             1             16  sun.security.ssl.MaxFragExtension$CHMaxFragmentLengthProducer (java.base@11.0.2)
3386:             1             16  sun.security.ssl.MaxFragExtension$EEMaxFragmentLengthConsumer (java.base@11.0.2)
3387:             1             16  sun.security.ssl.MaxFragExtension$EEMaxFragmentLengthProducer (java.base@11.0.2)
3388:             1             16  sun.security.ssl.MaxFragExtension$EEMaxFragmentLengthUpdate (java.base@11.0.2)
3389:             1             16  sun.security.ssl.MaxFragExtension$MaxFragLenStringizer (java.base@11.0.2)
3390:             1             16  sun.security.ssl.MaxFragExtension$SHMaxFragmentLengthConsumer (java.base@11.0.2)
3391:             1             16  sun.security.ssl.MaxFragExtension$SHMaxFragmentLengthProducer (java.base@11.0.2)
3392:             1             16  sun.security.ssl.MaxFragExtension$SHMaxFragmentLengthUpdate (java.base@11.0.2)
3393:             1             16  sun.security.ssl.NewSessionTicket$NewSessionTicketConsumer (java.base@11.0.2)
3394:             1             16  sun.security.ssl.NewSessionTicket$NewSessionTicketKickstartProducer (java.base@11.0.2)
3395:             1             16  sun.security.ssl.NewSessionTicket$NewSessionTicketProducer (java.base@11.0.2)
3396:             1             16  sun.security.ssl.PreSharedKeyExtension$CHPreSharedKeyAbsence (java.base@11.0.2)
3397:             1             16  sun.security.ssl.PreSharedKeyExtension$CHPreSharedKeyConsumer (java.base@11.0.2)
3398:             1             16  sun.security.ssl.PreSharedKeyExtension$CHPreSharedKeyProducer (java.base@11.0.2)
3399:             1             16  sun.security.ssl.PreSharedKeyExtension$CHPreSharedKeyStringizer (java.base@11.0.2)
3400:             1             16  sun.security.ssl.PreSharedKeyExtension$CHPreSharedKeyUpdate (java.base@11.0.2)
3401:             1             16  sun.security.ssl.PreSharedKeyExtension$SHPreSharedKeyAbsence (java.base@11.0.2)
3402:             1             16  sun.security.ssl.PreSharedKeyExtension$SHPreSharedKeyConsumer (java.base@11.0.2)
3403:             1             16  sun.security.ssl.PreSharedKeyExtension$SHPreSharedKeyProducer (java.base@11.0.2)
3404:             1             16  sun.security.ssl.PreSharedKeyExtension$SHPreSharedKeyStringizer (java.base@11.0.2)
3405:             1             16  sun.security.ssl.PskKeyExchangeModesExtension$PskKeyExchangeModesConsumer (java.base@11.0.2)
3406:             1             16  sun.security.ssl.PskKeyExchangeModesExtension$PskKeyExchangeModesOnLoadAbsence (java.base@11.0.2)
3407:             1             16  sun.security.ssl.PskKeyExchangeModesExtension$PskKeyExchangeModesOnTradeAbsence (java.base@11.0.2)
3408:             1             16  sun.security.ssl.PskKeyExchangeModesExtension$PskKeyExchangeModesProducer (java.base@11.0.2)
3409:             1             16  sun.security.ssl.PskKeyExchangeModesExtension$PskKeyExchangeModesStringizer (java.base@11.0.2)
3410:             1             16  sun.security.ssl.RSAKeyExchange$EphemeralRSAPossessionGenerator (java.base@11.0.2)
3411:             1             16  sun.security.ssl.RSAKeyExchange$RSAKAGenerator (java.base@11.0.2)
3412:             1             16  sun.security.ssl.RandomCookie (java.base@11.0.2)
3413:             1             16  sun.security.ssl.RenegoInfoExtension$CHRenegotiationInfoAbsence (java.base@11.0.2)
3414:             1             16  sun.security.ssl.RenegoInfoExtension$CHRenegotiationInfoConsumer (java.base@11.0.2)
3415:             1             16  sun.security.ssl.RenegoInfoExtension$CHRenegotiationInfoProducer (java.base@11.0.2)
3416:             1             16  sun.security.ssl.RenegoInfoExtension$RenegotiationInfoSpec (java.base@11.0.2)
3417:             1             16  sun.security.ssl.RenegoInfoExtension$RenegotiationInfoStringizer (java.base@11.0.2)
3418:             1             16  sun.security.ssl.RenegoInfoExtension$SHRenegotiationInfoAbsence (java.base@11.0.2)
3419:             1             16  sun.security.ssl.RenegoInfoExtension$SHRenegotiationInfoConsumer (java.base@11.0.2)
3420:             1             16  sun.security.ssl.RenegoInfoExtension$SHRenegotiationInfoProducer (java.base@11.0.2)
3421:             1             16  sun.security.ssl.SSLSocketFactoryImpl (java.base@11.0.2)
3422:             1             16  sun.security.ssl.SSLTrafficKeyDerivation$S30TrafficKeyDerivationGenerator (java.base@11.0.2)
3423:             1             16  sun.security.ssl.SSLTrafficKeyDerivation$T10TrafficKeyDerivationGenerator (java.base@11.0.2)
3424:             1             16  sun.security.ssl.SSLTrafficKeyDerivation$T12TrafficKeyDerivationGenerator (java.base@11.0.2)
3425:             1             16  sun.security.ssl.SSLTrafficKeyDerivation$T13TrafficKeyDerivationGenerator (java.base@11.0.2)
3426:             1             16  sun.security.ssl.ServerHello$ServerHelloConsumer (java.base@11.0.2)
3427:             1             16  sun.security.ssl.ServerHello$T12ServerHelloProducer (java.base@11.0.2)
3428:             1             16  sun.security.ssl.ServerHello$T13HelloRetryRequestProducer (java.base@11.0.2)
3429:             1             16  sun.security.ssl.ServerHello$T13HelloRetryRequestReproducer (java.base@11.0.2)
3430:             1             16  sun.security.ssl.ServerHello$T13ServerHelloProducer (java.base@11.0.2)
3431:             1             16  sun.security.ssl.ServerHelloDone$ServerHelloDoneConsumer (java.base@11.0.2)
3432:             1             16  sun.security.ssl.ServerHelloDone$ServerHelloDoneProducer (java.base@11.0.2)
3433:             1             16  sun.security.ssl.ServerKeyExchange$ServerKeyExchangeConsumer (java.base@11.0.2)
3434:             1             16  sun.security.ssl.ServerKeyExchange$ServerKeyExchangeProducer (java.base@11.0.2)
3435:             1             16  sun.security.ssl.ServerNameExtension$CHServerNameConsumer (java.base@11.0.2)
3436:             1             16  sun.security.ssl.ServerNameExtension$CHServerNameProducer (java.base@11.0.2)
3437:             1             16  sun.security.ssl.ServerNameExtension$CHServerNamesStringizer (java.base@11.0.2)
3438:             1             16  sun.security.ssl.ServerNameExtension$EEServerNameConsumer (java.base@11.0.2)
3439:             1             16  sun.security.ssl.ServerNameExtension$EEServerNameProducer (java.base@11.0.2)
3440:             1             16  sun.security.ssl.ServerNameExtension$SHServerNameConsumer (java.base@11.0.2)
3441:             1             16  sun.security.ssl.ServerNameExtension$SHServerNameProducer (java.base@11.0.2)
3442:             1             16  sun.security.ssl.ServerNameExtension$SHServerNamesStringizer (java.base@11.0.2)
3443:             1             16  sun.security.ssl.SignatureAlgorithmsExtension$CHSignatureSchemesConsumer (java.base@11.0.2)
3444:             1             16  sun.security.ssl.SignatureAlgorithmsExtension$CHSignatureSchemesOnLoadAbsence (java.base@11.0.2)
3445:             1             16  sun.security.ssl.SignatureAlgorithmsExtension$CHSignatureSchemesOnTradeAbsence (java.base@11.0.2)
3446:             1             16  sun.security.ssl.SignatureAlgorithmsExtension$CHSignatureSchemesProducer (java.base@11.0.2)
3447:             1             16  sun.security.ssl.SignatureAlgorithmsExtension$CHSignatureSchemesUpdate (java.base@11.0.2)
3448:             1             16  sun.security.ssl.SignatureAlgorithmsExtension$CRSignatureSchemesAbsence (java.base@11.0.2)
3449:             1             16  sun.security.ssl.SignatureAlgorithmsExtension$CRSignatureSchemesConsumer (java.base@11.0.2)
3450:             1             16  sun.security.ssl.SignatureAlgorithmsExtension$CRSignatureSchemesProducer (java.base@11.0.2)
3451:             1             16  sun.security.ssl.SignatureAlgorithmsExtension$CRSignatureSchemesUpdate (java.base@11.0.2)
3452:             1             16  sun.security.ssl.SignatureAlgorithmsExtension$SignatureSchemesStringizer (java.base@11.0.2)
3453:             1             16  sun.security.ssl.SupportedGroupsExtension$CHSupportedGroupsConsumer (java.base@11.0.2)
3454:             1             16  sun.security.ssl.SupportedGroupsExtension$CHSupportedGroupsProducer (java.base@11.0.2)
3455:             1             16  sun.security.ssl.SupportedGroupsExtension$EESupportedGroupsConsumer (java.base@11.0.2)
3456:             1             16  sun.security.ssl.SupportedGroupsExtension$EESupportedGroupsProducer (java.base@11.0.2)
3457:             1             16  sun.security.ssl.SupportedGroupsExtension$SupportedGroupsStringizer (java.base@11.0.2)
3458:             1             16  sun.security.ssl.SupportedVersionsExtension$CHSupportedVersionsConsumer (java.base@11.0.2)
3459:             1             16  sun.security.ssl.SupportedVersionsExtension$CHSupportedVersionsProducer (java.base@11.0.2)
3460:             1             16  sun.security.ssl.SupportedVersionsExtension$CHSupportedVersionsStringizer (java.base@11.0.2)
3461:             1             16  sun.security.ssl.SupportedVersionsExtension$HRRSupportedVersionsConsumer (java.base@11.0.2)
3462:             1             16  sun.security.ssl.SupportedVersionsExtension$HRRSupportedVersionsProducer (java.base@11.0.2)
3463:             1             16  sun.security.ssl.SupportedVersionsExtension$HRRSupportedVersionsReproducer (java.base@11.0.2)
3464:             1             16  sun.security.ssl.SupportedVersionsExtension$SHSupportedVersionsConsumer (java.base@11.0.2)
3465:             1             16  sun.security.ssl.SupportedVersionsExtension$SHSupportedVersionsProducer (java.base@11.0.2)
3466:             1             16  sun.security.util.AlgorithmDecomposer (java.base@11.0.2)
3467:             1             16  sun.security.util.ByteArrayLexOrder (java.base@11.0.2)
3468:             1             16  sun.security.util.ByteArrayTagOrder (java.base@11.0.2)
3469:             1             16  sun.swing.FilePane$3 (java.desktop@11.0.2)
3470:             1             16  sun.text.SupplementaryCharacterData (java.base@11.0.2)
3471:             1             16  sun.text.normalizer.Norm2AllModes$DecomposeNormalizer2 (java.base@11.0.2)
3472:             1             16  sun.text.normalizer.Norm2AllModes$NoopNormalizer2 (java.base@11.0.2)
3473:             1             16  sun.text.normalizer.NormalizerBase$NFCMode (java.base@11.0.2)
3474:             1             16  sun.text.normalizer.NormalizerBase$NFDMode (java.base@11.0.2)
3475:             1             16  sun.text.normalizer.NormalizerBase$NFKCMode (java.base@11.0.2)
3476:             1             16  sun.text.normalizer.NormalizerBase$NFKDMode (java.base@11.0.2)
3477:             1             16  sun.text.normalizer.NormalizerBase$NONEMode (java.base@11.0.2)
3478:             1             16  sun.text.normalizer.NormalizerImpl$IsAcceptable (java.base@11.0.2)
3479:             1             16  sun.text.normalizer.Trie2$1 (java.base@11.0.2)
3480:             1             16  sun.text.normalizer.VersionInfo (java.base@11.0.2)
3481:             1             16  sun.util.calendar.Gregorian (java.base@11.0.2)
3482:             1             16  sun.util.calendar.JulianCalendar (java.base@11.0.2)
3483:             1             16  sun.util.cldr.CLDRBaseLocaleDataMetaInfo (java.base@11.0.2)
3484:             1             16  sun.util.locale.InternalLocaleBuilder$CaseInsensitiveChar (java.base@11.0.2)
3485:             1             16  sun.util.locale.provider.CalendarDataUtility$CalendarWeekParameterGetter (java.base@11.0.2)
3486:             1             16  sun.util.locale.provider.TimeZoneNameUtility$TimeZoneNameGetter (java.base@11.0.2)
3487:             1             16  sun.util.logging.internal.LoggingProviderImpl (java.logging@11.0.2)
3488:             1             16  sun.util.resources.LocaleData$LocaleDataStrategy (java.base@11.0.2)
3489:             1             16  sun.util.resources.cldr.provider.CLDRLocaleDataMetaInfo (jdk.localedata@11.0.2)
Total        561415       30594016

