--> bolts-out0.arff
MISSING-/tmp/bolts.arff-0
MISSING-/tmp/bolts.arff-1
MISSING-/tmp/bolts.arff-2
MISSING-/tmp/bolts.arff-3
MISSING-/tmp/bolts.arff-4
MISSING-/tmp/bolts.arff-5
MISSING-/tmp/bolts.arff-6
MISSING-/tmp/bolts.arff-7
MISSING-/tmp/bolts.arff-8
MISSING-/tmp/bolts.arff-9
MISSING-/tmp/bolts.arff-10
MISSING-/tmp/bolts.arff-11
MISSING-/tmp/bolts.arff-12
MISSING-/tmp/bolts.arff-13
MISSING-/tmp/bolts.arff-14
MISSING-/tmp/bolts.arff-15
MISSING-/tmp/bolts.arff-16
MISSING-/tmp/bolts.arff-17
MISSING-/tmp/bolts.arff-18
MISSING-/tmp/bolts.arff-19
MISSING-/tmp/bolts.arff-20
MISSING-/tmp/bolts.arff-21
MISSING-/tmp/bolts.arff-22
MISSING-/tmp/bolts.arff-23
MISSING-/tmp/bolts.arff-24
MISSING-/tmp/bolts.arff-25
MISSING-/tmp/bolts.arff-26
MISSING-/tmp/bolts.arff-27
MISSING-/tmp/bolts.arff-28
MISSING-/tmp/bolts.arff-29
MISSING-/tmp/bolts.arff-30
MISSING-/tmp/bolts.arff-31
MISSING-/tmp/bolts.arff-32
MISSING-/tmp/bolts.arff-33
MISSING-/tmp/bolts.arff-34
MISSING-/tmp/bolts.arff-35
MISSING-/tmp/bolts.arff-36
MISSING-/tmp/bolts.arff-37
MISSING-/tmp/bolts.arff-38
MISSING-/tmp/bolts.arff-39

