--> adams.flow.template.FileProcessingWithProgressBar-out0.txt
adams.flow.control.Trigger
	-name
	process
	-tee
		adams.flow.standalone.CallableActors
			-actor
				adams.flow.sink.ProgressBar
					-name
					Progress
					-short-title
					true
					-display-type
						adams.flow.core.displaytype.Default
					-writer
						adams.gui.print.NullWriter
					-max
					@{max}
	-tee
		adams.flow.standalone.SetVariable
			-var-name
			count
			-var-value
			0
	-tee
		adams.flow.source.FileSystemSearch
			-output-array
			true
			-search
				adams.flow.source.filesystemsearch.LocalFileSearch
	-tee
		adams.flow.control.Tee
			-name
			# files
			-tee
				adams.flow.transformer.ArrayLength
			-tee
				adams.flow.transformer.SetVariable
					-var-name
					max
	-tee
		adams.flow.control.Tee
			-name
			iterate
			-tee
				adams.flow.transformer.ArrayToSequence
			-tee
				adams.flow.control.Tee
					-name
					progress
					-tee
						adams.flow.transformer.IncVariable
							-var-name
							count
							-output-variable-value
							true
					-tee
						adams.flow.sink.CallableSink
							-callable
							Progress
			-tee
				adams.flow.transformer.PassThrough
					-name
					do something with file
	-tee
		adams.flow.control.CloseCallableDisplay
			-callable
			Progress


