--> dumpfile1.txt
good
good
good
good
good
good
good
good
good
good
good
good
bad
good
good
good
good
bad
bad
good
good
bad
good
good
good
bad
good
good
good
bad
good
bad
bad
bad
bad
bad
bad
bad
bad
good
bad
bad
bad
bad
bad
bad
good
good
good
good
good
good
good
good
good
good
good

--> dumpfile2.txt
1.0
2.0
?
3.0
3.0
2.0
3.0
3.0
2.0
1.0
3.0
2.0
2.0
3.0
1.0
2.0
1.0
1.0
1.0
2.0
2.0
2.0
3.0
2.0
1.0
3.0
2.0
2.0
2.0
3.0
3.0
3.0
2.0
2.0
3.0
2.0
1.0
1.0
3.0
2.0
1.0
2.0
2.0
2.0
2.0
2.0
2.0
2.0
2.0
2.0
2.0
3.0
3.0
3.0
3.0
3.0
3.0

