--> dumpfile.txt
Header=@relation iris-weka.filters.unsupervised.attribute.Remove-Rlast

@attribute sepallength numeric
@attribute sepalwidth numeric
@attribute petallength numeric
@attribute petalwidth numeric

@data
, Model=Model type: moa.clusterers.CobWeb
model training instances = 150
model serialized size (bytes) = 0.0
Model description:
CobWeb - Number of merges: 0
Number of splits: 0
Number of clusters: 3

node 0 [150]
|   leaf 1 [93]
node 0 [150]
|   leaf 2 [57]


