--> dumpfile.txt
6.0
Greater than 5!
9.0
Greater than 5!
8.0
Greater than 5!
4.0
Less than 5!
5.0
Exactly 5!
5.0
Exactly 5!
5.0
Exactly 5!
7.0
Greater than 5!
9.0
Greater than 5!
9.0
Greater than 5!
10.0
Greater than 5!
4.0
Less than 5!
8.0
Greater than 5!
4.0
Less than 5!
3.0
Less than 5!
5.0
Exactly 5!
3.0
Less than 5!
3.0
Less than 5!
7.0
Greater than 5!
10.0
Greater than 5!

