--> black_rectangle-out0.txt
Image:
img[black_rectangle.png (420x300x1x1x1)]


--> red_rectangle-out1.txt
Image:
img[red_rectangle.png (420x300x1x1x1)]


--> white_rectangle-out2.txt
Image:
img[white_rectangle.png (420x300x1x1x1)]


--> yellow_plate-out3.txt
Image:
img[yellow_plate.jpg (702x308x1x1x1)]


