--> dumpfile.txt
=== Summary ===

Correctly Classified Instances         419               96.3218 %
Incorrectly Classified Instances        16                3.6782 %
Kappa statistic                          0.9224
Mean absolute error                      0.0611
Root mean squared error                  0.1748
Relative absolute error                 12.887  %
Root relative squared error             35.9085 %
Total Number of Instances              435     


