--> dumpfile.txt
Height=4000.0
Height\tDataType=N
Object.0026.height=135.0
Object.0026.height\tDataType=N
Object.0026.width=136.75
Object.0026.width\tDataType=N
Object.0026.x=327.25
Object.0026.x\tDataType=N
Object.0026.y=287.75
Object.0026.y\tDataType=N
Object.0027.height=177.75
Object.0027.height\tDataType=N
Object.0027.width=202.5
Object.0027.width\tDataType=N
Object.0027.x=373.25
Object.0027.x\tDataType=N
Object.0027.y=342.0
Object.0027.y\tDataType=N
Object.0028.height=222.5
Object.0028.height\tDataType=N
Object.0028.width=317.75
Object.0028.width\tDataType=N
Object.0028.x=1154.5
Object.0028.x\tDataType=N
Object.0028.y=133.0
Object.0028.y\tDataType=N
Object.0030.height=245.25
Object.0030.height\tDataType=N
Object.0030.width=271.5
Object.0030.width\tDataType=N
Object.0030.x=830.5
Object.0030.x\tDataType=N
Object.0030.y=468.75
Object.0030.y\tDataType=N
Object.0031.height=241.0
Object.0031.height\tDataType=N
Object.0031.width=504.75
Object.0031.width\tDataType=N
Object.0031.x=25.75
Object.0031.x\tDataType=N
Object.0031.y=522.75
Object.0031.y\tDataType=N
Object.0032.height=174.0
Object.0032.height\tDataType=N
Object.0032.width=445.5
Object.0032.width\tDataType=N
Object.0032.x=554.75
Object.0032.x\tDataType=N
Object.0032.y=809.25
Object.0032.y\tDataType=N
Object.0033.height=177.0
Object.0033.height\tDataType=N
Object.0033.width=544.25
Object.0033.width\tDataType=N
Object.0033.x=923.75
Object.0033.x\tDataType=N
Object.0033.y=521.25
Object.0033.y\tDataType=N
Object.0034.height=209.0
Object.0034.height\tDataType=N
Object.0034.width=168.0
Object.0034.width\tDataType=N
Object.0034.x=214.75
Object.0034.x\tDataType=N
Object.0034.y=18.25
Object.0034.y\tDataType=N
Object.0035.height=248.5
Object.0035.height\tDataType=N
Object.0035.width=267.0
Object.0035.width\tDataType=N
Object.0035.x=567.0
Object.0035.x\tDataType=N
Object.0035.y=250.0
Object.0035.y\tDataType=N
Parent\ ID=-1
Parent\ ID\tDataType=U
Width=6000.0
Width\tDataType=N

