--> dumpfile.txt
{"stopFlowOnError":false,"actors":[{"stopFlowOnError":false,"silent":false,"useOuterWindow":false,"values":[],"annotations":"","outputType":"MAP","skip":false,"customStopMessage":"","message":"Please enter values","nonInteractive":false,"restorationEnabled":false,"parentComponentActor":"unknown","restorationFile":"${CWD}","name":"EnterManyValues","class":"adams.flow.source.EnterManyValues","loggingLevel":"WARNING","stopFlowIfCanceled":true},{"stopFlowOnError":false,"silent":false,"variablePrefix":"","name":"MapToVariables","annotations":"","skip":false,"class":"adams.flow.transformer.MapToVariables","loggingLevel":"WARNING","regExp":".*"}],"silent":false,"finishBeforeStopping":false,"asynchronous":false,"name":"prompt user","annotations":"","skip":false,"class":"adams.flow.control.Trigger","loggingLevel":"WARNING"}

